Component: ARM Compiler 5.06 update 7 (build 960) Tool: armlink [4d3601]

==============================================================================

Section Cross References

    startup_stm32f103xe.o(RESET) refers to startup_stm32f103xe.o(STACK) for __initial_sp
    startup_stm32f103xe.o(RESET) refers to startup_stm32f103xe.o(.text) for Reset_Handler
    startup_stm32f103xe.o(RESET) refers to stm32f1xx_it.o(i.NMI_Handler) for NMI_Handler
    startup_stm32f103xe.o(RESET) refers to context_rvds.o(.text) for HardFault_Handler
    startup_stm32f103xe.o(RESET) refers to stm32f1xx_it.o(i.MemManage_Handler) for MemManage_Handler
    startup_stm32f103xe.o(RESET) refers to stm32f1xx_it.o(i.BusFault_Handler) for BusFault_Handler
    startup_stm32f103xe.o(RESET) refers to stm32f1xx_it.o(i.UsageFault_Handler) for UsageFault_Handler
    startup_stm32f103xe.o(RESET) refers to stm32f1xx_it.o(i.SVC_Handler) for SVC_Handler
    startup_stm32f103xe.o(RESET) refers to stm32f1xx_it.o(i.DebugMon_Handler) for DebugMon_Handler
    startup_stm32f103xe.o(RESET) refers to stm32f1xx_it.o(i.SysTick_Handler) for SysTick_Handler
    startup_stm32f103xe.o(RESET) refers to stm32f1xx_it.o(i.EXTI2_IRQHandler) for EXTI2_IRQHandler
    startup_stm32f103xe.o(RESET) refers to stm32f1xx_it.o(i.SPI1_IRQHandler) for SPI1_IRQHandler
    startup_stm32f103xe.o(RESET) refers to stm32f1xx_it.o(i.USART1_IRQHandler) for USART1_IRQHandler
    startup_stm32f103xe.o(RESET) refers to stm32f1xx_it.o(i.TIM6_IRQHandler) for TIM6_IRQHandler
    startup_stm32f103xe.o(.text) refers to system_stm32f1xx.o(i.SystemInit) for SystemInit
    startup_stm32f103xe.o(.text) refers to entry.o(.ARM.Collect$$$$00000000) for __main
    main.o(i.HAL_TIM_PeriodElapsedCallback) refers to stm32f1xx_hal.o(i.HAL_IncTick) for HAL_IncTick
    main.o(i.SystemClock_Config) refers to memseta.o(.text) for __aeabi_memclr4
    main.o(i.SystemClock_Config) refers to stm32f1xx_hal_rcc.o(i.HAL_RCC_OscConfig) for HAL_RCC_OscConfig
    main.o(i.SystemClock_Config) refers to stm32f1xx_hal_rcc.o(i.HAL_RCC_ClockConfig) for HAL_RCC_ClockConfig
    main.o(i.main) refers to stm32f1xx_hal.o(i.HAL_Init) for HAL_Init
    main.o(i.main) refers to main.o(i.SystemClock_Config) for SystemClock_Config
    main.o(i.main) refers to gpio.o(i.MX_GPIO_Init) for MX_GPIO_Init
    main.o(i.main) refers to spi.o(i.MX_SPI1_Init) for MX_SPI1_Init
    main.o(i.main) refers to usart.o(i.MX_USART1_UART_Init) for MX_USART1_UART_Init
    main.o(i.main) refers to bsp_lora.o(i.LoRa_Init) for LoRa_Init
    main.o(i.main) refers to thread.o(i.rt_thread_mdelay) for rt_thread_mdelay
    gpio.o(i.MX_GPIO_Init) refers to stm32f1xx_hal_gpio.o(i.HAL_GPIO_WritePin) for HAL_GPIO_WritePin
    gpio.o(i.MX_GPIO_Init) refers to stm32f1xx_hal_gpio.o(i.HAL_GPIO_Init) for HAL_GPIO_Init
    gpio.o(i.MX_GPIO_Init) refers to stm32f1xx_hal_cortex.o(i.HAL_NVIC_SetPriority) for HAL_NVIC_SetPriority
    gpio.o(i.MX_GPIO_Init) refers to stm32f1xx_hal_cortex.o(i.HAL_NVIC_EnableIRQ) for HAL_NVIC_EnableIRQ
    spi.o(i.HAL_SPI_MspDeInit) refers to stm32f1xx_hal_gpio.o(i.HAL_GPIO_DeInit) for HAL_GPIO_DeInit
    spi.o(i.HAL_SPI_MspDeInit) refers to stm32f1xx_hal_cortex.o(i.HAL_NVIC_DisableIRQ) for HAL_NVIC_DisableIRQ
    spi.o(i.HAL_SPI_MspInit) refers to stm32f1xx_hal_gpio.o(i.HAL_GPIO_Init) for HAL_GPIO_Init
    spi.o(i.HAL_SPI_MspInit) refers to stm32f1xx_hal_cortex.o(i.HAL_NVIC_SetPriority) for HAL_NVIC_SetPriority
    spi.o(i.HAL_SPI_MspInit) refers to stm32f1xx_hal_cortex.o(i.HAL_NVIC_EnableIRQ) for HAL_NVIC_EnableIRQ
    spi.o(i.MX_SPI1_Init) refers to stm32f1xx_hal_spi.o(i.HAL_SPI_Init) for HAL_SPI_Init
    spi.o(i.MX_SPI1_Init) refers to main.o(i.Error_Handler) for Error_Handler
    spi.o(i.MX_SPI1_Init) refers to spi.o(.bss) for .bss
    usart.o(i.HAL_UART_MspDeInit) refers to stm32f1xx_hal_gpio.o(i.HAL_GPIO_DeInit) for HAL_GPIO_DeInit
    usart.o(i.HAL_UART_MspDeInit) refers to stm32f1xx_hal_cortex.o(i.HAL_NVIC_DisableIRQ) for HAL_NVIC_DisableIRQ
    usart.o(i.HAL_UART_MspInit) refers to stm32f1xx_hal_gpio.o(i.HAL_GPIO_Init) for HAL_GPIO_Init
    usart.o(i.HAL_UART_MspInit) refers to stm32f1xx_hal_cortex.o(i.HAL_NVIC_SetPriority) for HAL_NVIC_SetPriority
    usart.o(i.HAL_UART_MspInit) refers to stm32f1xx_hal_cortex.o(i.HAL_NVIC_EnableIRQ) for HAL_NVIC_EnableIRQ
    usart.o(i.MX_USART1_UART_Init) refers to stm32f1xx_hal_uart.o(i.HAL_UART_Init) for HAL_UART_Init
    usart.o(i.MX_USART1_UART_Init) refers to main.o(i.Error_Handler) for Error_Handler
    usart.o(i.MX_USART1_UART_Init) refers to usart.o(.bss) for .bss
    stm32f1xx_it.o(i.EXTI2_IRQHandler) refers to stm32f1xx_hal_gpio.o(i.HAL_GPIO_EXTI_IRQHandler) for HAL_GPIO_EXTI_IRQHandler
    stm32f1xx_it.o(i.SPI1_IRQHandler) refers to stm32f1xx_hal_spi.o(i.HAL_SPI_IRQHandler) for HAL_SPI_IRQHandler
    stm32f1xx_it.o(i.SPI1_IRQHandler) refers to spi.o(.bss) for hspi1
    stm32f1xx_it.o(i.SysTick_Handler) refers to irq.o(i.rt_interrupt_enter) for rt_interrupt_enter
[...]
    DMA1_Channel2_IRQHandler                 0x08000163   Thumb Code     0  startup_stm32f103xe.o(.text)
    DMA1_Channel3_IRQHandler                 0x08000163   Thumb Code     0  startup_stm32f103xe.o(.text)
    DMA1_Channel4_IRQHandler                 0x08000163   Thumb Code     0  startup_stm32f103xe.o(.text)
    DMA1_Channel5_IRQHandler                 0x08000163   Thumb Code     0  startup_stm32f103xe.o(.text)
    DMA1_Channel6_IRQHandler                 0x08000163   Thumb Code     0  startup_stm32f103xe.o(.text)
    DMA1_Channel7_IRQHandler                 0x08000163   Thumb Code     0  startup_stm32f103xe.o(.text)
    DMA2_Channel1_IRQHandler                 0x08000163   Thumb Code     0  startup_stm32f103xe.o(.text)
    DMA2_Channel2_IRQHandler                 0x08000163   Thumb Code     0  startup_stm32f103xe.o(.text)
    DMA2_Channel3_IRQHandler                 0x08000163   Thumb Code     0  startup_stm32f103xe.o(.text)
    DMA2_Channel4_5_IRQHandler               0x08000163   Thumb Code     0  startup_stm32f103xe.o(.text)
    EXTI0_IRQHandler                         0x08000163   Thumb Code     0  startup_stm32f103xe.o(.text)
    EXTI15_10_IRQHandler                     0x08000163   Thumb Code     0  startup_stm32f103xe.o(.text)
    EXTI1_IRQHandler                         0x08000163   Thumb Code     0  startup_stm32f103xe.o(.text)
    EXTI3_IRQHandler                         0x08000163   Thumb Code     0  startup_stm32f103xe.o(.text)
    EXTI4_IRQHandler                         0x08000163   Thumb Code     0  startup_stm32f103xe.o(.text)
    EXTI9_5_IRQHandler                       0x08000163   Thumb Code     0  startup_stm32f103xe.o(.text)
    FLASH_IRQHandler                         0x08000163   Thumb Code     0  startup_stm32f103xe.o(.text)
    FSMC_IRQHandler                          0x08000163   Thumb Code     0  startup_stm32f103xe.o(.text)
    I2C1_ER_IRQHandler                       0x08000163   Thumb Code     0  startup_stm32f103xe.o(.text)
    I2C1_EV_IRQHandler                       0x08000163   Thumb Code     0  startup_stm32f103xe.o(.text)
    I2C2_ER_IRQHandler                       0x08000163   Thumb Code     0  startup_stm32f103xe.o(.text)
    I2C2_EV_IRQHandler                       0x08000163   Thumb Code     0  startup_stm32f103xe.o(.text)
    PVD_IRQHandler                           0x08000163   Thumb Code     0  startup_stm32f103xe.o(.text)
    RCC_IRQHandler                           0x08000163   Thumb Code     0  startup_stm32f103xe.o(.text)
    RTC_Alarm_IRQHandler                     0x08000163   Thumb Code     0  startup_stm32f103xe.o(.text)
    RTC_IRQHandler                           0x08000163   Thumb Code     0  startup_stm32f103xe.o(.text)
    SDIO_IRQHandler                          0x08000163   Thumb Code     0  startup_stm32f103xe.o(.text)
    SPI2_IRQHandler                          0x08000163   Thumb Code     0  startup_stm32f103xe.o(.text)
    SPI3_IRQHandler                          0x08000163   Thumb Code     0  startup_stm32f103xe.o(.text)
    TAMPER_IRQHandler                        0x08000163   Thumb Code     0  startup_stm32f103xe.o(.text)
    TIM1_BRK_IRQHandler                      0x08000163   Thumb Code     0  startup_stm32f103xe.o(.text)
    TIM1_CC_IRQHandler                       0x08000163   Thumb Code     0  startup_stm32f103xe.o(.text)
    TIM1_TRG_COM_IRQHandler                  0x08000163   Thumb Code     0  startup_stm32f103xe.o(.text)
    TIM1_UP_IRQHandler                       0x08000163   Thumb Code     0  startup_stm32f103xe.o(.text)
    TIM2_IRQHandler                          0x08000163   Thumb Code     0  startup_stm32f103xe.o(.text)
    TIM3_IRQHandler                          0x08000163   Thumb Code     0  startup_stm32f103xe.o(.text)
    TIM4_IRQHandler                          0x08000163   Thumb Code     0  startup_stm32f103xe.o(.text)
    TIM5_IRQHandler                          0x08000163   Thumb Code     0  startup_stm32f103xe.o(.text)
    TIM7_IRQHandler                          0x08000163   Thumb Code     0  startup_stm32f103xe.o(.text)
    TIM8_BRK_IRQHandler                      0x08000163   Thumb Code     0  startup_stm32f103xe.o(.text)
    TIM8_CC_IRQHandler                       0x08000163   Thumb Code     0  startup_stm32f103xe.o(.text)
    TIM8_TRG_COM_IRQHandler                  0x08000163   Thumb Code     0  startup_stm32f103xe.o(.text)
    TIM8_UP_IRQHandler                       0x08000163   Thumb Code     0  startup_stm32f103xe.o(.text)
    UART4_IRQHandler                         0x08000163   Thumb Code     0  startup_stm32f103xe.o(.text)
    UART5_IRQHandler                         0x08000163   Thumb Code     0  startup_stm32f103xe.o(.text)
    USART2_IRQHandler                        0x08000163   Thumb Code     0  startup_stm32f103xe.o(.text)
    USART3_IRQHandler                        0x08000163   Thumb Code     0  startup_stm32f103xe.o(.text)
    USBWakeUp_IRQHandler                     0x08000163   Thumb Code     0  startup_stm32f103xe.o(.text)
    USB_HP_CAN1_TX_IRQHandler                0x08000163   Thumb Code     0  startup_stm32f103xe.o(.text)
    USB_LP_CAN1_RX0_IRQHandler               0x08000163   Thumb Code     0  startup_stm32f103xe.o(.text)
    WWDG_IRQHandler                          0x08000163   Thumb Code     0  startup_stm32f103xe.o(.text)
    rt_hw_interrupt_disable                  0x0800016d   Thumb Code     8  context_rvds.o(.text)
    rt_hw_interrupt_enable                   0x08000175   Thumb Code     6  context_rvds.o(.text)
    rt_hw_context_switch                     0x0800017b   Thumb Code    32  context_rvds.o(.text)
    rt_hw_context_switch_interrupt           0x0800017b   Thumb Code     0  context_rvds.o(.text)
    PendSV_Handler                           0x0800019b   Thumb Code    60  context_rvds.o(.text)
    rt_hw_context_switch_to                  0x080001d7   Thumb Code    56  context_rvds.o(.text)
    rt_hw_interrupt_thread_switch            0x0800020f   Thumb Code     2  context_rvds.o(.text)
    HardFault_Handler                        0x08000211   Thumb Code    52  context_rvds.o(.text)
    __aeabi_uldivmod                         0x08000261   Thumb Code    98  uldiv.o(.text)
    __aeabi_llsr                             0x080002c3   Thumb Code    32  llushr.o(.text)
    _ll_ushift_r                             0x080002c3   Thumb Code     0  llushr.o(.text)
    __aeabi_memcpy                           0x080002e3   Thumb Code    36  memcpya.o(.text)
    __aeabi_memcpy4                          0x080002e3   Thumb Code     0  memcpya.o(.text)
    __aeabi_memcpy8                          0x080002e3   Thumb Code     0  memcpya.o(.text)
    __aeabi_memset                           0x08000307   Thumb Code    14  memseta.o(.text)
    __aeabi_memset4                          0x08000307   Thumb Code     0  memseta.o(.text)
    __aeabi_memset8                          0x08000307   Thumb Code     0  memseta.o(.text)
    __aeabi_memclr                           0x08000315   Thumb Code     4  memseta.o(.text)
    __aeabi_memclr4                          0x08000315   Thumb Code     0  memseta.o(.text)
    __aeabi_memclr8                          0x08000315   Thumb Code     0  memseta.o(.text)
    _memset$wrapper                          0x08000319   Thumb Code    18  memseta.o(.text)
    strcat                                   0x0800032b   Thumb Code    24  strcat.o(.text)
    strncpy                                  0x08000343   Thumb Code    24  strncpy.o(.text)
    strlen                                   0x0800035b   Thumb Code    14  strlen.o(.text)
    strcmp                                   0x08000369   Thumb Code    28  strcmp.o(.text)
    strcpy                                   0x08000385   Thumb Code    18  strcpy.o(.text)
    strncmp                                  0x08000397   Thumb Code    30  strncmp.o(.text)
    __aeabi_fadd                             0x080003b5   Thumb Code   164  fadd.o(.text)
    __aeabi_fsub                             0x08000459   Thumb Code     6  fadd.o(.text)
    __aeabi_frsub                            0x0800045f   Thumb Code     6  fadd.o(.text)
    __aeabi_fmul                             0x08000465   Thumb Code   100  fmul.o(.text)
    __aeabi_fdiv                             0x080004c9   Thumb Code   124  fdiv.o(.text)
    __ARM_scalbnf                            0x08000545   Thumb Code    24  fscalb.o(.text)
    scalbnf                                  0x08000545   Thumb Code     0  fscalb.o(.text)
    __aeabi_i2f                              0x0800055d   Thumb Code    18  fflti.o(.text)
    __aeabi_f2iz                             0x0800056f   Thumb Code    50  ffixi.o(.text)
    __aeabi_cfcmpeq                          0x080005a1   Thumb Code     0  cfcmple.o(.text)
    __aeabi_cfcmple                          0x080005a1   Thumb Code    20  cfcmple.o(.text)
    __aeabi_cfrcmple                         0x080005b5   Thumb Code    20  cfrcmple.o(.text)
    __aeabi_llsl                             0x080005c9   Thumb Code    30  llshl.o(.text)
    _ll_shift_l                              0x080005c9   Thumb Code     0  llshl.o(.text)
    __I$use$fp                               0x080005e7   Thumb Code     0  iusefp.o(.text)
    _float_round                             0x080005e7   Thumb Code    18  fepilogue.o(.text)
    _float_epilogue                          0x080005f9   Thumb Code    92  fepilogue.o(.text)
    _frnd                                    0x08000655   Thumb Code    60  frnd.o(.text)
    _ffix_r                                  0x08000691   Thumb Code    76  ffixir.o(.text)
    __ARM_fcmp4                              0x080006dd   Thumb Code    54  fcmp4.o(.text)
    _fcmp4                                   0x080006dd   Thumb Code     0  fcmp4.o(.text)
    __fp_status                              0x08000713   Thumb Code     4  fpstat.o(.text)
    __ieee_status                            0x08000713   Thumb Code     0  fpstat.o(.text)
    __scatterload                            0x08000719   Thumb Code    28  init.o(.text)
    __scatterload_rt2                        0x08000719   Thumb Code     0  init.o(.text)
    __I$use$semihosting$fputc                0x0800073d   Thumb Code     0  iusesemip.o(.text)
    __decompress                             0x0800073d   Thumb Code     0  __dczerorl2.o(.text)
    __decompress1                            0x0800073d   Thumb Code    86  __dczerorl2.o(.text)
    __semihosting_library_function           0x0800073d   Thumb Code     0  semi.o(.text)
    main                                     0x08000793   Thumb Code    10  components.o(i.$Sub$$main)
    BusFault_Handler                         0x0800079d   Thumb Code     2  stm32f1xx_it.o(i.BusFault_Handler)
    DebugMon_Handler                         0x0800079f   Thumb Code     2  stm32f1xx_it.o(i.DebugMon_Handler)
    EXTI2_IRQHandler                         0x080007a1   Thumb Code     6  stm32f1xx_it.o(i.EXTI2_IRQHandler)
    Error_Handler                            0x080007a7   Thumb Code     4  main.o(i.Error_Handler)
    HAL_DMA_Abort                            0x080007ab   Thumb Code    70  stm32f1xx_hal_dma.o(i.HAL_DMA_Abort)
    HAL_DMA_Abort_IT                         0x080007f1   Thumb Code   296  stm32f1xx_hal_dma.o(i.HAL_DMA_Abort_IT)
    HAL_GPIO_EXTI_Callback                   0x08000921   Thumb Code     2  stm32f1xx_hal_gpio.o(i.HAL_GPIO_EXTI_Callback)
    HAL_GPIO_EXTI_IRQHandler                 0x08000925   Thumb Code    18  stm32f1xx_hal_gpio.o(i.HAL_GPIO_EXTI_IRQHandler)
    HAL_GPIO_Init                            0x0800093d   Thumb Code   462  stm32f1xx_hal_gpio.o(i.HAL_GPIO_Init)
    HAL_GPIO_TogglePin                       0x08000b35   Thumb Code    16  stm32f1xx_hal_gpio.o(i.HAL_GPIO_TogglePin)
    HAL_GPIO_WritePin                        0x08000b45   Thumb Code    10  stm32f1xx_hal_gpio.o(i.HAL_GPIO_WritePin)
    HAL_GetTick                              0x08000b51   Thumb Code     6  stm32f1xx_hal.o(i.HAL_GetTick)
    HAL_IncTick                              0x08000b5d   Thumb Code    12  stm32f1xx_hal.o(i.HAL_IncTick)
    HAL_Init                                 0x08000b6d   Thumb Code    32  stm32f1xx_hal.o(i.HAL_Init)
    HAL_InitTick                             0x08000b91   Thumb Code   100  stm32f1xx_hal_timebase_tim.o(i.HAL_InitTick)
    HAL_MspInit                              0x08000c05   Thumb Code    52  stm32f1xx_hal_msp.o(i.HAL_MspInit)
    HAL_NVIC_EnableIRQ                       0x08000c41   Thumb Code    26  stm32f1xx_hal_cortex.o(i.HAL_NVIC_EnableIRQ)
    HAL_NVIC_SetPriority                     0x08000c5d   Thumb Code    60  stm32f1xx_hal_cortex.o(i.HAL_NVIC_SetPriority)
    HAL_NVIC_SetPriorityGrouping             0x08000c9d   Thumb Code    26  stm32f1xx_hal_cortex.o(i.HAL_NVIC_SetPriorityGrouping)
    HAL_RCC_ClockConfig                      0x08000cc1   Thumb Code   280  stm32f1xx_hal_rcc.o(i.HAL_RCC_ClockConfig)
    HAL_RCC_GetClockConfig                   0x08000ded   Thumb Code    54  stm32f1xx_hal_rcc.o(i.HAL_RCC_GetClockConfig)
    HAL_RCC_GetPCLK1Freq                     0x08000e2d   Thumb Code    20  stm32f1xx_hal_rcc.o(i.HAL_RCC_GetPCLK1Freq)
    HAL_RCC_GetPCLK2Freq                     0x08000e4d   Thumb Code    20  stm32f1xx_hal_rcc.o(i.HAL_RCC_GetPCLK2Freq)
    HAL_RCC_GetSysClockFreq                  0x08000e6d   Thumb Code    58  stm32f1xx_hal_rcc.o(i.HAL_RCC_GetSysClockFreq)
    HAL_RCC_OscConfig                        0x08000eb9   Thumb Code   778  stm32f1xx_hal_rcc.o(i.HAL_RCC_OscConfig)
    HAL_SPI_ErrorCallback                    0x080011d9   Thumb Code     2  stm32f1xx_hal_spi.o(i.HAL_SPI_ErrorCallback)
    HAL_SPI_GetState                         0x080011db   Thumb Code     6  stm32f1xx_hal_spi.o(i.HAL_SPI_GetState)
    HAL_SPI_IRQHandler                       0x080011e1   Thumb Code   220  stm32f1xx_hal_spi.o(i.HAL_SPI_IRQHandler)
    HAL_SPI_Init                             0x080012c1   Thumb Code   178  stm32f1xx_hal_spi.o(i.HAL_SPI_Init)
    HAL_SPI_MspInit                          0x08001375   Thumb Code   114  spi.o(i.HAL_SPI_MspInit)
    HAL_SPI_Transmit                         0x080013f5   Thumb Code   358  stm32f1xx_hal_spi.o(i.HAL_SPI_Transmit)
    HAL_SPI_TransmitReceive                  0x0800155b   Thumb Code   496  stm32f1xx_hal_spi.o(i.HAL_SPI_TransmitReceive)
    HAL_TIMEx_BreakCallback                  0x0800174b   Thumb Code     2  stm32f1xx_hal_tim_ex.o(i.HAL_TIMEx_BreakCallback)
    HAL_TIMEx_CommutCallback                 0x0800174d   Thumb Code     2  stm32f1xx_hal_tim_ex.o(i.HAL_TIMEx_CommutCallback)
    HAL_TIM_Base_Init                        0x0800174f   Thumb Code    90  stm32f1xx_hal_tim.o(i.HAL_TIM_Base_Init)
    HAL_TIM_Base_MspInit                     0x080017a9   Thumb Code     2  stm32f1xx_hal_tim.o(i.HAL_TIM_Base_MspInit)
    HAL_TIM_Base_Start_IT                    0x080017ad   Thumb Code    88  stm32f1xx_hal_tim.o(i.HAL_TIM_Base_Start_IT)
    HAL_TIM_IC_CaptureCallback               0x08001819   Thumb Code     2  stm32f1xx_hal_tim.o(i.HAL_TIM_IC_CaptureCallback)
    HAL_TIM_IRQHandler                       0x0800181b   Thumb Code   304  stm32f1xx_hal_tim.o(i.HAL_TIM_IRQHandler)
    HAL_TIM_OC_DelayElapsedCallback          0x0800194b   Thumb Code     2  stm32f1xx_hal_tim.o(i.HAL_TIM_OC_DelayElapsedCallback)
    HAL_TIM_PWM_PulseFinishedCallback        0x0800194d   Thumb Code     2  stm32f1xx_hal_tim.o(i.HAL_TIM_PWM_PulseFinishedCallback)
    HAL_TIM_PeriodElapsedCallback            0x08001951   Thumb Code    14  main.o(i.HAL_TIM_PeriodElapsedCallback)
    HAL_TIM_TriggerCallback                  0x08001965   Thumb Code     2  stm32f1xx_hal_tim.o(i.HAL_TIM_TriggerCallback)
    HAL_UARTEx_RxEventCallback               0x08001967   Thumb Code     2  stm32f1xx_hal_uart.o(i.HAL_UARTEx_RxEventCallback)
    HAL_UART_ErrorCallback                   0x08001969   Thumb Code     2  stm32f1xx_hal_uart.o(i.HAL_UART_ErrorCallback)
    HAL_UART_IRQHandler                      0x0800196d   Thumb Code   616  stm32f1xx_hal_uart.o(i.HAL_UART_IRQHandler)
    HAL_UART_Init                            0x08001bd9   Thumb Code   100  stm32f1xx_hal_uart.o(i.HAL_UART_Init)
    HAL_UART_MspInit                         0x08001c3d   Thumb Code   116  usart.o(i.HAL_UART_MspInit)
    HAL_UART_RxCpltCallback                  0x08001cbd   Thumb Code     2  stm32f1xx_hal_uart.o(i.HAL_UART_RxCpltCallback)
    HAL_UART_Transmit                        0x08001cbf   Thumb Code   160  stm32f1xx_hal_uart.o(i.HAL_UART_Transmit)
    HAL_UART_TxCpltCallback                  0x08001d5f   Thumb Code     2  stm32f1xx_hal_uart.o(i.HAL_UART_TxCpltCallback)
    LoRa_Init                                0x08001d61   Thumb Code   118  bsp_lora.o(i.LoRa_Init)
    MX_GPIO_Init                             0x08001e5d   Thumb Code   224  gpio.o(i.MX_GPIO_Init)
    MX_SPI1_Init                             0x08001f51   Thumb Code    62  spi.o(i.MX_SPI1_Init)
    MX_USART1_UART_Init                      0x08001f99   Thumb Code    48  usart.o(i.MX_USART1_UART_Init)
    MemManage_Handler                        0x08001fd1   Thumb Code     2  stm32f1xx_it.o(i.MemManage_Handler)
    NMI_Handler                              0x08001fd3   Thumb Code     2  stm32f1xx_it.o(i.NMI_Handler)
    SPI1_IRQHandler                          0x08001fd5   Thumb Code     6  stm32f1xx_it.o(i.SPI1_IRQHandler)
    SVC_Handler                              0x080020dd   Thumb Code     2  stm32f1xx_it.o(i.SVC_Handler)
    SX1278_SPIBurstWrite                     0x080020df   Thumb Code    70  sx1278.o(i.SX1278_SPIBurstWrite)
    SX1278_SPIRead                           0x08002125   Thumb Code    30  sx1278.o(i.SX1278_SPIRead)
    SX1278_SPIWrite                          0x08002143   Thumb Code    46  sx1278.o(i.SX1278_SPIWrite)
    SX1278_config                            0x08002171   Thumb Code   320  sx1278.o(i.SX1278_config)
    SX1278_entryLoRa                         0x080022b9   Thumb Code     8  sx1278.o(i.SX1278_entryLoRa)
    SX1278_hw_DelayMs                        0x080022c1   Thumb Code     4  sx1278_hw.o(i.SX1278_hw_DelayMs)
    SX1278_hw_SPICommand                     0x080022c5   Thumb Code    36  sx1278_hw.o(i.SX1278_hw_SPICommand)
    SX1278_hw_SPIReadByte                    0x080022e9   Thumb Code    56  sx1278_hw.o(i.SX1278_hw_SPIReadByte)
    SX1278_hw_SetNSS                         0x08002321   Thumb Code    20  sx1278_hw.o(i.SX1278_hw_SetNSS)
    SX1278_hw_init                           0x08002335   Thumb Code    26  sx1278_hw.o(i.SX1278_hw_init)
    SX1278_init                              0x0800234f   Thumb Code    58  sx1278.o(i.SX1278_init)
    SX1278_sleep                             0x08002389   Thumb Code    18  sx1278.o(i.SX1278_sleep)
    SX1278_standby                           0x0800239b   Thumb Code    18  sx1278.o(i.SX1278_standby)
    SysTick_Handler                          0x080023ad   Thumb Code    18  stm32f1xx_it.o(i.SysTick_Handler)
    SystemClock_Config                       0x080023bf   Thumb Code    94  main.o(i.SystemClock_Config)
    SystemCoreClockUpdate                    0x0800241d   Thumb Code    82  system_stm32f1xx.o(i.SystemCoreClockUpdate)
    SystemInit                               0x08002485   Thumb Code     2  system_stm32f1xx.o(i.SystemInit)
    TIM6_IRQHandler                          0x08002489   Thumb Code     6  stm32f1xx_it.o(i.TIM6_IRQHandler)
    TIM_Base_SetConfig                       0x08002495   Thumb Code   134  stm32f1xx_hal_tim.o(i.TIM_Base_SetConfig)
    USART1_IRQHandler                        0x0800277d   Thumb Code     6  stm32f1xx_it.o(i.USART1_IRQHandler)
    UsageFault_Handler                       0x08002789   Thumb Code     2  stm32f1xx_it.o(i.UsageFault_Handler)
    __0printf$bare                           0x0800278d   Thumb Code     8  printfb.o(i.__0printf$bare)
    __1printf$bare                           0x0800278d   Thumb Code     0  printfb.o(i.__0printf$bare)
    __2printf                                0x0800278d   Thumb Code     0  printfb.o(i.__0printf$bare)
    __ARM_fpclassifyf                        0x0800279d   Thumb Code    38  fpclassifyf.o(i.__ARM_fpclassifyf)
    __mathlib_flt_divzero                    0x080027e3   Thumb Code    10  funder.o(i.__mathlib_flt_divzero)
    __mathlib_flt_infnan                     0x080027ed   Thumb Code     6  funder.o(i.__mathlib_flt_infnan)
    __mathlib_flt_infnan2                    0x080027f3   Thumb Code     4  funder.o(i.__mathlib_flt_infnan2)
    __mathlib_flt_invalid                    0x080027f7   Thumb Code     8  funder.o(i.__mathlib_flt_invalid)
    __mathlib_flt_overflow                   0x080027ff   Thumb Code    10  funder.o(i.__mathlib_flt_overflow)
    __mathlib_flt_underflow                  0x08002809   Thumb Code    10  funder.o(i.__mathlib_flt_underflow)
    __rt_ffs                                 0x08002815   Thumb Code    62  kservice.o(i.__rt_ffs)
    __scatterload_copy                       0x08002859   Thumb Code    14  handlers.o(i.__scatterload_copy)
    __scatterload_null                       0x08002867   Thumb Code     2  handlers.o(i.__scatterload_null)
    __scatterload_zeroinit                   0x08002869   Thumb Code    14  handlers.o(i.__scatterload_zeroinit)
    __set_errno                              0x08002879   Thumb Code     6  errno.o(i.__set_errno)
    and                                      0x08002a03   Thumb Code    50  fuzzypid.o(i.and)
    cmd_free                                 0x08002b1d   Thumb Code    10  msh.o(i.cmd_free)
    cmd_ps                                   0x08002b27   Thumb Code    10  msh.o(i.cmd_ps)
    delete_fuzzy                             0x08002b31   Thumb Code    26  fuzzypid.o(i.delete_fuzzy)
    delete_pid                               0x08002b4b   Thumb Code    22  fuzzypid.o(i.delete_pid)
    delete_pid_vector                        0x08002b61   Thumb Code    36  fuzzypid.o(i.delete_pid_vector)
    df                                       0x08002b85   Thumb Code    38  fuzzypid.o(i.df)
    direct_control                           0x08002bd1   Thumb Code    12  fuzzypid.o(i.direct_control)
    equilibrium                              0x08002bdd   Thumb Code    84  fuzzypid.o(i.equilibrium)
    __mathlib_expf                           0x08002c31   Thumb Code     0  expf.o(i.expf)
    expf                                     0x08002c31   Thumb Code   322  expf.o(i.expf)
    finsh_get_prompt                         0x08002da1   Thumb Code    68  shell.o(i.finsh_get_prompt)
    finsh_set_prompt_mode                    0x08002e01   Thumb Code    16  shell.o(i.finsh_set_prompt_mode)
    finsh_system_function_init               0x08002e15   Thumb Code     8  shell.o(i.finsh_system_function_init)
    finsh_system_init                        0x08002e21   Thumb Code    90  shell.o(i.finsh_system_init)
    finsh_thread_entry                       0x08002eb5   Thumb Code   612  shell.o(i.finsh_thread_entry)
    fmaxf                                    0x08003141   Thumb Code    40  fmaxf.o(i.fmaxf)
    fminf                                    0x08003169   Thumb Code    40  fminf.o(i.fminf)
    fo                                       0x08003191   Thumb Code    26  fuzzypid.o(i.fo)
    fputc                                    0x080031ab   Thumb Code    18  fputc.o(i.fputc)
    free                                     0x080031bd   Thumb Code    76  malloc.o(i.free)
    fuzzy_control                            0x0800320d   Thumb Code   238  fuzzypid.o(i.fuzzy_control)
    fuzzy_init                               0x08003301   Thumb Code    40  fuzzypid.o(i.fuzzy_init)
    fuzzy_params_init                        0x08003329   Thumb Code    58  fuzzypid.o(i.fuzzy_params_init)
    fuzzy_pid_control                        0x08003365   Thumb Code   252  fuzzypid.o(i.fuzzy_pid_control)
    fuzzy_pid_init                           0x08003465   Thumb Code   116  fuzzypid.o(i.fuzzy_pid_init)
    fuzzy_pid_motor_pwd_output               0x080034dd   Thumb Code    38  fuzzypid.o(i.fuzzy_pid_motor_pwd_output)
    fuzzy_pid_vector_init                    0x08003505   Thumb Code    76  fuzzypid.o(i.fuzzy_pid_vector_init)
    hello                                    0x080035c9   Thumb Code    12  cmd_1.o(i.hello)
    led_ctrl                                 0x080035e9   Thumb Code   142  cmd.o(i.led_ctrl)
    limit                                    0x0800376d   Thumb Code    16  fuzzypid.o(i.limit)
    list                                     0x0800377d   Thumb Code    50  cmd_1.o(i.list)
    list_mailbox                             0x0800386d   Thumb Code   200  cmd_1.o(i.list_mailbox)
    list_mem                                 0x080039b1   Thumb Code    32  mem.o(i.list_mem)
    list_sem                                 0x08003a1d   Thumb Code   188  cmd_1.o(i.list_sem)
    list_thread                              0x08003b39   Thumb Code   250  cmd_1.o(i.list_thread)
    list_timer                               0x08003cf1   Thumb Code   160  cmd_1.o(i.list_timer)
    lora_test                                0x08003e31   Thumb Code    22  cmd.o(i.lora_test)
    $Super$$main                             0x08003e65   Thumb Code    32  main.o(i.main)
    main_thread_entry                        0x08003e85   Thumb Code    14  components.o(i.main_thread_entry)
    malloc                                   0x08003e95   Thumb Code    92  malloc.o(i.malloc)
    mf                                       0x08003fd9   Thumb Code   246  fuzzypid.o(i.mf)
    moc                                      0x080040d1   Thumb Code   236  fuzzypid.o(i.moc)
    msh_auto_complete                        0x080041bd   Thumb Code   150  msh.o(i.msh_auto_complete)
    msh_exec                                 0x08004269   Thumb Code    74  msh.o(i.msh_exec)
    msh_help                                 0x080042cd   Thumb Code    58  msh.o(i.msh_help)
    msh_is_used                              0x08004345   Thumb Code     4  msh.o(i.msh_is_used)
    or                                       0x08004431   Thumb Code    64  fuzzypid.o(i.or)
    pid_sim                                  0x08004471   Thumb Code   218  app_pid_test.o(i.pid_sim)
    __mathlib_powf                           0x08004661   Thumb Code     0  powf.o(i.powf)
    powf                                     0x08004661   Thumb Code  1548  powf.o(i.powf)
    print_float                              0x08004c81   Thumb Code    54  app_pid_test.o(i.print_float)
    raw_fuzzy_pid_init                       0x08004dfd   Thumb Code   130  fuzzypid.o(i.raw_fuzzy_pid_init)
    rt_application_init                      0x08004e85   Thumb Code    32  components.o(i.rt_application_init)
    rt_calloc                                0x08004eb1   Thumb Code    26  mem.o(i.rt_calloc)
    rt_components_board_init                 0x08004ecd   Thumb Code    20  components.o(i.rt_components_board_init)
    rt_components_init                       0x08004ee9   Thumb Code    20  components.o(i.rt_components_init)
    rt_enter_critical                        0x08004f05   Thumb Code    22  scheduler.o(i.rt_enter_critical)
    rt_exit_critical                         0x08004f21   Thumb Code    52  scheduler.o(i.rt_exit_critical)
    rt_free                                  0x08004f59   Thumb Code   112  mem.o(i.rt_free)
    rt_heap_begin_get                        0x0800501d   Thumb Code     4  board.o(i.rt_heap_begin_get)
    rt_heap_end_get                          0x08005025   Thumb Code     4  board.o(i.rt_heap_end_get)
    rt_hw_board_init                         0x0800502d   Thumb Code    88  board.o(i.rt_hw_board_init)
    rt_hw_console_getchar                    0x0800508d   Thumb Code    38  finsh_port.o(i.rt_hw_console_getchar)
    rt_hw_console_output                     0x080050b9   Thumb Code    66  board.o(i.rt_hw_console_output)
    rt_hw_hard_fault_exception               0x08005101   Thumb Code   186  cpuport.o(i.rt_hw_hard_fault_exception)
    rt_hw_stack_init                         0x080052fd   Thumb Code    52  cpuport.o(i.rt_hw_stack_init)
    rt_interrupt_enter                       0x08005335   Thumb Code    22  irq.o(i.rt_interrupt_enter)
    rt_interrupt_leave                       0x08005351   Thumb Code    22  irq.o(i.rt_interrupt_leave)
    rt_kprintf                               0x080053c1   Thumb Code    28  kservice.o(i.rt_kprintf)
    rt_malloc                                0x08005461   Thumb Code   232  mem.o(i.rt_malloc)
    rt_memmove                               0x08005551   Thumb Code    50  kservice.o(i.rt_memmove)
    rt_memset                                0x08005585   Thumb Code    70  kservice.o(i.rt_memset)
    rt_object_allocate                       0x080055cb   Thumb Code    80  object.o(i.rt_object_allocate)
    rt_object_delete                         0x0800561b   Thumb Code    38  object.o(i.rt_object_delete)
    rt_object_detach                         0x08005641   Thumb Code    32  object.o(i.rt_object_detach)
    rt_object_get_information                0x08005661   Thumb Code    30  object.o(i.rt_object_get_information)
    rt_object_init                           0x08005685   Thumb Code    80  object.o(i.rt_object_init)
    rt_object_is_systemobject                0x080056d5   Thumb Code    14  object.o(i.rt_object_is_systemobject)
    rt_schedule                              0x080056e5   Thumb Code    76  scheduler.o(i.rt_schedule)
    rt_schedule_insert_thread                0x0800573d   Thumb Code    70  scheduler.o(i.rt_schedule_insert_thread)
    rt_schedule_remove_thread                0x0800578d   Thumb Code    64  scheduler.o(i.rt_schedule_remove_thread)
    rt_sem_init                              0x080057d5   Thumb Code    36  ipc.o(i.rt_sem_init)
    rt_sem_release                           0x080057f9   Thumb Code    74  ipc.o(i.rt_sem_release)
    rt_sem_take                              0x08005843   Thumb Code   110  ipc.o(i.rt_sem_take)
    rt_show_version                          0x080058b1   Thumb Code    40  kservice.o(i.rt_show_version)
    rt_strlen                                0x08005961   Thumb Code    16  kservice.o(i.rt_strlen)
    rt_strncpy                               0x08005971   Thumb Code    38  kservice.o(i.rt_strncpy)
    rt_system_heap_init                      0x08005999   Thumb Code    96  mem.o(i.rt_system_heap_init)
    rt_system_scheduler_init                 0x08005a45   Thumb Code    44  scheduler.o(i.rt_system_scheduler_init)
    rt_system_scheduler_start                0x08005a79   Thumb Code    32  scheduler.o(i.rt_system_scheduler_start)
    rt_system_timer_init                     0x08005aa1   Thumb Code     8  timer.o(i.rt_system_timer_init)
    rt_system_timer_thread_init              0x08005aad   Thumb Code     2  timer.o(i.rt_system_timer_thread_init)
    rt_thread_create                         0x08005aaf   Thumb Code    72  thread.o(i.rt_thread_create)
    rt_thread_exit                           0x08005af9   Thumb Code    82  thread.o(i.rt_thread_exit)
    rt_thread_idle_excute                    0x08005b5d   Thumb Code    70  idle.o(i.rt_thread_idle_excute)
    rt_thread_idle_init                      0x08005ba9   Thumb Code    40  idle.o(i.rt_thread_idle_init)
    rt_thread_init                           0x08005be1   Thumb Code    48  thread.o(i.rt_thread_init)
    rt_thread_mdelay                         0x08005c11   Thumb Code    14  thread.o(i.rt_thread_mdelay)
    rt_thread_resume                         0x08005c1f   Thumb Code    60  thread.o(i.rt_thread_resume)
    rt_thread_self                           0x08005c5d   Thumb Code     6  thread.o(i.rt_thread_self)
    rt_thread_sleep                          0x08005c69   Thumb Code    60  thread.o(i.rt_thread_sleep)
    rt_thread_startup                        0x08005ca9   Thumb Code    40  thread.o(i.rt_thread_startup)
    rt_thread_suspend                        0x08005cd5   Thumb Code    66  thread.o(i.rt_thread_suspend)
    rt_thread_timeout                        0x08005d17   Thumb Code    32  thread.o(i.rt_thread_timeout)
    rt_thread_yield                          0x08005d39   Thumb Code    86  thread.o(i.rt_thread_yield)
    rt_tick_from_millisecond                 0x08005d99   Thumb Code    50  clock.o(i.rt_tick_from_millisecond)
    rt_tick_get                              0x08005dcd   Thumb Code     6  clock.o(i.rt_tick_get)
    rt_tick_increase                         0x08005dd9   Thumb Code    38  clock.o(i.rt_tick_increase)
    rt_timer_check                           0x08005e05   Thumb Code   136  timer.o(i.rt_timer_check)
    rt_timer_control                         0x08005e91   Thumb Code    72  timer.o(i.rt_timer_control)
    rt_timer_detach                          0x08005ed9   Thumb Code    40  timer.o(i.rt_timer_detach)
    rt_timer_init                            0x08005f01   Thumb Code    40  timer.o(i.rt_timer_init)
    rt_timer_start                           0x08005f29   Thumb Code   126  timer.o(i.rt_timer_start)
    rt_timer_stop                            0x08005fad   Thumb Code    46  timer.o(i.rt_timer_stop)
    rt_vsnprintf                             0x08005fdd   Thumb Code   634  kservice.o(i.rt_vsnprintf)
    rtthread_startup                         0x08006271   Thumb Code    42  components.o(i.rtthread_startup)
    trapmf                                   0x080062f5   Thumb Code   130  fuzzypid.o(i.trapmf)
    version                                  0x0800644d   Thumb Code    10  cmd_1.o(i.version)
    zmf                                      0x08006457   Thumb Code   188  fuzzypid.o(i.zmf)
    AHBPrescTable                            0x08006524   Data          16  system_stm32f1xx.o(.constdata)
    APBPrescTable                            0x08006534   Data           8  system_stm32f1xx.o(.constdata)
    __lowest_bit_bitmap                      0x08006557   Data         256  kservice.o(.constdata)
    __fsym___cmd_pid_sim_name                0x08006830   Data          14  app_pid_test.o(.rodata.name)
    __fsym___cmd_pid_sim_desc                0x0800683e   Data          25  app_pid_test.o(.rodata.name)
    __fsym___cmd_led_name                    0x08006857   Data          10  cmd.o(.rodata.name)
    __fsym___cmd_led_desc                    0x08006861   Data          39  cmd.o(.rodata.name)
    __fsym___cmd_lora_test_name              0x08006888   Data          16  cmd.o(.rodata.name)
    __fsym___cmd_lora_test_desc              0x08006898   Data          22  cmd.o(.rodata.name)
    __fsym_hello_name                        0x080068ae   Data           6  cmd_1.o(.rodata.name)
    __fsym_hello_desc                        0x080068b4   Data          16  cmd_1.o(.rodata.name)
    __fsym_version_name                      0x080068c4   Data           8  cmd_1.o(.rodata.name)
    __fsym_version_desc                      0x080068cc   Data          35  cmd_1.o(.rodata.name)
    __fsym___cmd_version_name                0x080068ef   Data          14  cmd_1.o(.rodata.name)
    __fsym___cmd_version_desc                0x080068fd   Data          35  cmd_1.o(.rodata.name)
    __fsym_list_thread_name                  0x08006920   Data          12  cmd_1.o(.rodata.name)
    __fsym_list_thread_desc                  0x0800692c   Data          12  cmd_1.o(.rodata.name)
    __fsym___cmd_list_thread_name            0x08006938   Data          18  cmd_1.o(.rodata.name)
    __fsym___cmd_list_thread_desc            0x0800694a   Data          12  cmd_1.o(.rodata.name)
    __fsym_list_sem_name                     0x08006956   Data           9  cmd_1.o(.rodata.name)
    __fsym_list_sem_desc                     0x0800695f   Data          25  cmd_1.o(.rodata.name)
    __fsym___cmd_list_sem_name               0x08006978   Data          15  cmd_1.o(.rodata.name)
    __fsym___cmd_list_sem_desc               0x08006987   Data          25  cmd_1.o(.rodata.name)
    __fsym_list_mailbox_name                 0x080069a0   Data          13  cmd_1.o(.rodata.name)
    __fsym_list_mailbox_desc                 0x080069ad   Data          24  cmd_1.o(.rodata.name)
    __fsym___cmd_list_mailbox_name           0x080069c5   Data          19  cmd_1.o(.rodata.name)
    __fsym___cmd_list_mailbox_desc           0x080069d8   Data          24  cmd_1.o(.rodata.name)
    __fsym_list_timer_name                   0x080069f0   Data          11  cmd_1.o(.rodata.name)
    __fsym_list_timer_desc                   0x080069fb   Data          21  cmd_1.o(.rodata.name)
    __fsym___cmd_list_timer_name             0x08006a10   Data          17  cmd_1.o(.rodata.name)
    __fsym___cmd_list_timer_desc             0x08006a21   Data          21  cmd_1.o(.rodata.name)
    __fsym_list_name                         0x08006a36   Data           5  cmd_1.o(.rodata.name)
    __fsym_list_desc                         0x08006a3b   Data          26  cmd_1.o(.rodata.name)
    __fsym___cmd_help_name                   0x08006a55   Data          11  msh.o(.rodata.name)
    __fsym___cmd_help_desc                   0x08006a60   Data          22  msh.o(.rodata.name)
    __fsym___cmd_ps_name                     0x08006a76   Data           9  msh.o(.rodata.name)
    __fsym___cmd_ps_desc                     0x08006a7f   Data          28  msh.o(.rodata.name)
    __fsym___cmd_free_name                   0x08006a9b   Data          11  msh.o(.rodata.name)
    __fsym___cmd_free_desc                   0x08006aa6   Data          37  msh.o(.rodata.name)
    __fsym_list_mem_name                     0x08006acb   Data           9  mem.o(.rodata.name)
    __fsym_list_mem_desc                     0x08006ad4   Data          30  mem.o(.rodata.name)
    __rt_init_rti_start                      0x08006af4   Data           4  components.o(.rti_fn.0)
    __rt_init_rti_board_start                0x08006af8   Data           4  components.o(.rti_fn.0.end)
    __rt_init_uart_init                      0x08006afc   Data           4  board.o(.rti_fn.1)
    __rt_init_rti_board_end                  0x08006b00   Data           4  components.o(.rti_fn.1.end)
    __rt_init_finsh_system_init              0x08006b04   Data           4  shell.o(.rti_fn.6)
    __rt_init_rti_end                        0x08006b08   Data           4  components.o(.rti_fn.6.end)
    FSymTab$$Base                            0x08006b0c   Number         0  app_pid_test.o(FSymTab)
    __fsym___cmd_pid_sim                     0x08006b0c   Data          12  app_pid_test.o(FSymTab)
    __fsym___cmd_led                         0x08006b18   Data          12  cmd.o(FSymTab)
    __fsym___cmd_lora_test                   0x08006b24   Data          12  cmd.o(FSymTab)
    __fsym_hello                             0x08006b30   Data          12  cmd_1.o(FSymTab)
    __fsym_version                           0x08006b3c   Data          12  cmd_1.o(FSymTab)
    __fsym___cmd_version                     0x08006b48   Data          12  cmd_1.o(FSymTab)
    __fsym_list_thread                       0x08006b54   Data          12  cmd_1.o(FSymTab)
    __fsym___cmd_list_thread                 0x08006b60   Data          12  cmd_1.o(FSymTab)
    __fsym_list_sem                          0x08006b6c   Data          12  cmd_1.o(FSymTab)
    __fsym___cmd_list_sem                    0x08006b78   Data          12  cmd_1.o(FSymTab)
    __fsym_list_mailbox                      0x08006b84   Data          12  cmd_1.o(FSymTab)
    __fsym___cmd_list_mailbox                0x08006b90   Data          12  cmd_1.o(FSymTab)
    __fsym_list_timer                        0x08006b9c   Data          12  cmd_1.o(FSymTab)
    __fsym___cmd_list_timer                  0x08006ba8   Data          12  cmd_1.o(FSymTab)
    __fsym_list                              0x08006bb4   Data          12  cmd_1.o(FSymTab)
    __fsym___cmd_help                        0x08006bc0   Data          12  msh.o(FSymTab)
    __fsym___cmd_ps                          0x08006bcc   Data          12  msh.o(FSymTab)
    __fsym___cmd_free                        0x08006bd8   Data          12  msh.o(FSymTab)
    __fsym_list_mem                          0x08006be4   Data          12  mem.o(FSymTab)
    FSymTab$$Limit                           0x08006bf0   Number         0  mem.o(FSymTab)
    Region$$Table$$Base                      0x08006bf0   Number         0  anon$$obj.o(Region$$Table)
    Region$$Table$$Limit                     0x08006c10   Number         0  anon$$obj.o(Region$$Table)
    uwTickFreq                               0x20000000   Data           1  stm32f1xx_hal.o(.data)
    uwTickPrio                               0x20000004   Data           4  stm32f1xx_hal.o(.data)
    uwTick                                   0x20000008   Data           4  stm32f1xx_hal.o(.data)
    SystemCoreClock                          0x2000000c   Data           4  system_stm32f1xx.o(.data)
    _syscall_table_begin                     0x20000374   Data           4  shell.o(.data)
    _syscall_table_end                       0x20000378   Data           4  shell.o(.data)
    _sysvar_table_begin                      0x2000037c   Data           4  shell.o(.data)
    _sysvar_table_end                        0x20000380   Data           4  shell.o(.data)
    shell                                    0x20000388   Data           4  shell.o(.data)
    rt_interrupt_from_thread                 0x20000390   Data           4  cpuport.o(.data)
    rt_interrupt_to_thread                   0x20000394   Data           4  cpuport.o(.data)
    rt_thread_switch_interrupt_flag          0x20000398   Data           4  cpuport.o(.data)
    rt_interrupt_nest                        0x200003a0   Data           1  irq.o(.data)
    rt_current_priority                      0x200003fc   Data           1  scheduler.o(.data)
    rt_current_thread                        0x20000400   Data           4  scheduler.o(.data)
    rt_thread_ready_priority_group           0x20000404   Data           4  scheduler.o(.data)
    rt_thread_defunct                        0x20000408   Data           8  scheduler.o(.data)
    __stdout                                 0x2000041c   Data           4  stdout.o(.data)
    __microlib_freelist                      0x20000420   Data           4  mvars.o(.data)
    __microlib_freelist_initialised          0x20000424   Data           4  mvars.o(.data)
    hspi1                                    0x2000042c   Data          88  spi.o(.bss)
    huart1                                   0x20000484   Data          72  usart.o(.bss)
    htim6                                    0x200004cc   Data          72  stm32f1xx_hal_timebase_tim.o(.bss)
    lora_hw                                  0x20000518   Data          28  bsp_lora.o(.bss)
    lora                                     0x20000538   Data         280  bsp_lora.o(.bss)
    rt_thread_priority_table                 0x200009ec   Data         256  scheduler.o(.bss)
    __heap_base                              0x200046f0   Data           0  startup_stm32f103xe.o(HEAP)
    __heap_limit                             0x200066f0   Data           0  startup_stm32f103xe.o(HEAP)
    __initial_sp                             0x20006af0   Data           0  startup_stm32f103xe.o(STACK)



==============================================================================

Memory Map of the image

  Image Entry point : 0x08000131

  Load Region LR_IROM1 (Base: 0x08000000, Size: 0x0000703c, Max: 0x00080000, ABSOLUTE, COMPRESSED[0x00006d00])

    Execution Region ER_IROM1 (Exec base: 0x08000000, Load base: 0x08000000, Size: 0x00006c10, Max: 0x00080000, ABSOLUTE)

    Exec Addr    Load Addr    Size         Type   Attr      Idx    E Section Name        Object

    0x08000000   0x08000000   0x00000130   Data   RO            3    RESET               startup_stm32f103xe.o
    0x08000130   0x08000130   0x00000000   Code   RO         5043  * .ARM.Collect$$$$00000000  mc_w.l(entry.o)
    0x08000130   0x08000130   0x00000004   Code   RO         5394    .ARM.Collect$$$$00000001  mc_w.l(entry2.o)
    0x08000134   0x08000134   0x00000004   Code   RO         5397    .ARM.Collect$$$$00000004  mc_w.l(entry5.o)
    0x08000138   0x08000138   0x00000000   Code   RO         5399    .ARM.Collect$$$$00000008  mc_w.l(entry7b.o)
    0x08000138   0x08000138   0x00000000   Code   RO         5401    .ARM.Collect$$$$0000000A  mc_w.l(entry8b.o)
    0x08000138   0x08000138   0x00000008   Code   RO         5402    .ARM.Collect$$$$0000000B  mc_w.l(entry9a.o)
    0x08000140   0x08000140   0x00000004   Code   RO         5409    .ARM.Collect$$$$0000000E  mc_w.l(entry12b.o)
    0x08000144   0x08000144   0x00000000   Code   RO         5404    .ARM.Collect$$$$0000000F  mc_w.l(entry10a.o)
    0x08000144   0x08000144   0x00000000   Code   RO         5406    .ARM.Collect$$$$00000011  mc_w.l(entry11a.o)
    0x08000144   0x08000144   0x00000004   Code   RO         5395    .ARM.Collect$$$$00002712  mc_w.l(entry2.o)
    0x08000148   0x08000148   0x00000024   Code   RO            4    .text               startup_stm32f103xe.o
    0x0800016c   0x0800016c   0x000000f4   Code   RO         3959    .text               context_rvds.o
    0x08000260   0x08000260   0x00000062   Code   RO         5046    .text               mc_w.l(uldiv.o)
    0x080002c2   0x080002c2   0x00000020   Code   RO         5048    .text               mc_w.l(llushr.o)
    0x080002e2   0x080002e2   0x00000024   Code   RO         5050    .text               mc_w.l(memcpya.o)
    0x08000306   0x08000306   0x00000024   Code   RO         5052    .text               mc_w.l(memseta.o)
    0x0800032a   0x0800032a   0x00000018   Code   RO         5054    .text               mc_w.l(strcat.o)
    0x08000342   0x08000342   0x00000018   Code   RO         5056    .text               mc_w.l(strncpy.o)
    0x0800035a   0x0800035a   0x0000000e   Code   RO         5058    .text               mc_w.l(strlen.o)
    0x08000368   0x08000368   0x0000001c   Code   RO         5060    .text               mc_w.l(strcmp.o)
    0x08000384   0x08000384   0x00000012   Code   RO         5062    .text               mc_w.l(strcpy.o)
    0x08000396   0x08000396   0x0000001e   Code   RO         5064    .text               mc_w.l(strncmp.o)
    0x080003b4   0x080003b4   0x000000b0   Code   RO         5356    .text               mf_w.l(fadd.o)
    0x08000464   0x08000464   0x00000064   Code   RO         5358    .text               mf_w.l(fmul.o)
    0x080004c8   0x080004c8   0x0000007c   Code   RO         5360    .text               mf_w.l(fdiv.o)
    0x08000544   0x08000544   0x00000018   Code   RO         5362    .text               mf_w.l(fscalb.o)
    0x0800055c   0x0800055c   0x00000012   Code   RO         5366    .text               mf_w.l(fflti.o)
    0x0800056e   0x0800056e   0x00000032   Code   RO         5368    .text               mf_w.l(ffixi.o)
    0x080005a0   0x080005a0   0x00000014   Code   RO         5374    .text               mf_w.l(cfcmple.o)
    0x080005b4   0x080005b4   0x00000014   Code   RO         5376    .text               mf_w.l(cfrcmple.o)
    0x080005c8   0x080005c8   0x0000001e   Code   RO         5415    .text               mc_w.l(llshl.o)
    0x080005e6   0x080005e6   0x00000000   Code   RO         5426    .text               mc_w.l(iusefp.o)
    0x080005e6   0x080005e6   0x0000006e   Code   RO         5427    .text               mf_w.l(fepilogue.o)
    0x08000654   0x08000654   0x0000003c   Code   RO         5429    .text               mf_w.l(frnd.o)
    0x08000690   0x08000690   0x0000004c   Code   RO         5439    .text               mf_w.l(ffixir.o)
    0x080006dc   0x080006dc   0x00000036   Code   RO         5443    .text               mf_w.l(fcmp4.o)
    0x08000712   0x08000712   0x00000004   Code   RO         5445    .text               mf_w.l(fpstat.o)
    0x08000716   0x08000716   0x00000002   PAD
    0x08000718   0x08000718   0x00000024   Code   RO         5447    .text               mc_w.l(init.o)
    0x0800073c   0x0800073c   0x00000000   Code   RO         5449    .text               mc_w.l(semi.o)
    0x0800073c   0x0800073c   0x00000000   Code   RO         5452    .text               mc_w.l(iusesemip.o)
    0x0800073c   0x0800073c   0x00000056   Code   RO         5461    .text               mc_w.l(__dczerorl2.o)
    0x08000792   0x08000792   0x0000000a   Code   RO         4063    i.$Sub$$main        components.o
    0x0800079c   0x0800079c   0x00000002   Code   RO          317    i.BusFault_Handler  stm32f1xx_it.o
    0x0800079e   0x0800079e   0x00000002   Code   RO          318    i.DebugMon_Handler  stm32f1xx_it.o
    0x080007a0   0x080007a0   0x00000006   Code   RO          319    i.EXTI2_IRQHandler  stm32f1xx_it.o
    0x080007a6   0x080007a6   0x00000004   Code   RO           13    i.Error_Handler     main.o
    0x080007aa   0x080007aa   0x00000046   Code   RO         1207    i.HAL_DMA_Abort     stm32f1xx_hal_dma.o
    0x080007f0   0x080007f0   0x00000130   Code   RO         1208    i.HAL_DMA_Abort_IT  stm32f1xx_hal_dma.o
    0x08000920   0x08000920   0x00000002   Code   RO         1141    i.HAL_GPIO_EXTI_Callback  stm32f1xx_hal_gpio.o
    0x08000922   0x08000922   0x00000002   PAD
    0x08000924   0x08000924   0x00000018   Code   RO         1142    i.HAL_GPIO_EXTI_IRQHandler  stm32f1xx_hal_gpio.o
    0x0800093c   0x0800093c   0x000001f8   Code   RO         1143    i.HAL_GPIO_Init     stm32f1xx_hal_gpio.o
    0x08000b34   0x08000b34   0x00000010   Code   RO         1146    i.HAL_GPIO_TogglePin  stm32f1xx_hal_gpio.o
    0x08000b44   0x08000b44   0x0000000a   Code   RO         1147    i.HAL_GPIO_WritePin  stm32f1xx_hal_gpio.o
    0x08000b4e   0x08000b4e   0x00000002   PAD
    0x08000b50   0x08000b50   0x0000000c   Code   RO          837    i.HAL_GetTick       stm32f1xx_hal.o
    0x08000b5c   0x08000b5c   0x00000010   Code   RO          843    i.HAL_IncTick       stm32f1xx_hal.o
    0x08000b6c   0x08000b6c   0x00000024   Code   RO          844    i.HAL_Init          stm32f1xx_hal.o
    0x08000b90   0x08000b90   0x00000074   Code   RO          429    i.HAL_InitTick      stm32f1xx_hal_timebase_tim.o
    0x08000c04   0x08000c04   0x0000003c   Code   RO          405    i.HAL_MspInit       stm32f1xx_hal_msp.o
    0x08000c40   0x08000c40   0x0000001a   Code   RO         1303    i.HAL_NVIC_EnableIRQ  stm32f1xx_hal_cortex.o
    0x08000c5a   0x08000c5a   0x00000002   PAD
    0x08000c5c   0x08000c5c   0x00000040   Code   RO         1309    i.HAL_NVIC_SetPriority  stm32f1xx_hal_cortex.o
    0x08000c9c   0x08000c9c   0x00000024   Code   RO         1310    i.HAL_NVIC_SetPriorityGrouping  stm32f1xx_hal_cortex.o
    0x08000cc0   0x08000cc0   0x0000012c   Code   RO         1001    i.HAL_RCC_ClockConfig  stm32f1xx_hal_rcc.o
    0x08000dec   0x08000dec   0x00000040   Code   RO         1005    i.HAL_RCC_GetClockConfig  stm32f1xx_hal_rcc.o
    0x08000e2c   0x08000e2c   0x00000020   Code   RO         1008    i.HAL_RCC_GetPCLK1Freq  stm32f1xx_hal_rcc.o
    0x08000e4c   0x08000e4c   0x00000020   Code   RO         1009    i.HAL_RCC_GetPCLK2Freq  stm32f1xx_hal_rcc.o
    0x08000e6c   0x08000e6c   0x0000004c   Code   RO         1010    i.HAL_RCC_GetSysClockFreq  stm32f1xx_hal_rcc.o
    0x08000eb8   0x08000eb8   0x00000320   Code   RO         1013    i.HAL_RCC_OscConfig  stm32f1xx_hal_rcc.o
    0x080011d8   0x080011d8   0x00000002   Code   RO          511    i.HAL_SPI_ErrorCallback  stm32f1xx_hal_spi.o
    0x080011da   0x080011da   0x00000006   Code   RO          513    i.HAL_SPI_GetState  stm32f1xx_hal_spi.o
    0x080011e0   0x080011e0   0x000000e0   Code   RO          514    i.HAL_SPI_IRQHandler  stm32f1xx_hal_spi.o
    0x080012c0   0x080012c0   0x000000b2   Code   RO          515    i.HAL_SPI_Init      stm32f1xx_hal_spi.o
    0x08001372   0x08001372   0x00000002   PAD
    0x08001374   0x08001374   0x00000080   Code   RO          234    i.HAL_SPI_MspInit   spi.o
    0x080013f4   0x080013f4   0x00000166   Code   RO          523    i.HAL_SPI_Transmit  stm32f1xx_hal_spi.o
    0x0800155a   0x0800155a   0x000001f0   Code   RO          524    i.HAL_SPI_TransmitReceive  stm32f1xx_hal_spi.o
    0x0800174a   0x0800174a   0x00000002   Code   RO         2509    i.HAL_TIMEx_BreakCallback  stm32f1xx_hal_tim_ex.o
    0x0800174c   0x0800174c   0x00000002   Code   RO         2510    i.HAL_TIMEx_CommutCallback  stm32f1xx_hal_tim_ex.o
    0x0800174e   0x0800174e   0x0000005a   Code   RO         1805    i.HAL_TIM_Base_Init  stm32f1xx_hal_tim.o
    0x080017a8   0x080017a8   0x00000002   Code   RO         1807    i.HAL_TIM_Base_MspInit  stm32f1xx_hal_tim.o
    0x080017aa   0x080017aa   0x00000002   PAD
    0x080017ac   0x080017ac   0x0000006c   Code   RO         1810    i.HAL_TIM_Base_Start_IT  stm32f1xx_hal_tim.o
    0x08001818   0x08001818   0x00000002   Code   RO         1839    i.HAL_TIM_IC_CaptureCallback  stm32f1xx_hal_tim.o
    0x0800181a   0x0800181a   0x00000130   Code   RO         1853    i.HAL_TIM_IRQHandler  stm32f1xx_hal_tim.o
    0x0800194a   0x0800194a   0x00000002   Code   RO         1856    i.HAL_TIM_OC_DelayElapsedCallback  stm32f1xx_hal_tim.o
    0x0800194c   0x0800194c   0x00000002   Code   RO         1883    i.HAL_TIM_PWM_PulseFinishedCallback  stm32f1xx_hal_tim.o
    0x0800194e   0x0800194e   0x00000002   PAD
    0x08001950   0x08001950   0x00000014   Code   RO           14    i.HAL_TIM_PeriodElapsedCallback  main.o
    0x08001964   0x08001964   0x00000002   Code   RO         1896    i.HAL_TIM_TriggerCallback  stm32f1xx_hal_tim.o
    0x08001966   0x08001966   0x00000002   Code   RO         2788    i.HAL_UARTEx_RxEventCallback  stm32f1xx_hal_uart.o
    0x08001968   0x08001968   0x00000002   Code   RO         2802    i.HAL_UART_ErrorCallback  stm32f1xx_hal_uart.o
    0x0800196a   0x0800196a   0x00000002   PAD
    0x0800196c   0x0800196c   0x0000026c   Code   RO         2805    i.HAL_UART_IRQHandler  stm32f1xx_hal_uart.o
    0x08001bd8   0x08001bd8   0x00000064   Code   RO         2806    i.HAL_UART_Init     stm32f1xx_hal_uart.o
    0x08001c3c   0x08001c3c   0x00000080   Code   RO          276    i.HAL_UART_MspInit  usart.o
    0x08001cbc   0x08001cbc   0x00000002   Code   RO         2812    i.HAL_UART_RxCpltCallback  stm32f1xx_hal_uart.o
    0x08001cbe   0x08001cbe   0x000000a0   Code   RO         2814    i.HAL_UART_Transmit  stm32f1xx_hal_uart.o
    0x08001d5e   0x08001d5e   0x00000002   Code   RO         2817    i.HAL_UART_TxCpltCallback  stm32f1xx_hal_uart.o
    0x08001d60   0x08001d60   0x000000fc   Code   RO         3177    i.LoRa_Init         bsp_lora.o
    0x08001e5c   0x08001e5c   0x000000f4   Code   RO          205    i.MX_GPIO_Init      gpio.o
    0x08001f50   0x08001f50   0x00000048   Code   RO          235    i.MX_SPI1_Init      spi.o
    0x08001f98   0x08001f98   0x00000038   Code   RO          277    i.MX_USART1_UART_Init  usart.o
    0x08001fd0   0x08001fd0   0x00000002   Code   RO          320    i.MemManage_Handler  stm32f1xx_it.o
    0x08001fd2   0x08001fd2   0x00000002   Code   RO          321    i.NMI_Handler       stm32f1xx_it.o
    0x08001fd4   0x08001fd4   0x0000000c   Code   RO          322    i.SPI1_IRQHandler   stm32f1xx_it.o
    0x08001fe0   0x08001fe0   0x00000010   Code   RO          542    i.SPI_DMAAbortOnError  stm32f1xx_hal_spi.o
    0x08001ff0   0x08001ff0   0x00000034   Code   RO          553    i.SPI_EndRxTxTransaction  stm32f1xx_hal_spi.o
    0x08002024   0x08002024   0x000000b8   Code   RO          558    i.SPI_WaitFlagStateUntilTimeout  stm32f1xx_hal_spi.o
    0x080020dc   0x080020dc   0x00000002   Code   RO          323    i.SVC_Handler       stm32f1xx_it.o
    0x080020de   0x080020de   0x00000046   Code   RO         3243    i.SX1278_SPIBurstWrite  sx1278.o
    0x08002124   0x08002124   0x0000001e   Code   RO         3244    i.SX1278_SPIRead    sx1278.o
    0x08002142   0x08002142   0x0000002e   Code   RO         3245    i.SX1278_SPIWrite   sx1278.o
    0x08002170   0x08002170   0x00000148   Code   RO         3248    i.SX1278_config     sx1278.o
    0x080022b8   0x080022b8   0x00000008   Code   RO         3249    i.SX1278_entryLoRa  sx1278.o
    0x080022c0   0x080022c0   0x00000004   Code   RO         3372    i.SX1278_hw_DelayMs  sx1278_hw.o
    0x080022c4   0x080022c4   0x00000024   Code   RO         3375    i.SX1278_hw_SPICommand  sx1278_hw.o
    0x080022e8   0x080022e8   0x00000038   Code   RO         3376    i.SX1278_hw_SPIReadByte  sx1278_hw.o
    0x08002320   0x08002320   0x00000014   Code   RO         3377    i.SX1278_hw_SetNSS  sx1278_hw.o
    0x08002334   0x08002334   0x0000001a   Code   RO         3378    i.SX1278_hw_init    sx1278_hw.o
    0x0800234e   0x0800234e   0x0000003a   Code   RO         3250    i.SX1278_init       sx1278.o
    0x08002388   0x08002388   0x00000012   Code   RO         3253    i.SX1278_sleep      sx1278.o
    0x0800239a   0x0800239a   0x00000012   Code   RO         3254    i.SX1278_standby    sx1278.o
    0x080023ac   0x080023ac   0x00000012   Code   RO          324    i.SysTick_Handler   stm32f1xx_it.o
    0x080023be   0x080023be   0x0000005e   Code   RO           15    i.SystemClock_Config  main.o
    0x0800241c   0x0800241c   0x00000068   Code   RO         3139    i.SystemCoreClockUpdate  system_stm32f1xx.o
    0x08002484   0x08002484   0x00000002   Code   RO         3140    i.SystemInit        system_stm32f1xx.o
    0x08002486   0x08002486   0x00000002   PAD
    0x08002488   0x08002488   0x0000000c   Code   RO          325    i.TIM6_IRQHandler   stm32f1xx_it.o
    0x08002494   0x08002494   0x0000009c   Code   RO         1898    i.TIM_Base_SetConfig  stm32f1xx_hal_tim.o
    0x08002530   0x08002530   0x00000010   Code   RO         2819    i.UART_DMAAbortOnError  stm32f1xx_hal_uart.o
    0x08002540   0x08002540   0x0000004e   Code   RO         2829    i.UART_EndRxTransfer  stm32f1xx_hal_uart.o
    0x0800258e   0x0800258e   0x000000c2   Code   RO         2831    i.UART_Receive_IT   stm32f1xx_hal_uart.o
    0x08002650   0x08002650   0x000000b8   Code   RO         2832    i.UART_SetConfig    stm32f1xx_hal_uart.o
    0x08002708   0x08002708   0x00000072   Code   RO         2835    i.UART_WaitOnFlagUntilTimeout  stm32f1xx_hal_uart.o
    0x0800277a   0x0800277a   0x00000002   PAD
    0x0800277c   0x0800277c   0x0000000c   Code   RO          326    i.USART1_IRQHandler  stm32f1xx_it.o
    0x08002788   0x08002788   0x00000002   Code   RO          327    i.UsageFault_Handler  stm32f1xx_it.o
    0x0800278a   0x0800278a   0x00000002   PAD
    0x0800278c   0x0800278c   0x00000010   Code   RO         5069    i.__0printf$bare    mc_w.l(printfb.o)
    0x0800279c   0x0800279c   0x00000026   Code   RO         5378    i.__ARM_fpclassifyf  m_ws.l(fpclassifyf.o)
    0x080027c2   0x080027c2   0x00000020   Code   RO         1316    i.__NVIC_SetPriority  stm32f1xx_hal_cortex.o
    0x080027e2   0x080027e2   0x0000000a   Code   RO         5380    i.__mathlib_flt_divzero  m_ws.l(funder.o)
    0x080027ec   0x080027ec   0x00000006   Code   RO         5381    i.__mathlib_flt_infnan  m_ws.l(funder.o)
    0x080027f2   0x080027f2   0x00000004   Code   RO         5382    i.__mathlib_flt_infnan2  m_ws.l(funder.o)
    0x080027f6   0x080027f6   0x00000008   Code   RO         5383    i.__mathlib_flt_invalid  m_ws.l(funder.o)
    0x080027fe   0x080027fe   0x0000000a   Code   RO         5384    i.__mathlib_flt_overflow  m_ws.l(funder.o)
    0x08002808   0x08002808   0x0000000a   Code   RO         5386    i.__mathlib_flt_underflow  m_ws.l(funder.o)
    0x08002812   0x08002812   0x00000002   PAD
    0x08002814   0x08002814   0x00000044   Code   RO         4315    i.__rt_ffs          kservice.o
    0x08002858   0x08002858   0x0000000e   Code   RO         5455    i.__scatterload_copy  mc_w.l(handlers.o)
    0x08002866   0x08002866   0x00000002   Code   RO         5456    i.__scatterload_null  mc_w.l(handlers.o)
    0x08002868   0x08002868   0x0000000e   Code   RO         5457    i.__scatterload_zeroinit  mc_w.l(handlers.o)
    0x08002876   0x08002876   0x00000002   PAD
    0x08002878   0x08002878   0x0000000c   Code   RO         5421    i.__set_errno       mc_w.l(errno.o)
    0x08002884   0x08002884   0x0000009c   Code   RO         3815    i._msh_exec_cmd     msh.o
    0x08002920   0x08002920   0x00000022   Code   RO         5076    i._printf_core      mc_w.l(printfb.o)
    0x08002942   0x08002942   0x00000002   PAD
    0x08002944   0x08002944   0x00000080   Code   RO         4707    i._rt_thread_init   thread.o
    0x080029c4   0x080029c4   0x0000001c   Code   RO         4837    i._rt_timer_init    timer.o
    0x080029e0   0x080029e0   0x00000006   Code   RO         4838    i._rt_timer_remove  timer.o
    0x080029e6   0x080029e6   0x0000001c   Code   RO         4708    i._thread_cleanup_execute  thread.o
    0x08002a02   0x08002a02   0x00000032   Code   RO         3483    i.and               fuzzypid.o
    0x08002a34   0x08002a34   0x000000e8   Code   RO         3963    i.bus_fault_track   cpuport.o
    0x08002b1c   0x08002b1c   0x0000000a   Code   RO         3816    i.cmd_free          msh.o
    0x08002b26   0x08002b26   0x0000000a   Code   RO         3817    i.cmd_ps            msh.o
    0x08002b30   0x08002b30   0x0000001a   Code   RO         3484    i.delete_fuzzy      fuzzypid.o
    0x08002b4a   0x08002b4a   0x00000016   Code   RO         3485    i.delete_pid        fuzzypid.o
    0x08002b60   0x08002b60   0x00000024   Code   RO         3486    i.delete_pid_vector  fuzzypid.o
    0x08002b84   0x08002b84   0x0000004c   Code   RO         3487    i.df                fuzzypid.o
    0x08002bd0   0x08002bd0   0x0000000c   Code   RO         3488    i.direct_control    fuzzypid.o
    0x08002bdc   0x08002bdc   0x00000054   Code   RO         3489    i.equilibrium       fuzzypid.o
    0x08002c30   0x08002c30   0x00000170   Code   RO         5020    i.expf              m_ws.l(expf.o)
    0x08002da0   0x08002da0   0x00000060   Code   RO         3883    i.finsh_get_prompt  shell.o
    0x08002e00   0x08002e00   0x00000014   Code   RO         3887    i.finsh_set_prompt_mode  shell.o
    0x08002e14   0x08002e14   0x0000000c   Code   RO         3888    i.finsh_system_function_init  shell.o
    0x08002e20   0x08002e20   0x00000094   Code   RO         3889    i.finsh_system_init  shell.o
    0x08002eb4   0x08002eb4   0x0000028c   Code   RO         3891    i.finsh_thread_entry  shell.o
    0x08003140   0x08003140   0x00000028   Code   RO         5039    i.fmaxf             m_ws.l(fmaxf.o)
    0x08003168   0x08003168   0x00000028   Code   RO         5041    i.fminf             m_ws.l(fminf.o)
    0x08003190   0x08003190   0x0000001a   Code   RO         3490    i.fo                fuzzypid.o
    0x080031aa   0x080031aa   0x00000012   Code   RO         5410    i.fputc             mc_w.l(fputc.o)
    0x080031bc   0x080031bc   0x00000050   Code   RO         5328    i.free              mc_w.l(malloc.o)
    0x0800320c   0x0800320c   0x000000f4   Code   RO         3491    i.fuzzy_control     fuzzypid.o
    0x08003300   0x08003300   0x00000028   Code   RO         3492    i.fuzzy_init        fuzzypid.o
    0x08003328   0x08003328   0x0000003a   Code   RO         3493    i.fuzzy_params_init  fuzzypid.o
    0x08003362   0x08003362   0x00000002   PAD
    0x08003364   0x08003364   0x00000100   Code   RO         3494    i.fuzzy_pid_control  fuzzypid.o
    0x08003464   0x08003464   0x00000078   Code   RO         3495    i.fuzzy_pid_init    fuzzypid.o
    0x080034dc   0x080034dc   0x00000026   Code   RO         3496    i.fuzzy_pid_motor_pwd_output  fuzzypid.o
    0x08003502   0x08003502   0x00000002   PAD
    0x08003504   0x08003504   0x0000004c   Code   RO         3497    i.fuzzy_pid_vector_init  fuzzypid.o
    0x08003550   0x08003550   0x00000078   Code   RO         3964    i.hard_fault_track  cpuport.o
    0x080035c8   0x080035c8   0x00000020   Code   RO         3691    i.hello             cmd_1.o
    0x080035e8   0x080035e8   0x00000184   Code   RO         3445    i.led_ctrl          cmd.o
    0x0800376c   0x0800376c   0x00000010   Code   RO         3500    i.limit             fuzzypid.o
    0x0800377c   0x0800377c   0x00000064   Code   RO         3692    i.list              cmd_1.o
    0x080037e0   0x080037e0   0x00000024   Code   RO         3693    i.list_find_init    cmd_1.o
    0x08003804   0x08003804   0x00000066   Code   RO         3694    i.list_get_next     cmd_1.o
    0x0800386a   0x0800386a   0x00000002   PAD
    0x0800386c   0x0800386c   0x00000144   Code   RO         3695    i.list_mailbox      cmd_1.o
    0x080039b0   0x080039b0   0x0000006c   Code   RO         4492    i.list_mem          mem.o
    0x08003a1c   0x08003a1c   0x0000011c   Code   RO         3696    i.list_sem          cmd_1.o
    0x08003b38   0x08003b38   0x000001b8   Code   RO         3697    i.list_thread       cmd_1.o
    0x08003cf0   0x08003cf0   0x00000140   Code   RO         3698    i.list_timer        cmd_1.o
    0x08003e30   0x08003e30   0x00000034   Code   RO         3446    i.lora_test         cmd.o
    0x08003e64   0x08003e64   0x00000020   Code   RO           16    i.main              main.o
    0x08003e84   0x08003e84   0x0000000e   Code   RO         4064    i.main_thread_entry  components.o
    0x08003e92   0x08003e92   0x00000002   PAD
    0x08003e94   0x08003e94   0x0000006c   Code   RO         5329    i.malloc            mc_w.l(malloc.o)
    0x08003f00   0x08003f00   0x000000d8   Code   RO         3965    i.mem_manage_fault_track  cpuport.o
    0x08003fd8   0x08003fd8   0x000000f6   Code   RO         3501    i.mf                fuzzypid.o
    0x080040ce   0x080040ce   0x00000002   PAD
    0x080040d0   0x080040d0   0x000000ec   Code   RO         3502    i.moc               fuzzypid.o
    0x080041bc   0x080041bc   0x000000ac   Code   RO         3818    i.msh_auto_complete  msh.o
    0x08004268   0x08004268   0x00000064   Code   RO         3819    i.msh_exec          msh.o
    0x080042cc   0x080042cc   0x00000078   Code   RO         3820    i.msh_help          msh.o
    0x08004344   0x08004344   0x00000004   Code   RO         3821    i.msh_is_used       msh.o
    0x08004348   0x08004348   0x000000d0   Code   RO         3822    i.msh_split         msh.o
    0x08004418   0x08004418   0x00000018   Code   RO         3699    i.object_split      cmd_1.o
    0x08004430   0x08004430   0x00000040   Code   RO         3503    i.or                fuzzypid.o
    0x08004470   0x08004470   0x0000019c   Code   RO         3202    i.pid_sim           app_pid_test.o
    0x0800460c   0x0800460c   0x00000054   Code   RO         4493    i.plug_holes        mem.o
    0x08004660   0x08004660   0x00000620   Code   RO         5030    i.powf              m_ws.l(powf.o)
    0x08004c80   0x08004c80   0x0000004c   Code   RO         3203    i.print_float       app_pid_test.o
    0x08004ccc   0x08004ccc   0x00000130   Code   RO         4317    i.print_number      kservice.o
    0x08004dfc   0x08004dfc   0x00000088   Code   RO         3508    i.raw_fuzzy_pid_init  fuzzypid.o
    0x08004e84   0x08004e84   0x0000002c   Code   RO         4065    i.rt_application_init  components.o
    0x08004eb0   0x08004eb0   0x0000001a   Code   RO         4494    i.rt_calloc         mem.o
    0x08004eca   0x08004eca   0x00000002   PAD
    0x08004ecc   0x08004ecc   0x0000001c   Code   RO         4066    i.rt_components_board_init  components.o
    0x08004ee8   0x08004ee8   0x0000001c   Code   RO         4067    i.rt_components_init  components.o
    0x08004f04   0x08004f04   0x0000001c   Code   RO         4646    i.rt_enter_critical  scheduler.o
    0x08004f20   0x08004f20   0x00000038   Code   RO         4647    i.rt_exit_critical  scheduler.o
    0x08004f58   0x08004f58   0x000000c4   Code   RO         4495    i.rt_free           mem.o
    0x0800501c   0x0800501c   0x00000008   Code   RO         4937    i.rt_heap_begin_get  board.o
    0x08005024   0x08005024   0x00000008   Code   RO         4938    i.rt_heap_end_get   board.o
    0x0800502c   0x0800502c   0x00000060   Code   RO         4939    i.rt_hw_board_init  board.o
    0x0800508c   0x0800508c   0x0000002c   Code   RO         4998    i.rt_hw_console_getchar  finsh_port.o
    0x080050b8   0x080050b8   0x00000048   Code   RO         4940    i.rt_hw_console_output  board.o
    0x08005100   0x08005100   0x000001fc   Code   RO         3969    i.rt_hw_hard_fault_exception  cpuport.o
    0x080052fc   0x080052fc   0x00000038   Code   RO         3970    i.rt_hw_stack_init  cpuport.o
    0x08005334   0x08005334   0x0000001c   Code   RO         4285    i.rt_interrupt_enter  irq.o
    0x08005350   0x08005350   0x0000001c   Code   RO         4287    i.rt_interrupt_leave  irq.o
    0x0800536c   0x0800536c   0x00000052   Code   RO         4166    i.rt_ipc_list_suspend  ipc.o
    0x080053be   0x080053be   0x00000002   PAD
    0x080053c0   0x080053c0   0x00000020   Code   RO         4320    i.rt_kprintf        kservice.o
    0x080053e0   0x080053e0   0x0000000e   Code   RO         4558    i.rt_list_insert_after  object.o
    0x080053ee   0x080053ee   0x0000000e   Code   RO         4709    i.rt_list_insert_after  thread.o
    0x080053fc   0x080053fc   0x0000000e   Code   RO         4839    i.rt_list_insert_after  timer.o
    0x0800540a   0x0800540a   0x0000000e   Code   RO         4167    i.rt_list_insert_before  ipc.o
    0x08005418   0x08005418   0x00000012   Code   RO         3700    i.rt_list_len       cmd_1.o
    0x0800542a   0x0800542a   0x00000012   Code   RO         4559    i.rt_list_remove    object.o
    0x0800543c   0x0800543c   0x00000012   Code   RO         4710    i.rt_list_remove    thread.o
    0x0800544e   0x0800544e   0x00000012   Code   RO         4840    i.rt_list_remove    timer.o
    0x08005460   0x08005460   0x000000f0   Code   RO         4496    i.rt_malloc         mem.o
    0x08005550   0x08005550   0x00000032   Code   RO         4325    i.rt_memmove        kservice.o
    0x08005582   0x08005582   0x00000002   PAD
    0x08005584   0x08005584   0x00000046   Code   RO         4326    i.rt_memset         kservice.o
    0x080055ca   0x080055ca   0x00000050   Code   RO         4560    i.rt_object_allocate  object.o
    0x0800561a   0x0800561a   0x00000026   Code   RO         4561    i.rt_object_delete  object.o
    0x08005640   0x08005640   0x00000020   Code   RO         4562    i.rt_object_detach  object.o
    0x08005660   0x08005660   0x00000024   Code   RO         4564    i.rt_object_get_information  object.o
    0x08005684   0x08005684   0x00000050   Code   RO         4568    i.rt_object_init    object.o
    0x080056d4   0x080056d4   0x0000000e   Code   RO         4569    i.rt_object_is_systemobject  object.o
    0x080056e2   0x080056e2   0x00000002   PAD
    0x080056e4   0x080056e4   0x00000058   Code   RO         4648    i.rt_schedule       scheduler.o
    0x0800573c   0x0800573c   0x00000050   Code   RO         4649    i.rt_schedule_insert_thread  scheduler.o
    0x0800578c   0x0800578c   0x00000048   Code   RO         4650    i.rt_schedule_remove_thread  scheduler.o
    0x080057d4   0x080057d4   0x00000024   Code   RO         4180    i.rt_sem_init       ipc.o
    0x080057f8   0x080057f8   0x0000004a   Code   RO         4181    i.rt_sem_release    ipc.o
    0x08005842   0x08005842   0x0000006e   Code   RO         4182    i.rt_sem_take       ipc.o
    0x080058b0   0x080058b0   0x000000b0   Code   RO         4328    i.rt_show_version   kservice.o
    0x08005960   0x08005960   0x00000010   Code   RO         4334    i.rt_strlen         kservice.o
    0x08005970   0x08005970   0x00000026   Code   RO         4336    i.rt_strncpy        kservice.o
    0x08005996   0x08005996   0x00000002   PAD
    0x08005998   0x08005998   0x000000ac   Code   RO         4499    i.rt_system_heap_init  mem.o
    0x08005a44   0x08005a44   0x00000034   Code   RO         4651    i.rt_system_scheduler_init  scheduler.o
    0x08005a78   0x08005a78   0x00000028   Code   RO         4652    i.rt_system_scheduler_start  scheduler.o
    0x08005aa0   0x08005aa0   0x0000000c   Code   RO         4841    i.rt_system_timer_init  timer.o
    0x08005aac   0x08005aac   0x00000002   Code   RO         4842    i.rt_system_timer_thread_init  timer.o
    0x08005aae   0x08005aae   0x00000048   Code   RO         4712    i.rt_thread_create  thread.o
    0x08005af6   0x08005af6   0x00000002   PAD
    0x08005af8   0x08005af8   0x0000005c   Code   RO         4717    i.rt_thread_exit    thread.o
    0x08005b54   0x08005b54   0x00000006   Code   RO         4130    i.rt_thread_idle_entry  idle.o
    0x08005b5a   0x08005b5a   0x00000002   PAD
    0x08005b5c   0x08005b5c   0x0000004c   Code   RO         4131    i.rt_thread_idle_excute  idle.o
    0x08005ba8   0x08005ba8   0x00000038   Code   RO         4133    i.rt_thread_idle_init  idle.o
    0x08005be0   0x08005be0   0x00000030   Code   RO         4719    i.rt_thread_init    thread.o
    0x08005c10   0x08005c10   0x0000000e   Code   RO         4720    i.rt_thread_mdelay  thread.o
    0x08005c1e   0x08005c1e   0x0000003c   Code   RO         4721    i.rt_thread_resume  thread.o
    0x08005c5a   0x08005c5a   0x00000002   PAD
    0x08005c5c   0x08005c5c   0x0000000c   Code   RO         4722    i.rt_thread_self    thread.o
    0x08005c68   0x08005c68   0x00000040   Code   RO         4723    i.rt_thread_sleep   thread.o
    0x08005ca8   0x08005ca8   0x0000002c   Code   RO         4724    i.rt_thread_startup  thread.o
    0x08005cd4   0x08005cd4   0x00000042   Code   RO         4725    i.rt_thread_suspend  thread.o
    0x08005d16   0x08005d16   0x00000020   Code   RO         4726    i.rt_thread_timeout  thread.o
    0x08005d36   0x08005d36   0x00000002   PAD
    0x08005d38   0x08005d38   0x00000060   Code   RO         4727    i.rt_thread_yield   thread.o
    0x08005d98   0x08005d98   0x00000032   Code   RO         4026    i.rt_tick_from_millisecond  clock.o
    0x08005dca   0x08005dca   0x00000002   PAD
    0x08005dcc   0x08005dcc   0x0000000c   Code   RO         4027    i.rt_tick_get       clock.o
    0x08005dd8   0x08005dd8   0x0000002c   Code   RO         4028    i.rt_tick_increase  clock.o
    0x08005e04   0x08005e04   0x0000008c   Code   RO         4843    i.rt_timer_check    timer.o
    0x08005e90   0x08005e90   0x00000048   Code   RO         4844    i.rt_timer_control  timer.o
    0x08005ed8   0x08005ed8   0x00000028   Code   RO         4847    i.rt_timer_detach   timer.o
    0x08005f00   0x08005f00   0x00000028   Code   RO         4848    i.rt_timer_init     timer.o
    0x08005f28   0x08005f28   0x00000084   Code   RO         4850    i.rt_timer_start    timer.o
    0x08005fac   0x08005fac   0x0000002e   Code   RO         4851    i.rt_timer_stop     timer.o
    0x08005fda   0x08005fda   0x00000002   PAD
    0x08005fdc   0x08005fdc   0x00000284   Code   RO         4339    i.rt_vsnprintf      kservice.o
    0x08006260   0x08006260   0x00000004   Code   RO         4068    i.rti_board_end     components.o
    0x08006264   0x08006264   0x00000004   Code   RO         4069    i.rti_board_start   components.o
    0x08006268   0x08006268   0x00000004   Code   RO         4070    i.rti_end           components.o
    0x0800626c   0x0800626c   0x00000004   Code   RO         4071    i.rti_start         components.o
    0x08006270   0x08006270   0x0000002a   Code   RO         4072    i.rtthread_startup  components.o
    0x0800629a   0x0800629a   0x00000002   PAD
    0x0800629c   0x0800629c   0x00000030   Code   RO         3701    i.show_wait_queue   cmd_1.o
    0x080062cc   0x080062cc   0x00000028   Code   RO         4341    i.skip_atoi         kservice.o
    0x080062f4   0x080062f4   0x00000082   Code   RO         3512    i.trapmf            fuzzypid.o
    0x08006376   0x08006376   0x00000004   Code   RO         4942    i.uart_init         board.o
    0x0800637a   0x0800637a   0x00000002   PAD
    0x0800637c   0x0800637c   0x000000d0   Code   RO         3971    i.usage_fault_track  cpuport.o
    0x0800644c   0x0800644c   0x0000000a   Code   RO         3702    i.version           cmd_1.o
    0x08006456   0x08006456   0x000000bc   Code   RO         3514    i.zmf               fuzzypid.o
    0x08006512   0x08006512   0x00000012   Data   RO         1014    .constdata          stm32f1xx_hal_rcc.o
    0x08006524   0x08006524   0x00000010   Data   RO         3141    .constdata          system_stm32f1xx.o
    0x08006534   0x08006534   0x00000008   Data   RO         3142    .constdata          system_stm32f1xx.o
    0x0800653c   0x0800653c   0x0000001b   Data   RO         3256    .constdata          sx1278.o
    0x08006557   0x08006557   0x00000122   Data   RO         4343    .constdata          kservice.o
    0x08006679   0x08006679   0x00000003   PAD
    0x0800667c   0x0800667c   0x00000030   Data   RO         5021    .constdata          m_ws.l(expf.o)
    0x080066ac   0x080066ac   0x00000140   Data   RO         5031    .constdata          m_ws.l(powf.o)
    0x080067ec   0x080067ec   0x00000044   Data   RO         3703    .conststring        cmd_1.o
    0x08006830   0x08006830   0x0000000e   Data   RO         3205    .rodata.name        app_pid_test.o
    0x0800683e   0x0800683e   0x00000019   Data   RO         3206    .rodata.name        app_pid_test.o
    0x08006857   0x08006857   0x0000000a   Data   RO         3447    .rodata.name        cmd.o
    0x08006861   0x08006861   0x00000027   Data   RO         3448    .rodata.name        cmd.o
    0x08006888   0x08006888   0x00000010   Data   RO         3449    .rodata.name        cmd.o
    0x08006898   0x08006898   0x00000016   Data   RO         3450    .rodata.name        cmd.o
    0x080068ae   0x080068ae   0x00000006   Data   RO         3704    .rodata.name        cmd_1.o
    0x080068b4   0x080068b4   0x00000010   Data   RO         3705    .rodata.name        cmd_1.o
    0x080068c4   0x080068c4   0x00000008   Data   RO         3706    .rodata.name        cmd_1.o
    0x080068cc   0x080068cc   0x00000023   Data   RO         3707    .rodata.name        cmd_1.o
    0x080068ef   0x080068ef   0x0000000e   Data   RO         3708    .rodata.name        cmd_1.o
    0x080068fd   0x080068fd   0x00000023   Data   RO         3709    .rodata.name        cmd_1.o
    0x08006920   0x08006920   0x0000000c   Data   RO         3710    .rodata.name        cmd_1.o
    0x0800692c   0x0800692c   0x0000000c   Data   RO         3711    .rodata.name        cmd_1.o
    0x08006938   0x08006938   0x00000012   Data   RO         3712    .rodata.name        cmd_1.o
    0x0800694a   0x0800694a   0x0000000c   Data   RO         3713    .rodata.name        cmd_1.o
    0x08006956   0x08006956   0x00000009   Data   RO         3714    .rodata.name        cmd_1.o
    0x0800695f   0x0800695f   0x00000019   Data   RO         3715    .rodata.name        cmd_1.o
    0x08006978   0x08006978   0x0000000f   Data   RO         3716    .rodata.name        cmd_1.o
    0x08006987   0x08006987   0x00000019   Data   RO         3717    .rodata.name        cmd_1.o
    0x080069a0   0x080069a0   0x0000000d   Data   RO         3718    .rodata.name        cmd_1.o
    0x080069ad   0x080069ad   0x00000018   Data   RO         3719    .rodata.name        cmd_1.o
    0x080069c5   0x080069c5   0x00000013   Data   RO         3720    .rodata.name        cmd_1.o
    0x080069d8   0x080069d8   0x00000018   Data   RO         3721    .rodata.name        cmd_1.o
    0x080069f0   0x080069f0   0x0000000b   Data   RO         3722    .rodata.name        cmd_1.o
    0x080069fb   0x080069fb   0x00000015   Data   RO         3723    .rodata.name        cmd_1.o
    0x08006a10   0x08006a10   0x00000011   Data   RO         3724    .rodata.name        cmd_1.o
    0x08006a21   0x08006a21   0x00000015   Data   RO         3725    .rodata.name        cmd_1.o
    0x08006a36   0x08006a36   0x00000005   Data   RO         3726    .rodata.name        cmd_1.o
    0x08006a3b   0x08006a3b   0x0000001a   Data   RO         3727    .rodata.name        cmd_1.o
    0x08006a55   0x08006a55   0x0000000b   Data   RO         3823    .rodata.name        msh.o
    0x08006a60   0x08006a60   0x00000016   Data   RO         3824    .rodata.name        msh.o
    0x08006a76   0x08006a76   0x00000009   Data   RO         3825    .rodata.name        msh.o
    0x08006a7f   0x08006a7f   0x0000001c   Data   RO         3826    .rodata.name        msh.o
    0x08006a9b   0x08006a9b   0x0000000b   Data   RO         3827    .rodata.name        msh.o
    0x08006aa6   0x08006aa6   0x00000025   Data   RO         3828    .rodata.name        msh.o
    0x08006acb   0x08006acb   0x00000009   Data   RO         4502    .rodata.name        mem.o
    0x08006ad4   0x08006ad4   0x0000001e   Data   RO         4503    .rodata.name        mem.o
    0x08006af2   0x08006af2   0x00000002   PAD
    0x08006af4   0x08006af4   0x00000004   Data   RO         4073    .rti_fn.0           components.o
    0x08006af8   0x08006af8   0x00000004   Data   RO         4074    .rti_fn.0.end       components.o
    0x08006afc   0x08006afc   0x00000004   Data   RO         4944    .rti_fn.1           board.o
    0x08006b00   0x08006b00   0x00000004   Data   RO         4075    .rti_fn.1.end       components.o
    0x08006b04   0x08006b04   0x00000004   Data   RO         3894    .rti_fn.6           shell.o
    0x08006b08   0x08006b08   0x00000004   Data   RO         4076    .rti_fn.6.end       components.o
    0x08006b0c   0x08006b0c   0x0000000c   Data   RO         3207    FSymTab             app_pid_test.o
    0x08006b18   0x08006b18   0x00000018   Data   RO         3451    FSymTab             cmd.o
    0x08006b30   0x08006b30   0x00000090   Data   RO         3728    FSymTab             cmd_1.o
    0x08006bc0   0x08006bc0   0x00000024   Data   RO         3829    FSymTab             msh.o
    0x08006be4   0x08006be4   0x0000000c   Data   RO         4504    FSymTab             mem.o
    0x08006bf0   0x08006bf0   0x00000020   Data   RO         5453    Region$$Table       anon$$obj.o


    Execution Region RW_IRAM1 (Exec base: 0x20000000, Load base: 0x08006c10, Size: 0x00006af0, Max: 0x00010000, ABSOLUTE, COMPRESSED[0x000000f0])

    Exec Addr    Load Addr    Size         Type   Attr      Idx    E Section Name        Object

    0x20000000   COMPRESSED   0x0000000c   Data   RW          851    .data               stm32f1xx_hal.o
    0x2000000c   COMPRESSED   0x00000004   Data   RW         3143    .data               system_stm32f1xx.o
    0x20000010   COMPRESSED   0x00000364   Data   RW         3204    .data               app_pid_test.o
    0x20000374   COMPRESSED   0x00000018   Data   RW         3893    .data               shell.o
    0x2000038c   COMPRESSED   0x00000004   Data   RW         3972    .data               cpuport.o
    0x20000390   COMPRESSED   0x00000004   Data   RW         3973    .data               cpuport.o
    0x20000394   COMPRESSED   0x00000004   Data   RW         3974    .data               cpuport.o
    0x20000398   COMPRESSED   0x00000004   Data   RW         3975    .data               cpuport.o
    0x2000039c   COMPRESSED   0x00000004   Data   RW         4030    .data               clock.o
    0x200003a0   COMPRESSED   0x00000001   Data   RW         4288    .data               irq.o
    0x200003a1   COMPRESSED   0x00000003   PAD
    0x200003a4   COMPRESSED   0x00000018   Data   RW         4501    .data               mem.o
    0x200003bc   COMPRESSED   0x00000040   Data   RW         4571    .data               object.o
    0x200003fc   COMPRESSED   0x00000014   Data   RW         4654    .data               scheduler.o
    0x20000410   COMPRESSED   0x0000000c   Data   RW         4852    .data               timer.o
    0x2000041c   COMPRESSED   0x00000004   Data   RW         5412    .data               mc_w.l(stdout.o)
    0x20000420   COMPRESSED   0x00000004   Data   RW         5417    .data               mc_w.l(mvars.o)
    0x20000424   COMPRESSED   0x00000004   Data   RW         5418    .data               mc_w.l(mvars.o)
    0x20000428   COMPRESSED   0x00000004   Data   RW         5422    .data               mc_w.l(errno.o)
    0x2000042c        -       0x00000058   Zero   RW          236    .bss                spi.o
    0x20000484        -       0x00000048   Zero   RW          278    .bss                usart.o
    0x200004cc        -       0x00000048   Zero   RW          432    .bss                stm32f1xx_hal_timebase_tim.o
    0x20000514   COMPRESSED   0x00000004   PAD
    0x20000518        -       0x00000138   Zero   RW         3178    .bss                bsp_lora.o
    0x20000650        -       0x00000101   Zero   RW         3892    .bss                shell.o
    0x20000751   COMPRESSED   0x00000003   PAD
    0x20000754        -       0x00000178   Zero   RW         4134    .bss                idle.o
    0x200008cc        -       0x00000100   Zero   RW         4342    .bss                kservice.o
    0x200009cc        -       0x00000020   Zero   RW         4500    .bss                mem.o
    0x200009ec        -       0x00000100   Zero   RW         4653    .bss                scheduler.o
    0x20000aec        -       0x00003c00   Zero   RW         4943    .bss                board.o
    0x200046ec   COMPRESSED   0x00000004   PAD
    0x200046f0        -       0x00002000   Zero   RW            2    HEAP                startup_stm32f103xe.o
    0x200066f0        -       0x00000400   Zero   RW            1    STACK               startup_stm32f103xe.o


==============================================================================

Image component sizes


      Code (inc. data)   RO Data    RW Data    ZI Data      Debug   Object Name

       488        216         51        868          0       3899   app_pid_test.o
       188         22          4          0      15360      28433   board.o
       252        134          0          0        312        859   bsp_lora.o
       106         12          0          4          0       1732   clock.o
       440        276        111          0          0       2312   cmd.o
      1738        656        635          0          0      14741   cmd_1.o
       182         28         16          0          0       5630   components.o
       244         28          0          0          0        832   context_rvds.o
      1340        718          0         16          0       5502   cpuport.o
        44          6          0          0          0        968   finsh_port.o
      2180         64          0          0          0      19770   fuzzypid.o
       244         20          0          0          0        955   gpio.o
       138         22          0          0        376       4922   idle.o
       316          0          0          0          0       6605   ipc.o
        56         12          0          1          0       1538   irq.o
      1438        160        290          0        256      10797   kservice.o
       150          6          0          0          0     506058   main.o
       826        248         51         24         32       5167   mem.o
       780        162        154          0          0       8320   msh.o
       312          6          0         64          0       8184   object.o
       416         56          0         20        256       8010   scheduler.o
       928        134          4         24        257       9376   shell.o
       200         24          0          0         88       1625   spi.o
        36          8        304          0       9216        792   startup_stm32f103xe.o
        64         14          0         12          0       5190   stm32f1xx_hal.o
       158         14          0          0          0      28138   stm32f1xx_hal_cortex.o
       374          8          0          0          0       1807   stm32f1xx_hal_dma.o
       556         48          0          0          0       4569   stm32f1xx_hal_gpio.o
        60          8          0          0          0        850   stm32f1xx_hal_msp.o
      1304         94         18          0          0       5681   stm32f1xx_hal_rcc.o
      1516          8          0          0          0       8600   stm32f1xx_hal_spi.o
       668         42          0          0          0       7116   stm32f1xx_hal_tim.o
         4          0          0          0          0       1557   stm32f1xx_hal_tim_ex.o
       116         16          0          0         72       1395   stm32f1xx_hal_timebase_tim.o
      1474         10          0          0          0       9964   stm32f1xx_hal_uart.o
        72         18          0          0          0       4684   stm32f1xx_it.o
       576          8         27          0          0       9985   sx1278.o
       142          0          0          0          0       3127   sx1278_hw.o
       106         22         24          4          0       1711   system_stm32f1xx.o
       788         44          0          0          0      12219   thread.o
       550         20          0         12          0      10696   timer.o
       184         20          0          0         72       1654   usart.o

    ----------------------------------------------------------------------
     21810       3412       1726       1052      26308     775970   Object Totals
         0          0         32          0          0          0   (incl. Generated)
        56          0          5          3         11          0   (incl. Padding)

    ----------------------------------------------------------------------

      Code (inc. data)   RO Data    RW Data    ZI Data      Debug   Library Member Name

       368         46         48          0          0        156   expf.o
        40          0          0          0          0         80   fmaxf.o
        40          0          0          0          0         80   fminf.o
        38          0          0          0          0         68   fpclassifyf.o
        48          0          0          0          0        408   funder.o
      1568         80        320          0          0        224   powf.o
        86          0          0          0          0          0   __dczerorl2.o
         0          0          0          0          0          0   entry.o
         0          0          0          0          0          0   entry10a.o
         0          0          0          0          0          0   entry11a.o
         4          0          0          0          0          0   entry12b.o
         8          4          0          0          0          0   entry2.o
         4          0          0          0          0          0   entry5.o
         0          0          0          0          0          0   entry7b.o
         0          0          0          0          0          0   entry8b.o
         8          4          0          0          0          0   entry9a.o
        12          6          0          4          0         68   errno.o
        18          0          0          0          0         80   fputc.o
        30          0          0          0          0          0   handlers.o
        36          8          0          0          0         68   init.o
         0          0          0          0          0          0   iusefp.o
         0          0          0          0          0          0   iusesemip.o
        30          0          0          0          0         68   llshl.o
        32          0          0          0          0         68   llushr.o
       188         20          0          0          0        160   malloc.o
        36          0          0          0          0         68   memcpya.o
        36          0          0          0          0        108   memseta.o
         0          0          0          8          0          0   mvars.o
        50          8          0          0          0        152   printfb.o
         0          0          0          0          0          0   semi.o
         0          0          0          4          0          0   stdout.o
        24          0          0          0          0         68   strcat.o
        28          0          0          0          0         76   strcmp.o
        18          0          0          0          0         68   strcpy.o
        14          0          0          0          0         68   strlen.o
        30          0          0          0          0         80   strncmp.o
        24          0          0          0          0         76   strncpy.o
        98          0          0          0          0         92   uldiv.o
        20          0          0          0          0         68   cfcmple.o
        20          0          0          0          0         68   cfrcmple.o
       176          0          0          0          0        140   fadd.o
        54          0          0          0          0         68   fcmp4.o
       124          0          0          0          0         88   fdiv.o
       110          0          0          0          0        168   fepilogue.o
        50          0          0          0          0         68   ffixi.o
        76          0          0          0          0         76   ffixir.o
        18          0          0          0          0         68   fflti.o
       100          0          0          0          0         76   fmul.o
         4          0          0          0          0         68   fpstat.o
        60          0          0          0          0         76   frnd.o
        24          0          0          0          0         68   fscalb.o

    ----------------------------------------------------------------------
      3760        176        368         16          0       3484   Library Totals
         8          0          0          0          0          0   (incl. Padding)

    ----------------------------------------------------------------------

      Code (inc. data)   RO Data    RW Data    ZI Data      Debug   Library Name

      2102        126        368          0          0       1016   m_ws.l
       814         50          0         16          0       1368   mc_w.l
       836          0          0          0          0       1100   mf_w.l

    ----------------------------------------------------------------------
      3760        176        368         16          0       3484   Library Totals

    ----------------------------------------------------------------------

==============================================================================


      Code (inc. data)   RO Data    RW Data    ZI Data      Debug   

     25570       3588       2094       1068      26308     765646   Grand Totals
     25570       3588       2094        240      26308     765646   ELF Image Totals (compressed)
     25570       3588       2094        240          0          0   ROM Totals

==============================================================================

    Total RO  Size (Code + RO Data)                27664 (  27.02kB)
    Total RW  Size (RW Data + ZI Data)             27376 (  26.73kB)
    Total ROM Size (Code + RO Data + RW Data)      27904 (  27.25kB)

==============================================================================

