<html>
<body>
<pre>
<h1>µVision Build Log</h1>
<h2>Tool Versions:</h2>
IDE-Version: ¦ÌVision V5.36.0.0
Copyright (C) 2021 ARM Ltd and ARM Germany GmbH. All rights reserved.
License Information: guan User, ruizhan, LIC=UJWP0-BUUU6-NNDAF-6JQVD-8EHBD-R6HK0
 
Tool Versions:
Toolchain:       MDK-ARM Plus  Version: 5.36.0.0
Toolchain Path:  E:\MDK5.36\ARM\ARMCC\Bin
C Compiler:      Armcc.exe V5.06 update 7 (build 960)
Assembler:       Armasm.exe V5.06 update 7 (build 960)
Linker/Locator:  ArmLink.exe V5.06 update 7 (build 960)
Library Manager: ArmAr.exe V5.06 update 7 (build 960)
Hex Converter:   FromElf.exe V5.06 update 7 (build 960)
CPU DLL:         SARMCM3.DLL V5.36.0.0
Dialog DLL:      DCM.DLL V1.17.3.0
Target DLL:      STLink\ST-LINKIII-KEIL_SWO.dll V3.0.9.0
Dialog DLL:      TCM.DLL V1.53.0.0
 
<h2>Project:</h2>
C:\Users\User\Desktop\Reefer_ZET6_RTThread\MDK-ARM\Reefer_ZET6_RTThread.uvprojx
Project File Date:  12/04/2025

<h2>Output:</h2>
*** Using Compiler 'V5.06 update 7 (build 960)', folder: 'E:\MDK5.36\ARM\ARMCC\Bin'
Rebuild target 'Reefer_ZET6_RTThread'
Note: source file 'E:\MDK5.36\Packs\RealThread\RT-Thread\3.1.5\components\finsh\cmd.c' - object file renamed from 'Reefer_ZET6_RTThread\cmd.o' to 'Reefer_ZET6_RTThread\cmd_1.o'.
assembling startup_stm32f103xe.s...
compiling stm32f1xx_hal_timebase_tim.c...
compiling stm32f1xx_hal_gpio_ex.c...
compiling gpio.c...
compiling stm32f1xx_it.c...
compiling usart.c...
compiling stm32f1xx_hal.c...
compiling main.c...
compiling stm32f1xx_hal_rcc.c...
compiling spi.c...
compiling stm32f1xx_hal_msp.c...
compiling stm32f1xx_hal_spi.c...
compiling stm32f1xx_hal_cortex.c...
compiling stm32f1xx_hal_exti.c...
compiling stm32f1xx_hal_flash_ex.c...
compiling app_pid_test.c...
compiling SX1278.c...
compiling stm32f1xx_hal_gpio.c...
compiling stm32f1xx_hal_flash.c...
compiling stm32f1xx_hal_uart.c...
compiling stm32f1xx_hal_tim.c...
compiling stm32f1xx_hal_rcc_ex.c...
compiling stm32f1xx_hal_pwr.c...
compiling cmd.c...
compiling msh.c...
compiling stm32f1xx_hal_tim_ex.c...
compiling shell.c...
compiling fuzzyPID.c...
assembling context_rvds.S...
compiling cpuport.c...
compiling clock.c...
compiling components.c...
compiling idle.c...
compiling irq.c...
compiling ipc.c...
compiling mempool.c...
compiling stm32f1xx_hal_dma.c...
compiling object.c...
compiling mem.c...
compiling scheduler.c...
compiling timer.c...
compiling thread.c...
compiling system_stm32f1xx.c...
compiling finsh_port.c...
compiling SX1278_hw.c...
compiling cmd.c...
compiling bsp_lora.c...
compiling board.c...
compiling kservice.c...
linking...
Program Size: Code=28206 RO-data=2282 RW-data=1092 ZI-data=26308  
FromELF: creating hex file...
"Reefer_ZET6_RTThread\Reefer_ZET6_RTThread.axf" - 0 Error(s), 0 Warning(s).

<h2>Software Packages used:</h2>

Package Vendor: ARM
                http://www.keil.com/pack/ARM.CMSIS.5.8.0.pack
                ARM.CMSIS.5.8.0
                CMSIS (Common Microcontroller Software Interface Standard)
   * Component: CORE Version: 5.5.0

Package Vendor: RealThread
                https://www.rt-thread.org/download/mdk/RealThread.RT-Thread.3.1.5.pack
                RealThread.RT-Thread.3.1.5
                RT-Thread Software Components
   * Component: kernel Version: 3.1.5
   * Component: shell Version: 3.1.5

Package Vendor: Keil
                http://www.keil.com/pack/Keil.STM32F1xx_DFP.2.3.0.pack
                Keil.STM32F1xx_DFP.2.3.0
                STMicroelectronics STM32F1 Series Device Support, Drivers and Examples

<h2>Collection of Component include folders:</h2>
  .\RTE\RTOS
  .\RTE\_Reefer_ZET6_RTThread
  E:\MDK5.36\Packs\ARM\CMSIS\5.8.0\CMSIS\Core\Include
  E:\MDK5.36\Packs\Keil\STM32F1xx_DFP\2.3.0\Device\Include
  E:\MDK5.36\Packs\RealThread\RT-Thread\3.1.5\components\finsh
  E:\MDK5.36\Packs\RealThread\RT-Thread\3.1.5\include

<h2>Collection of Component Files used:</h2>

   * Component: ARM::CMSIS:CORE:5.5.0
      Include file:  CMSIS\Core\Include\tz_context.h

   * Component: RealThread.RT-Thread::RTOS:kernel:3.1.5
      Include file:  bsp\_template\rtconfig.h
      Source file:   src\clock.c
      Source file:   src\idle.c
      Source file:   src\irq.c
      Source file:   src\kservice.c
      Source file:   src\mem.c
      Source file:   src\object.c
      Source file:   src\components.c
      Source file:   bsp\_template\board.c
      Source file:   src\scheduler.c
      Source file:   src\ipc.c
      Source file:   src\mempool.c
      Source file:   src\thread.c
      Source file:   src\timer.c
      Source file:   libcpu\arm\cortex-m3\context_rvds.S
      Source file:   libcpu\arm\cortex-m3\cpuport.c

   * Component: RealThread.RT-Thread::RTOS:shell:3.1.5
      Include file:  components\finsh\finsh_config.h
      Source file:   components\finsh\msh.c
      Source file:   components\finsh\finsh_port.c
      Source file:   components\finsh\shell.c
      Source file:   components\finsh\cmd.c
Build Time Elapsed:  00:00:09
</pre>
</body>
</html>
