Component: ARM Compiler 5.06 update 7 (build 960) Tool: armlink [4d3601]

==============================================================================

Section Cross References

    startup_stm32f103xe.o(RESET) refers to startup_stm32f103xe.o(STACK) for __initial_sp
    startup_stm32f103xe.o(RESET) refers to startup_stm32f103xe.o(.text) for Reset_Handler
    startup_stm32f103xe.o(RESET) refers to stm32f1xx_it.o(i.NMI_Handler) for NMI_Handler
    startup_stm32f103xe.o(RESET) refers to context_rvds.o(.text) for HardFault_Handler
    startup_stm32f103xe.o(RESET) refers to stm32f1xx_it.o(i.MemManage_Handler) for MemManage_Handler
    startup_stm32f103xe.o(RESET) refers to stm32f1xx_it.o(i.BusFault_Handler) for BusFault_Handler
    startup_stm32f103xe.o(RESET) refers to stm32f1xx_it.o(i.UsageFault_Handler) for UsageFault_Handler
    startup_stm32f103xe.o(RESET) refers to stm32f1xx_it.o(i.SVC_Handler) for SVC_Handler
    startup_stm32f103xe.o(RESET) refers to stm32f1xx_it.o(i.DebugMon_Handler) for DebugMon_Handler
    startup_stm32f103xe.o(RESET) refers to stm32f1xx_it.o(i.SysTick_Handler) for SysTick_Handler
    startup_stm32f103xe.o(RESET) refers to stm32f1xx_it.o(i.EXTI2_IRQHandler) for EXTI2_IRQHandler
    startup_stm32f103xe.o(RESET) refers to stm32f1xx_it.o(i.SPI1_IRQHandler) for SPI1_IRQHandler
    startup_stm32f103xe.o(RESET) refers to stm32f1xx_it.o(i.USART1_IRQHandler) for USART1_IRQHandler
    startup_stm32f103xe.o(RESET) refers to stm32f1xx_it.o(i.TIM6_IRQHandler) for TIM6_IRQHandler
    startup_stm32f103xe.o(.text) refers to system_stm32f1xx.o(i.SystemInit) for SystemInit
    startup_stm32f103xe.o(.text) refers to entry.o(.ARM.Collect$$$$00000000) for __main
    main.o(i.HAL_TIM_PeriodElapsedCallback) refers to stm32f1xx_hal.o(i.HAL_IncTick) for HAL_IncTick
    main.o(i.SystemClock_Config) refers to memseta.o(.text) for __aeabi_memclr4
    main.o(i.SystemClock_Config) refers to stm32f1xx_hal_rcc.o(i.HAL_RCC_OscConfig) for HAL_RCC_OscConfig
    main.o(i.SystemClock_Config) refers to stm32f1xx_hal_rcc.o(i.HAL_RCC_ClockConfig) for HAL_RCC_ClockConfig
    main.o(i.User_App_Start) refers to thread.o(i.rt_thread_create) for rt_thread_create
    main.o(i.User_App_Start) refers to thread.o(i.rt_thread_startup) for rt_thread_startup
    main.o(i.User_App_Start) refers to kservice.o(i.rt_kprintf) for rt_kprintf
    main.o(i.User_App_Start) refers to bsp_lora.o(i.lora_rx_thread_entry) for lora_rx_thread_entry
    main.o(i.main) refers to stm32f1xx_hal.o(i.HAL_Init) for HAL_Init
    main.o(i.main) refers to main.o(i.SystemClock_Config) for SystemClock_Config
    main.o(i.main) refers to gpio.o(i.MX_GPIO_Init) for MX_GPIO_Init
    main.o(i.main) refers to spi.o(i.MX_SPI1_Init) for MX_SPI1_Init
    main.o(i.main) refers to usart.o(i.MX_USART1_UART_Init) for MX_USART1_UART_Init
    main.o(i.main) refers to kservice.o(i.rt_kprintf) for rt_kprintf
    main.o(i.main) refers to bsp_lora.o(i.LoRa_Init) for LoRa_Init
    main.o(i.main) refers to thread.o(i.rt_thread_mdelay) for rt_thread_mdelay
    main.o(i.main) refers to main.o(i.User_App_Start) for User_App_Start
    gpio.o(i.MX_GPIO_Init) refers to stm32f1xx_hal_gpio.o(i.HAL_GPIO_WritePin) for HAL_GPIO_WritePin
    gpio.o(i.MX_GPIO_Init) refers to stm32f1xx_hal_gpio.o(i.HAL_GPIO_Init) for HAL_GPIO_Init
    gpio.o(i.MX_GPIO_Init) refers to stm32f1xx_hal_cortex.o(i.HAL_NVIC_SetPriority) for HAL_NVIC_SetPriority
    gpio.o(i.MX_GPIO_Init) refers to stm32f1xx_hal_cortex.o(i.HAL_NVIC_EnableIRQ) for HAL_NVIC_EnableIRQ
    spi.o(i.HAL_SPI_MspDeInit) refers to stm32f1xx_hal_gpio.o(i.HAL_GPIO_DeInit) for HAL_GPIO_DeInit
    spi.o(i.HAL_SPI_MspDeInit) refers to stm32f1xx_hal_cortex.o(i.HAL_NVIC_DisableIRQ) for HAL_NVIC_DisableIRQ
    spi.o(i.HAL_SPI_MspInit) refers to stm32f1xx_hal_gpio.o(i.HAL_GPIO_Init) for HAL_GPIO_Init
    spi.o(i.HAL_SPI_MspInit) refers to stm32f1xx_hal_cortex.o(i.HAL_NVIC_SetPriority) for HAL_NVIC_SetPriority
    spi.o(i.HAL_SPI_MspInit) refers to stm32f1xx_hal_cortex.o(i.HAL_NVIC_EnableIRQ) for HAL_NVIC_EnableIRQ
    spi.o(i.MX_SPI1_Init) refers to stm32f1xx_hal_spi.o(i.HAL_SPI_Init) for HAL_SPI_Init
    spi.o(i.MX_SPI1_Init) refers to main.o(i.Error_Handler) for Error_Handler
    spi.o(i.MX_SPI1_Init) refers to spi.o(.bss) for .bss
    usart.o(i.HAL_UART_MspDeInit) refers to stm32f1xx_hal_gpio.o(i.HAL_GPIO_DeInit) for HAL_GPIO_DeInit
    usart.o(i.HAL_UART_MspDeInit) refers to stm32f1xx_hal_cortex.o(i.HAL_NVIC_DisableIRQ) for HAL_NVIC_DisableIRQ
    usart.o(i.HAL_UART_MspInit) refers to stm32f1xx_hal_gpio.o(i.HAL_GPIO_Init) for HAL_GPIO_Init
    usart.o(i.HAL_UART_MspInit) refers to stm32f1xx_hal_cortex.o(i.HAL_NVIC_SetPriority) for HAL_NVIC_SetPriority
    usart.o(i.HAL_UART_MspInit) refers to stm32f1xx_hal_cortex.o(i.HAL_NVIC_EnableIRQ) for HAL_NVIC_EnableIRQ
    usart.o(i.MX_USART1_UART_Init) refers to stm32f1xx_hal_uart.o(i.HAL_UART_Init) for HAL_UART_Init
    usart.o(i.MX_USART1_UART_Init) refers to main.o(i.Error_Handler) for Error_Handler
[...]
    strncpy                                  0x08000343   Thumb Code    24  strncpy.o(.text)
    strlen                                   0x0800035b   Thumb Code    14  strlen.o(.text)
    strcmp                                   0x08000369   Thumb Code    28  strcmp.o(.text)
    strcpy                                   0x08000385   Thumb Code    18  strcpy.o(.text)
    strncmp                                  0x08000397   Thumb Code    30  strncmp.o(.text)
    __aeabi_fadd                             0x080003b5   Thumb Code   164  fadd.o(.text)
    __aeabi_fsub                             0x08000459   Thumb Code     6  fadd.o(.text)
    __aeabi_frsub                            0x0800045f   Thumb Code     6  fadd.o(.text)
    __aeabi_fmul                             0x08000465   Thumb Code   100  fmul.o(.text)
    __aeabi_fdiv                             0x080004c9   Thumb Code   124  fdiv.o(.text)
    __ARM_scalbnf                            0x08000545   Thumb Code    24  fscalb.o(.text)
    scalbnf                                  0x08000545   Thumb Code     0  fscalb.o(.text)
    __aeabi_i2f                              0x0800055d   Thumb Code    18  fflti.o(.text)
    __aeabi_f2iz                             0x0800056f   Thumb Code    50  ffixi.o(.text)
    __aeabi_cfcmpeq                          0x080005a1   Thumb Code     0  cfcmple.o(.text)
    __aeabi_cfcmple                          0x080005a1   Thumb Code    20  cfcmple.o(.text)
    __aeabi_cfrcmple                         0x080005b5   Thumb Code    20  cfrcmple.o(.text)
    __aeabi_llsl                             0x080005c9   Thumb Code    30  llshl.o(.text)
    _ll_shift_l                              0x080005c9   Thumb Code     0  llshl.o(.text)
    __I$use$fp                               0x080005e7   Thumb Code     0  iusefp.o(.text)
    _float_round                             0x080005e7   Thumb Code    18  fepilogue.o(.text)
    _float_epilogue                          0x080005f9   Thumb Code    92  fepilogue.o(.text)
    _frnd                                    0x08000655   Thumb Code    60  frnd.o(.text)
    _ffix_r                                  0x08000691   Thumb Code    76  ffixir.o(.text)
    __ARM_fcmp4                              0x080006dd   Thumb Code    54  fcmp4.o(.text)
    _fcmp4                                   0x080006dd   Thumb Code     0  fcmp4.o(.text)
    __fp_status                              0x08000713   Thumb Code     4  fpstat.o(.text)
    __ieee_status                            0x08000713   Thumb Code     0  fpstat.o(.text)
    __scatterload                            0x08000719   Thumb Code    28  init.o(.text)
    __scatterload_rt2                        0x08000719   Thumb Code     0  init.o(.text)
    __I$use$semihosting$fputc                0x0800073d   Thumb Code     0  iusesemip.o(.text)
    __decompress                             0x0800073d   Thumb Code     0  __dczerorl2.o(.text)
    __decompress1                            0x0800073d   Thumb Code    86  __dczerorl2.o(.text)
    __semihosting_library_function           0x0800073d   Thumb Code     0  semi.o(.text)
    main                                     0x08000793   Thumb Code    10  components.o(i.$Sub$$main)
    BusFault_Handler                         0x0800079d   Thumb Code     2  stm32f1xx_it.o(i.BusFault_Handler)
    DebugMon_Handler                         0x0800079f   Thumb Code     2  stm32f1xx_it.o(i.DebugMon_Handler)
    EXTI2_IRQHandler                         0x080007a1   Thumb Code     6  stm32f1xx_it.o(i.EXTI2_IRQHandler)
    Error_Handler                            0x080007a7   Thumb Code     4  main.o(i.Error_Handler)
    HAL_DMA_Abort                            0x080007ab   Thumb Code    70  stm32f1xx_hal_dma.o(i.HAL_DMA_Abort)
    HAL_DMA_Abort_IT                         0x080007f1   Thumb Code   296  stm32f1xx_hal_dma.o(i.HAL_DMA_Abort_IT)
    HAL_GPIO_EXTI_Callback                   0x08000921   Thumb Code     2  stm32f1xx_hal_gpio.o(i.HAL_GPIO_EXTI_Callback)
    HAL_GPIO_EXTI_IRQHandler                 0x08000925   Thumb Code    18  stm32f1xx_hal_gpio.o(i.HAL_GPIO_EXTI_IRQHandler)
    HAL_GPIO_Init                            0x0800093d   Thumb Code   462  stm32f1xx_hal_gpio.o(i.HAL_GPIO_Init)
    HAL_GPIO_ReadPin                         0x08000b35   Thumb Code    10  stm32f1xx_hal_gpio.o(i.HAL_GPIO_ReadPin)
    HAL_GPIO_TogglePin                       0x08000b3f   Thumb Code    16  stm32f1xx_hal_gpio.o(i.HAL_GPIO_TogglePin)
    HAL_GPIO_WritePin                        0x08000b4f   Thumb Code    10  stm32f1xx_hal_gpio.o(i.HAL_GPIO_WritePin)
    HAL_GetTick                              0x08000b59   Thumb Code     6  stm32f1xx_hal.o(i.HAL_GetTick)
    HAL_IncTick                              0x08000b65   Thumb Code    12  stm32f1xx_hal.o(i.HAL_IncTick)
    HAL_Init                                 0x08000b75   Thumb Code    32  stm32f1xx_hal.o(i.HAL_Init)
    HAL_InitTick                             0x08000b99   Thumb Code   100  stm32f1xx_hal_timebase_tim.o(i.HAL_InitTick)
    HAL_MspInit                              0x08000c0d   Thumb Code    52  stm32f1xx_hal_msp.o(i.HAL_MspInit)
    HAL_NVIC_EnableIRQ                       0x08000c49   Thumb Code    26  stm32f1xx_hal_cortex.o(i.HAL_NVIC_EnableIRQ)
    HAL_NVIC_SetPriority                     0x08000c65   Thumb Code    60  stm32f1xx_hal_cortex.o(i.HAL_NVIC_SetPriority)
    HAL_NVIC_SetPriorityGrouping             0x08000ca5   Thumb Code    26  stm32f1xx_hal_cortex.o(i.HAL_NVIC_SetPriorityGrouping)
    HAL_RCC_ClockConfig                      0x08000cc9   Thumb Code   280  stm32f1xx_hal_rcc.o(i.HAL_RCC_ClockConfig)
    HAL_RCC_GetClockConfig                   0x08000df5   Thumb Code    54  stm32f1xx_hal_rcc.o(i.HAL_RCC_GetClockConfig)
    HAL_RCC_GetPCLK1Freq                     0x08000e35   Thumb Code    20  stm32f1xx_hal_rcc.o(i.HAL_RCC_GetPCLK1Freq)
    HAL_RCC_GetPCLK2Freq                     0x08000e55   Thumb Code    20  stm32f1xx_hal_rcc.o(i.HAL_RCC_GetPCLK2Freq)
    HAL_RCC_GetSysClockFreq                  0x08000e75   Thumb Code    58  stm32f1xx_hal_rcc.o(i.HAL_RCC_GetSysClockFreq)
    HAL_RCC_OscConfig                        0x08000ec1   Thumb Code   778  stm32f1xx_hal_rcc.o(i.HAL_RCC_OscConfig)
    HAL_SPI_ErrorCallback                    0x080011e1   Thumb Code     2  stm32f1xx_hal_spi.o(i.HAL_SPI_ErrorCallback)
    HAL_SPI_GetState                         0x080011e3   Thumb Code     6  stm32f1xx_hal_spi.o(i.HAL_SPI_GetState)
    HAL_SPI_IRQHandler                       0x080011e9   Thumb Code   220  stm32f1xx_hal_spi.o(i.HAL_SPI_IRQHandler)
    HAL_SPI_Init                             0x080012c9   Thumb Code   178  stm32f1xx_hal_spi.o(i.HAL_SPI_Init)
    HAL_SPI_MspInit                          0x0800137d   Thumb Code   114  spi.o(i.HAL_SPI_MspInit)
    HAL_SPI_Transmit                         0x080013fd   Thumb Code   358  stm32f1xx_hal_spi.o(i.HAL_SPI_Transmit)
    HAL_SPI_TransmitReceive                  0x08001563   Thumb Code   496  stm32f1xx_hal_spi.o(i.HAL_SPI_TransmitReceive)
    HAL_TIMEx_BreakCallback                  0x08001753   Thumb Code     2  stm32f1xx_hal_tim_ex.o(i.HAL_TIMEx_BreakCallback)
    HAL_TIMEx_CommutCallback                 0x08001755   Thumb Code     2  stm32f1xx_hal_tim_ex.o(i.HAL_TIMEx_CommutCallback)
    HAL_TIM_Base_Init                        0x08001757   Thumb Code    90  stm32f1xx_hal_tim.o(i.HAL_TIM_Base_Init)
    HAL_TIM_Base_MspInit                     0x080017b1   Thumb Code     2  stm32f1xx_hal_tim.o(i.HAL_TIM_Base_MspInit)
    HAL_TIM_Base_Start_IT                    0x080017b5   Thumb Code    88  stm32f1xx_hal_tim.o(i.HAL_TIM_Base_Start_IT)
    HAL_TIM_IC_CaptureCallback               0x08001821   Thumb Code     2  stm32f1xx_hal_tim.o(i.HAL_TIM_IC_CaptureCallback)
    HAL_TIM_IRQHandler                       0x08001823   Thumb Code   304  stm32f1xx_hal_tim.o(i.HAL_TIM_IRQHandler)
    HAL_TIM_OC_DelayElapsedCallback          0x08001953   Thumb Code     2  stm32f1xx_hal_tim.o(i.HAL_TIM_OC_DelayElapsedCallback)
    HAL_TIM_PWM_PulseFinishedCallback        0x08001955   Thumb Code     2  stm32f1xx_hal_tim.o(i.HAL_TIM_PWM_PulseFinishedCallback)
    HAL_TIM_PeriodElapsedCallback            0x08001959   Thumb Code    14  main.o(i.HAL_TIM_PeriodElapsedCallback)
    HAL_TIM_TriggerCallback                  0x0800196d   Thumb Code     2  stm32f1xx_hal_tim.o(i.HAL_TIM_TriggerCallback)
    HAL_UARTEx_RxEventCallback               0x0800196f   Thumb Code     2  stm32f1xx_hal_uart.o(i.HAL_UARTEx_RxEventCallback)
    HAL_UART_ErrorCallback                   0x08001971   Thumb Code     2  stm32f1xx_hal_uart.o(i.HAL_UART_ErrorCallback)
    HAL_UART_IRQHandler                      0x08001975   Thumb Code   616  stm32f1xx_hal_uart.o(i.HAL_UART_IRQHandler)
    HAL_UART_Init                            0x08001be1   Thumb Code   100  stm32f1xx_hal_uart.o(i.HAL_UART_Init)
    HAL_UART_MspInit                         0x08001c45   Thumb Code   116  usart.o(i.HAL_UART_MspInit)
    HAL_UART_RxCpltCallback                  0x08001cc5   Thumb Code     2  stm32f1xx_hal_uart.o(i.HAL_UART_RxCpltCallback)
    HAL_UART_Transmit                        0x08001cc7   Thumb Code   160  stm32f1xx_hal_uart.o(i.HAL_UART_Transmit)
    HAL_UART_TxCpltCallback                  0x08001d67   Thumb Code     2  stm32f1xx_hal_uart.o(i.HAL_UART_TxCpltCallback)
    LoRa_Init                                0x08001d69   Thumb Code   144  bsp_lora.o(i.LoRa_Init)
    LoRa_Send_Data                           0x08001e8d   Thumb Code    88  bsp_lora.o(i.LoRa_Send_Data)
    MX_GPIO_Init                             0x08001f2d   Thumb Code   224  gpio.o(i.MX_GPIO_Init)
    MX_SPI1_Init                             0x08002021   Thumb Code    62  spi.o(i.MX_SPI1_Init)
    MX_USART1_UART_Init                      0x08002069   Thumb Code    48  usart.o(i.MX_USART1_UART_Init)
    MemManage_Handler                        0x080020a1   Thumb Code     2  stm32f1xx_it.o(i.MemManage_Handler)
    NMI_Handler                              0x080020a3   Thumb Code     2  stm32f1xx_it.o(i.NMI_Handler)
    SPI1_IRQHandler                          0x080020a5   Thumb Code     6  stm32f1xx_it.o(i.SPI1_IRQHandler)
    SVC_Handler                              0x080021ad   Thumb Code     2  stm32f1xx_it.o(i.SVC_Handler)
    SX1278_LoRaEntryRx                       0x080021af   Thumb Code   110  sx1278.o(i.SX1278_LoRaEntryRx)
    SX1278_LoRaEntryTx                       0x0800221d   Thumb Code   128  sx1278.o(i.SX1278_LoRaEntryTx)
    SX1278_LoRaRxPacket                      0x0800229d   Thumb Code    90  sx1278.o(i.SX1278_LoRaRxPacket)
    SX1278_LoRaTxPacket                      0x080022f7   Thumb Code    86  sx1278.o(i.SX1278_LoRaTxPacket)
    SX1278_RSSI_LoRa                         0x0800234d   Thumb Code    14  sx1278.o(i.SX1278_RSSI_LoRa)
    SX1278_SPIBurstRead                      0x0800235b   Thumb Code    66  sx1278.o(i.SX1278_SPIBurstRead)
    SX1278_SPIBurstWrite                     0x0800239d   Thumb Code    70  sx1278.o(i.SX1278_SPIBurstWrite)
    SX1278_SPIRead                           0x080023e3   Thumb Code    30  sx1278.o(i.SX1278_SPIRead)
    SX1278_SPIWrite                          0x08002401   Thumb Code    46  sx1278.o(i.SX1278_SPIWrite)
    SX1278_available                         0x0800242f   Thumb Code     4  sx1278.o(i.SX1278_available)
    SX1278_clearLoRaIrq                      0x08002433   Thumb Code     8  sx1278.o(i.SX1278_clearLoRaIrq)
    SX1278_config                            0x0800243d   Thumb Code   320  sx1278.o(i.SX1278_config)
    SX1278_entryLoRa                         0x08002585   Thumb Code     8  sx1278.o(i.SX1278_entryLoRa)
    SX1278_hw_DelayMs                        0x0800258d   Thumb Code     4  sx1278_hw.o(i.SX1278_hw_DelayMs)
    SX1278_hw_GetDIO0                        0x08002591   Thumb Code    20  sx1278_hw.o(i.SX1278_hw_GetDIO0)
    SX1278_hw_Reset                          0x080025a5   Thumb Code    48  sx1278_hw.o(i.SX1278_hw_Reset)
    SX1278_hw_SPICommand                     0x080025d5   Thumb Code    36  sx1278_hw.o(i.SX1278_hw_SPICommand)
    SX1278_hw_SPIReadByte                    0x080025f9   Thumb Code    56  sx1278_hw.o(i.SX1278_hw_SPIReadByte)
    SX1278_hw_SetNSS                         0x08002631   Thumb Code    20  sx1278_hw.o(i.SX1278_hw_SetNSS)
    SX1278_hw_init                           0x08002645   Thumb Code    26  sx1278_hw.o(i.SX1278_hw_init)
    SX1278_init                              0x0800265f   Thumb Code    58  sx1278.o(i.SX1278_init)
    SX1278_read                              0x08002699   Thumb Code    42  sx1278.o(i.SX1278_read)
    SX1278_sleep                             0x080026c3   Thumb Code    18  sx1278.o(i.SX1278_sleep)
    SX1278_standby                           0x080026d5   Thumb Code    18  sx1278.o(i.SX1278_standby)
    SX1278_transmit                          0x080026e7   Thumb Code    44  sx1278.o(i.SX1278_transmit)
    SysTick_Handler                          0x08002713   Thumb Code    18  stm32f1xx_it.o(i.SysTick_Handler)
    SystemClock_Config                       0x08002725   Thumb Code    94  main.o(i.SystemClock_Config)
    SystemCoreClockUpdate                    0x08002785   Thumb Code    82  system_stm32f1xx.o(i.SystemCoreClockUpdate)
    SystemInit                               0x080027ed   Thumb Code     2  system_stm32f1xx.o(i.SystemInit)
    TIM6_IRQHandler                          0x080027f1   Thumb Code     6  stm32f1xx_it.o(i.TIM6_IRQHandler)
    TIM_Base_SetConfig                       0x080027fd   Thumb Code   134  stm32f1xx_hal_tim.o(i.TIM_Base_SetConfig)
    USART1_IRQHandler                        0x08002ae5   Thumb Code     6  stm32f1xx_it.o(i.USART1_IRQHandler)
    UsageFault_Handler                       0x08002af1   Thumb Code     2  stm32f1xx_it.o(i.UsageFault_Handler)
    User_App_Start                           0x08002af5   Thumb Code    44  main.o(i.User_App_Start)
    __0printf$bare                           0x08002b7d   Thumb Code     8  printfb.o(i.__0printf$bare)
    __1printf$bare                           0x08002b7d   Thumb Code     0  printfb.o(i.__0printf$bare)
    __2printf                                0x08002b7d   Thumb Code     0  printfb.o(i.__0printf$bare)
    __ARM_fpclassifyf                        0x08002b8d   Thumb Code    38  fpclassifyf.o(i.__ARM_fpclassifyf)
    __mathlib_flt_divzero                    0x08002bd3   Thumb Code    10  funder.o(i.__mathlib_flt_divzero)
    __mathlib_flt_infnan                     0x08002bdd   Thumb Code     6  funder.o(i.__mathlib_flt_infnan)
    __mathlib_flt_infnan2                    0x08002be3   Thumb Code     4  funder.o(i.__mathlib_flt_infnan2)
    __mathlib_flt_invalid                    0x08002be7   Thumb Code     8  funder.o(i.__mathlib_flt_invalid)
    __mathlib_flt_overflow                   0x08002bef   Thumb Code    10  funder.o(i.__mathlib_flt_overflow)
    __mathlib_flt_underflow                  0x08002bf9   Thumb Code    10  funder.o(i.__mathlib_flt_underflow)
    __rt_ffs                                 0x08002c05   Thumb Code    62  kservice.o(i.__rt_ffs)
    __scatterload_copy                       0x08002c49   Thumb Code    14  handlers.o(i.__scatterload_copy)
    __scatterload_null                       0x08002c57   Thumb Code     2  handlers.o(i.__scatterload_null)
    __scatterload_zeroinit                   0x08002c59   Thumb Code    14  handlers.o(i.__scatterload_zeroinit)
    __set_errno                              0x08002c69   Thumb Code     6  errno.o(i.__set_errno)
    and                                      0x08002df3   Thumb Code    50  fuzzypid.o(i.and)
    cmd_free                                 0x08002f0d   Thumb Code    10  msh.o(i.cmd_free)
    cmd_ps                                   0x08002f17   Thumb Code    10  msh.o(i.cmd_ps)
    delete_fuzzy                             0x08002f21   Thumb Code    26  fuzzypid.o(i.delete_fuzzy)
    delete_pid                               0x08002f3b   Thumb Code    22  fuzzypid.o(i.delete_pid)
    delete_pid_vector                        0x08002f51   Thumb Code    36  fuzzypid.o(i.delete_pid_vector)
    df                                       0x08002f75   Thumb Code    38  fuzzypid.o(i.df)
    direct_control                           0x08002fc1   Thumb Code    12  fuzzypid.o(i.direct_control)
    equilibrium                              0x08002fcd   Thumb Code    84  fuzzypid.o(i.equilibrium)
    __mathlib_expf                           0x08003021   Thumb Code     0  expf.o(i.expf)
    expf                                     0x08003021   Thumb Code   322  expf.o(i.expf)
    finsh_get_prompt                         0x08003191   Thumb Code    68  shell.o(i.finsh_get_prompt)
    finsh_set_prompt_mode                    0x080031f1   Thumb Code    16  shell.o(i.finsh_set_prompt_mode)
    finsh_system_function_init               0x08003205   Thumb Code     8  shell.o(i.finsh_system_function_init)
    finsh_system_init                        0x08003211   Thumb Code    90  shell.o(i.finsh_system_init)
    finsh_thread_entry                       0x080032a5   Thumb Code   612  shell.o(i.finsh_thread_entry)
    fmaxf                                    0x08003531   Thumb Code    40  fmaxf.o(i.fmaxf)
    fminf                                    0x08003559   Thumb Code    40  fminf.o(i.fminf)
    fo                                       0x08003581   Thumb Code    26  fuzzypid.o(i.fo)
    fputc                                    0x0800359b   Thumb Code    18  fputc.o(i.fputc)
    free                                     0x080035ad   Thumb Code    76  malloc.o(i.free)
    fuzzy_control                            0x080035fd   Thumb Code   238  fuzzypid.o(i.fuzzy_control)
    fuzzy_init                               0x080036f1   Thumb Code    40  fuzzypid.o(i.fuzzy_init)
    fuzzy_params_init                        0x08003719   Thumb Code    58  fuzzypid.o(i.fuzzy_params_init)
    fuzzy_pid_control                        0x08003755   Thumb Code   252  fuzzypid.o(i.fuzzy_pid_control)
    fuzzy_pid_init                           0x08003855   Thumb Code   116  fuzzypid.o(i.fuzzy_pid_init)
    fuzzy_pid_motor_pwd_output               0x080038cd   Thumb Code    38  fuzzypid.o(i.fuzzy_pid_motor_pwd_output)
    fuzzy_pid_vector_init                    0x080038f5   Thumb Code    76  fuzzypid.o(i.fuzzy_pid_vector_init)
    hello                                    0x080039b9   Thumb Code    12  cmd_1.o(i.hello)
    led_ctrl                                 0x080039d9   Thumb Code   142  cmd.o(i.led_ctrl)
    limit                                    0x08003b5d   Thumb Code    16  fuzzypid.o(i.limit)
    list                                     0x08003b6d   Thumb Code    50  cmd_1.o(i.list)
    list_mailbox                             0x08003c5d   Thumb Code   200  cmd_1.o(i.list_mailbox)
    list_mem                                 0x08003da1   Thumb Code    32  mem.o(i.list_mem)
    list_mutex                               0x08003e0d   Thumb Code   146  cmd_1.o(i.list_mutex)
    list_sem                                 0x08003f05   Thumb Code   188  cmd_1.o(i.list_sem)
    list_thread                              0x08004021   Thumb Code   250  cmd_1.o(i.list_thread)
    list_timer                               0x080041d9   Thumb Code   160  cmd_1.o(i.list_timer)
    lora_rx_thread_entry                     0x08004319   Thumb Code    68  bsp_lora.o(i.lora_rx_thread_entry)
    lora_send                                0x0800437d   Thumb Code    36  cmd.o(i.lora_send)
    lora_test                                0x080043bd   Thumb Code    22  cmd.o(i.lora_test)
    $Super$$main                             0x080043f1   Thumb Code    58  main.o(i.main)
    main_thread_entry                        0x0800448d   Thumb Code    14  components.o(i.main_thread_entry)
    malloc                                   0x0800449d   Thumb Code    92  malloc.o(i.malloc)
    mf                                       0x080045e1   Thumb Code   246  fuzzypid.o(i.mf)
    moc                                      0x080046d9   Thumb Code   236  fuzzypid.o(i.moc)
    msh_auto_complete                        0x080047c5   Thumb Code   150  msh.o(i.msh_auto_complete)
    msh_exec                                 0x08004871   Thumb Code    74  msh.o(i.msh_exec)
    msh_help                                 0x080048d5   Thumb Code    58  msh.o(i.msh_help)
    msh_is_used                              0x0800494d   Thumb Code     4  msh.o(i.msh_is_used)
    or                                       0x08004a39   Thumb Code    64  fuzzypid.o(i.or)
    pid_sim                                  0x08004a79   Thumb Code   218  app_pid_test.o(i.pid_sim)
    pid_test                                 0x08004c15   Thumb Code   268  app_pid_test.o(i.pid_test)
    __mathlib_powf                           0x08004df1   Thumb Code     0  powf.o(i.powf)
    powf                                     0x08004df1   Thumb Code  1548  powf.o(i.powf)
    print_float                              0x08005411   Thumb Code    54  app_pid_test.o(i.print_float)
    raw_fuzzy_pid_init                       0x0800558d   Thumb Code   130  fuzzypid.o(i.raw_fuzzy_pid_init)
    rt_application_init                      0x08005615   Thumb Code    32  components.o(i.rt_application_init)
    rt_calloc                                0x08005641   Thumb Code    26  mem.o(i.rt_calloc)
    rt_components_board_init                 0x0800565d   Thumb Code    20  components.o(i.rt_components_board_init)
    rt_components_init                       0x08005679   Thumb Code    20  components.o(i.rt_components_init)
    rt_enter_critical                        0x08005695   Thumb Code    22  scheduler.o(i.rt_enter_critical)
    rt_exit_critical                         0x080056b1   Thumb Code    52  scheduler.o(i.rt_exit_critical)
    rt_free                                  0x080056e9   Thumb Code   112  mem.o(i.rt_free)
    rt_heap_begin_get                        0x080057ad   Thumb Code     4  board.o(i.rt_heap_begin_get)
    rt_heap_end_get                          0x080057b5   Thumb Code     4  board.o(i.rt_heap_end_get)
    rt_hw_board_init                         0x080057bd   Thumb Code    88  board.o(i.rt_hw_board_init)
    rt_hw_console_getchar                    0x0800581d   Thumb Code    38  finsh_port.o(i.rt_hw_console_getchar)
    rt_hw_console_output                     0x08005849   Thumb Code    66  board.o(i.rt_hw_console_output)
    rt_hw_hard_fault_exception               0x08005891   Thumb Code   186  cpuport.o(i.rt_hw_hard_fault_exception)
    rt_hw_stack_init                         0x08005a8d   Thumb Code    52  cpuport.o(i.rt_hw_stack_init)
    rt_interrupt_enter                       0x08005ac5   Thumb Code    22  irq.o(i.rt_interrupt_enter)
    rt_interrupt_leave                       0x08005ae1   Thumb Code    22  irq.o(i.rt_interrupt_leave)
    rt_kprintf                               0x08005b61   Thumb Code    28  kservice.o(i.rt_kprintf)
    rt_malloc                                0x08005c01   Thumb Code   232  mem.o(i.rt_malloc)
    rt_memmove                               0x08005cf1   Thumb Code    50  kservice.o(i.rt_memmove)
    rt_memset                                0x08005d25   Thumb Code    70  kservice.o(i.rt_memset)
    rt_mutex_create                          0x08005d6b   Thumb Code    42  ipc.o(i.rt_mutex_create)
    rt_mutex_release                         0x08005d95   Thumb Code   164  ipc.o(i.rt_mutex_release)
    rt_mutex_take                            0x08005e39   Thumb Code   188  ipc.o(i.rt_mutex_take)
    rt_object_allocate                       0x08005ef5   Thumb Code    80  object.o(i.rt_object_allocate)
    rt_object_delete                         0x08005f45   Thumb Code    38  object.o(i.rt_object_delete)
    rt_object_detach                         0x08005f6b   Thumb Code    32  object.o(i.rt_object_detach)
    rt_object_get_information                0x08005f8d   Thumb Code    30  object.o(i.rt_object_get_information)
    rt_object_init                           0x08005fb1   Thumb Code    80  object.o(i.rt_object_init)
    rt_object_is_systemobject                0x08006001   Thumb Code    14  object.o(i.rt_object_is_systemobject)
    rt_schedule                              0x08006011   Thumb Code    76  scheduler.o(i.rt_schedule)
    rt_schedule_insert_thread                0x08006069   Thumb Code    70  scheduler.o(i.rt_schedule_insert_thread)
    rt_schedule_remove_thread                0x080060b9   Thumb Code    64  scheduler.o(i.rt_schedule_remove_thread)
    rt_sem_init                              0x08006101   Thumb Code    36  ipc.o(i.rt_sem_init)
    rt_sem_release                           0x08006125   Thumb Code    72  ipc.o(i.rt_sem_release)
    rt_sem_take                              0x0800616d   Thumb Code   110  ipc.o(i.rt_sem_take)
    rt_show_version                          0x080061dd   Thumb Code    40  kservice.o(i.rt_show_version)
    rt_strlen                                0x0800628d   Thumb Code    16  kservice.o(i.rt_strlen)
    rt_strncpy                               0x0800629d   Thumb Code    38  kservice.o(i.rt_strncpy)
    rt_system_heap_init                      0x080062c5   Thumb Code    96  mem.o(i.rt_system_heap_init)
    rt_system_scheduler_init                 0x08006371   Thumb Code    44  scheduler.o(i.rt_system_scheduler_init)
    rt_system_scheduler_start                0x080063a5   Thumb Code    32  scheduler.o(i.rt_system_scheduler_start)
    rt_system_timer_init                     0x080063cd   Thumb Code     8  timer.o(i.rt_system_timer_init)
    rt_system_timer_thread_init              0x080063d9   Thumb Code     2  timer.o(i.rt_system_timer_thread_init)
    rt_thread_control                        0x080063db   Thumb Code   118  thread.o(i.rt_thread_control)
    rt_thread_create                         0x08006451   Thumb Code    72  thread.o(i.rt_thread_create)
    rt_thread_delete                         0x08006499   Thumb Code    72  thread.o(i.rt_thread_delete)
    rt_thread_detach                         0x080064e5   Thumb Code    90  thread.o(i.rt_thread_detach)
    rt_thread_exit                           0x08006545   Thumb Code    82  thread.o(i.rt_thread_exit)
    rt_thread_idle_excute                    0x080065a9   Thumb Code    70  idle.o(i.rt_thread_idle_excute)
    rt_thread_idle_init                      0x080065f5   Thumb Code    40  idle.o(i.rt_thread_idle_init)
    rt_thread_init                           0x0800662d   Thumb Code    48  thread.o(i.rt_thread_init)
    rt_thread_mdelay                         0x0800665d   Thumb Code    14  thread.o(i.rt_thread_mdelay)
    rt_thread_resume                         0x0800666b   Thumb Code    60  thread.o(i.rt_thread_resume)
    rt_thread_self                           0x080066a9   Thumb Code     6  thread.o(i.rt_thread_self)
    rt_thread_sleep                          0x080066b5   Thumb Code    60  thread.o(i.rt_thread_sleep)
    rt_thread_startup                        0x080066f5   Thumb Code    40  thread.o(i.rt_thread_startup)
    rt_thread_suspend                        0x08006721   Thumb Code    66  thread.o(i.rt_thread_suspend)
    rt_thread_timeout                        0x08006763   Thumb Code    32  thread.o(i.rt_thread_timeout)
    rt_thread_yield                          0x08006785   Thumb Code    86  thread.o(i.rt_thread_yield)
    rt_tick_from_millisecond                 0x080067e5   Thumb Code    50  clock.o(i.rt_tick_from_millisecond)
    rt_tick_get                              0x08006819   Thumb Code     6  clock.o(i.rt_tick_get)
    rt_tick_increase                         0x08006825   Thumb Code    38  clock.o(i.rt_tick_increase)
    rt_timer_check                           0x08006851   Thumb Code   136  timer.o(i.rt_timer_check)
    rt_timer_control                         0x080068dd   Thumb Code    72  timer.o(i.rt_timer_control)
    rt_timer_detach                          0x08006925   Thumb Code    40  timer.o(i.rt_timer_detach)
    rt_timer_init                            0x0800694d   Thumb Code    40  timer.o(i.rt_timer_init)
    rt_timer_start                           0x08006975   Thumb Code   126  timer.o(i.rt_timer_start)
    rt_timer_stop                            0x080069f9   Thumb Code    46  timer.o(i.rt_timer_stop)
    rt_vsnprintf                             0x08006a29   Thumb Code   634  kservice.o(i.rt_vsnprintf)
    rtthread_startup                         0x08006cbd   Thumb Code    42  components.o(i.rtthread_startup)
    trapmf                                   0x08006d41   Thumb Code   130  fuzzypid.o(i.trapmf)
    version                                  0x08006e99   Thumb Code    10  cmd_1.o(i.version)
    zmf                                      0x08006ea3   Thumb Code   188  fuzzypid.o(i.zmf)
    AHBPrescTable                            0x08006f70   Data          16  system_stm32f1xx.o(.constdata)
    APBPrescTable                            0x08006f80   Data           8  system_stm32f1xx.o(.constdata)
    __lowest_bit_bitmap                      0x08006fa3   Data         256  kservice.o(.constdata)
    __fsym___cmd_pid_sim_name                0x0800727c   Data          14  app_pid_test.o(.rodata.name)
    __fsym___cmd_pid_sim_desc                0x0800728a   Data          25  app_pid_test.o(.rodata.name)
    __fsym___cmd_pid_test_name               0x080072a3   Data          15  app_pid_test.o(.rodata.name)
    __fsym___cmd_pid_test_desc               0x080072b2   Data          20  app_pid_test.o(.rodata.name)
    __fsym___cmd_led_name                    0x080072c6   Data          10  cmd.o(.rodata.name)
    __fsym___cmd_led_desc                    0x080072d0   Data          39  cmd.o(.rodata.name)
    __fsym___cmd_lora_test_name              0x080072f7   Data          16  cmd.o(.rodata.name)
    __fsym___cmd_lora_test_desc              0x08007307   Data          22  cmd.o(.rodata.name)
    __fsym___cmd_lora_send_name              0x0800731d   Data          16  cmd.o(.rodata.name)
    __fsym___cmd_lora_send_desc              0x0800732d   Data          18  cmd.o(.rodata.name)
    __fsym_hello_name                        0x0800733f   Data           6  cmd_1.o(.rodata.name)
    __fsym_hello_desc                        0x08007345   Data          16  cmd_1.o(.rodata.name)
    __fsym_version_name                      0x08007355   Data           8  cmd_1.o(.rodata.name)
    __fsym_version_desc                      0x0800735d   Data          35  cmd_1.o(.rodata.name)
    __fsym___cmd_version_name                0x08007380   Data          14  cmd_1.o(.rodata.name)
    __fsym___cmd_version_desc                0x0800738e   Data          35  cmd_1.o(.rodata.name)
    __fsym_list_thread_name                  0x080073b1   Data          12  cmd_1.o(.rodata.name)
    __fsym_list_thread_desc                  0x080073bd   Data          12  cmd_1.o(.rodata.name)
    __fsym___cmd_list_thread_name            0x080073c9   Data          18  cmd_1.o(.rodata.name)
    __fsym___cmd_list_thread_desc            0x080073db   Data          12  cmd_1.o(.rodata.name)
    __fsym_list_sem_name                     0x080073e7   Data           9  cmd_1.o(.rodata.name)
    __fsym_list_sem_desc                     0x080073f0   Data          25  cmd_1.o(.rodata.name)
    __fsym___cmd_list_sem_name               0x08007409   Data          15  cmd_1.o(.rodata.name)
    __fsym___cmd_list_sem_desc               0x08007418   Data          25  cmd_1.o(.rodata.name)
    __fsym_list_mutex_name                   0x08007431   Data          11  cmd_1.o(.rodata.name)
    __fsym_list_mutex_desc                   0x0800743c   Data          21  cmd_1.o(.rodata.name)
    __fsym___cmd_list_mutex_name             0x08007451   Data          17  cmd_1.o(.rodata.name)
    __fsym___cmd_list_mutex_desc             0x08007462   Data          21  cmd_1.o(.rodata.name)
    __fsym_list_mailbox_name                 0x08007477   Data          13  cmd_1.o(.rodata.name)
    __fsym_list_mailbox_desc                 0x08007484   Data          24  cmd_1.o(.rodata.name)
    __fsym___cmd_list_mailbox_name           0x0800749c   Data          19  cmd_1.o(.rodata.name)
    __fsym___cmd_list_mailbox_desc           0x080074af   Data          24  cmd_1.o(.rodata.name)
    __fsym_list_timer_name                   0x080074c7   Data          11  cmd_1.o(.rodata.name)
    __fsym_list_timer_desc                   0x080074d2   Data          21  cmd_1.o(.rodata.name)
    __fsym___cmd_list_timer_name             0x080074e7   Data          17  cmd_1.o(.rodata.name)
    __fsym___cmd_list_timer_desc             0x080074f8   Data          21  cmd_1.o(.rodata.name)
    __fsym_list_name                         0x0800750d   Data           5  cmd_1.o(.rodata.name)
    __fsym_list_desc                         0x08007512   Data          26  cmd_1.o(.rodata.name)
    __fsym___cmd_help_name                   0x0800752c   Data          11  msh.o(.rodata.name)
    __fsym___cmd_help_desc                   0x08007537   Data          22  msh.o(.rodata.name)
    __fsym___cmd_ps_name                     0x0800754d   Data           9  msh.o(.rodata.name)
    __fsym___cmd_ps_desc                     0x08007556   Data          28  msh.o(.rodata.name)
    __fsym___cmd_free_name                   0x08007572   Data          11  msh.o(.rodata.name)
    __fsym___cmd_free_desc                   0x0800757d   Data          37  msh.o(.rodata.name)
    __fsym_list_mem_name                     0x080075a2   Data           9  mem.o(.rodata.name)
    __fsym_list_mem_desc                     0x080075ab   Data          30  mem.o(.rodata.name)
    __rt_init_rti_start                      0x080075cc   Data           4  components.o(.rti_fn.0)
    __rt_init_rti_board_start                0x080075d0   Data           4  components.o(.rti_fn.0.end)
    __rt_init_uart_init                      0x080075d4   Data           4  board.o(.rti_fn.1)
    __rt_init_rti_board_end                  0x080075d8   Data           4  components.o(.rti_fn.1.end)
    __rt_init_finsh_system_init              0x080075dc   Data           4  shell.o(.rti_fn.6)
    __rt_init_rti_end                        0x080075e0   Data           4  components.o(.rti_fn.6.end)
    FSymTab$$Base                            0x080075e4   Number         0  app_pid_test.o(FSymTab)
    __fsym___cmd_pid_sim                     0x080075e4   Data          12  app_pid_test.o(FSymTab)
    __fsym___cmd_pid_test                    0x080075f0   Data          12  app_pid_test.o(FSymTab)
    __fsym___cmd_led                         0x080075fc   Data          12  cmd.o(FSymTab)
    __fsym___cmd_lora_test                   0x08007608   Data          12  cmd.o(FSymTab)
    __fsym___cmd_lora_send                   0x08007614   Data          12  cmd.o(FSymTab)
    __fsym_hello                             0x08007620   Data          12  cmd_1.o(FSymTab)
    __fsym_version                           0x0800762c   Data          12  cmd_1.o(FSymTab)
    __fsym___cmd_version                     0x08007638   Data          12  cmd_1.o(FSymTab)
    __fsym_list_thread                       0x08007644   Data          12  cmd_1.o(FSymTab)
    __fsym___cmd_list_thread                 0x08007650   Data          12  cmd_1.o(FSymTab)
    __fsym_list_sem                          0x0800765c   Data          12  cmd_1.o(FSymTab)
    __fsym___cmd_list_sem                    0x08007668   Data          12  cmd_1.o(FSymTab)
    __fsym_list_mutex                        0x08007674   Data          12  cmd_1.o(FSymTab)
    __fsym___cmd_list_mutex                  0x08007680   Data          12  cmd_1.o(FSymTab)
    __fsym_list_mailbox                      0x0800768c   Data          12  cmd_1.o(FSymTab)
    __fsym___cmd_list_mailbox                0x08007698   Data          12  cmd_1.o(FSymTab)
    __fsym_list_timer                        0x080076a4   Data          12  cmd_1.o(FSymTab)
    __fsym___cmd_list_timer                  0x080076b0   Data          12  cmd_1.o(FSymTab)
    __fsym_list                              0x080076bc   Data          12  cmd_1.o(FSymTab)
    __fsym___cmd_help                        0x080076c8   Data          12  msh.o(FSymTab)
    __fsym___cmd_ps                          0x080076d4   Data          12  msh.o(FSymTab)
    __fsym___cmd_free                        0x080076e0   Data          12  msh.o(FSymTab)
    __fsym_list_mem                          0x080076ec   Data          12  mem.o(FSymTab)
    FSymTab$$Limit                           0x080076f8   Number         0  mem.o(FSymTab)
    Region$$Table$$Base                      0x080076f8   Number         0  anon$$obj.o(Region$$Table)
    Region$$Table$$Limit                     0x08007718   Number         0  anon$$obj.o(Region$$Table)
    uwTickFreq                               0x20000000   Data           1  stm32f1xx_hal.o(.data)
    uwTickPrio                               0x20000004   Data           4  stm32f1xx_hal.o(.data)
    uwTick                                   0x20000008   Data           4  stm32f1xx_hal.o(.data)
    SystemCoreClock                          0x2000000c   Data           4  system_stm32f1xx.o(.data)
    _syscall_table_begin                     0x2000037c   Data           4  shell.o(.data)
    _syscall_table_end                       0x20000380   Data           4  shell.o(.data)
    _sysvar_table_begin                      0x20000384   Data           4  shell.o(.data)
    _sysvar_table_end                        0x20000388   Data           4  shell.o(.data)
    shell                                    0x20000390   Data           4  shell.o(.data)
    rt_interrupt_from_thread                 0x20000398   Data           4  cpuport.o(.data)
    rt_interrupt_to_thread                   0x2000039c   Data           4  cpuport.o(.data)
    rt_thread_switch_interrupt_flag          0x200003a0   Data           4  cpuport.o(.data)
    rt_interrupt_nest                        0x200003a8   Data           1  irq.o(.data)
    rt_current_priority                      0x20000414   Data           1  scheduler.o(.data)
    rt_current_thread                        0x20000418   Data           4  scheduler.o(.data)
    rt_thread_ready_priority_group           0x2000041c   Data           4  scheduler.o(.data)
    rt_thread_defunct                        0x20000420   Data           8  scheduler.o(.data)
    __stdout                                 0x20000434   Data           4  stdout.o(.data)
    __microlib_freelist                      0x20000438   Data           4  mvars.o(.data)
    __microlib_freelist_initialised          0x2000043c   Data           4  mvars.o(.data)
    hspi1                                    0x20000444   Data          88  spi.o(.bss)
    huart1                                   0x2000049c   Data          72  usart.o(.bss)
    htim6                                    0x200004e4   Data          72  stm32f1xx_hal_timebase_tim.o(.bss)
    lora_hw                                  0x20000530   Data          28  bsp_lora.o(.bss)
    lora                                     0x20000550   Data         280  bsp_lora.o(.bss)
    rt_thread_priority_table                 0x20000a04   Data         256  scheduler.o(.bss)
    __heap_base                              0x20004708   Data           0  startup_stm32f103xe.o(HEAP)
    __heap_limit                             0x20006708   Data           0  startup_stm32f103xe.o(HEAP)
    __initial_sp                             0x20006b08   Data           0  startup_stm32f103xe.o(STACK)



==============================================================================

Memory Map of the image

  Image Entry point : 0x08000131

  Load Region LR_IROM1 (Base: 0x08000000, Size: 0x00007b5c, Max: 0x00080000, ABSOLUTE, COMPRESSED[0x00007810])

    Execution Region ER_IROM1 (Exec base: 0x08000000, Load base: 0x08000000, Size: 0x00007718, Max: 0x00080000, ABSOLUTE)

    Exec Addr    Load Addr    Size         Type   Attr      Idx    E Section Name        Object

    0x08000000   0x08000000   0x00000130   Data   RO            3    RESET               startup_stm32f103xe.o
    0x08000130   0x08000130   0x00000000   Code   RO         5141  * .ARM.Collect$$$$00000000  mc_w.l(entry.o)
    0x08000130   0x08000130   0x00000004   Code   RO         5492    .ARM.Collect$$$$00000001  mc_w.l(entry2.o)
    0x08000134   0x08000134   0x00000004   Code   RO         5495    .ARM.Collect$$$$00000004  mc_w.l(entry5.o)
    0x08000138   0x08000138   0x00000000   Code   RO         5497    .ARM.Collect$$$$00000008  mc_w.l(entry7b.o)
    0x08000138   0x08000138   0x00000000   Code   RO         5499    .ARM.Collect$$$$0000000A  mc_w.l(entry8b.o)
    0x08000138   0x08000138   0x00000008   Code   RO         5500    .ARM.Collect$$$$0000000B  mc_w.l(entry9a.o)
    0x08000140   0x08000140   0x00000004   Code   RO         5507    .ARM.Collect$$$$0000000E  mc_w.l(entry12b.o)
    0x08000144   0x08000144   0x00000000   Code   RO         5502    .ARM.Collect$$$$0000000F  mc_w.l(entry10a.o)
    0x08000144   0x08000144   0x00000000   Code   RO         5504    .ARM.Collect$$$$00000011  mc_w.l(entry11a.o)
    0x08000144   0x08000144   0x00000004   Code   RO         5493    .ARM.Collect$$$$00002712  mc_w.l(entry2.o)
    0x08000148   0x08000148   0x00000024   Code   RO            4    .text               startup_stm32f103xe.o
    0x0800016c   0x0800016c   0x000000f4   Code   RO         4010    .text               context_rvds.o
    0x08000260   0x08000260   0x00000062   Code   RO         5144    .text               mc_w.l(uldiv.o)
    0x080002c2   0x080002c2   0x00000020   Code   RO         5146    .text               mc_w.l(llushr.o)
    0x080002e2   0x080002e2   0x00000024   Code   RO         5148    .text               mc_w.l(memcpya.o)
    0x08000306   0x08000306   0x00000024   Code   RO         5150    .text               mc_w.l(memseta.o)
    0x0800032a   0x0800032a   0x00000018   Code   RO         5152    .text               mc_w.l(strcat.o)
    0x08000342   0x08000342   0x00000018   Code   RO         5154    .text               mc_w.l(strncpy.o)
    0x0800035a   0x0800035a   0x0000000e   Code   RO         5156    .text               mc_w.l(strlen.o)
    0x08000368   0x08000368   0x0000001c   Code   RO         5158    .text               mc_w.l(strcmp.o)
    0x08000384   0x08000384   0x00000012   Code   RO         5160    .text               mc_w.l(strcpy.o)
    0x08000396   0x08000396   0x0000001e   Code   RO         5162    .text               mc_w.l(strncmp.o)
    0x080003b4   0x080003b4   0x000000b0   Code   RO         5454    .text               mf_w.l(fadd.o)
    0x08000464   0x08000464   0x00000064   Code   RO         5456    .text               mf_w.l(fmul.o)
    0x080004c8   0x080004c8   0x0000007c   Code   RO         5458    .text               mf_w.l(fdiv.o)
    0x08000544   0x08000544   0x00000018   Code   RO         5460    .text               mf_w.l(fscalb.o)
    0x0800055c   0x0800055c   0x00000012   Code   RO         5464    .text               mf_w.l(fflti.o)
    0x0800056e   0x0800056e   0x00000032   Code   RO         5466    .text               mf_w.l(ffixi.o)
    0x080005a0   0x080005a0   0x00000014   Code   RO         5472    .text               mf_w.l(cfcmple.o)
    0x080005b4   0x080005b4   0x00000014   Code   RO         5474    .text               mf_w.l(cfrcmple.o)
    0x080005c8   0x080005c8   0x0000001e   Code   RO         5513    .text               mc_w.l(llshl.o)
    0x080005e6   0x080005e6   0x00000000   Code   RO         5524    .text               mc_w.l(iusefp.o)
    0x080005e6   0x080005e6   0x0000006e   Code   RO         5525    .text               mf_w.l(fepilogue.o)
    0x08000654   0x08000654   0x0000003c   Code   RO         5527    .text               mf_w.l(frnd.o)
    0x08000690   0x08000690   0x0000004c   Code   RO         5537    .text               mf_w.l(ffixir.o)
    0x080006dc   0x080006dc   0x00000036   Code   RO         5541    .text               mf_w.l(fcmp4.o)
    0x08000712   0x08000712   0x00000004   Code   RO         5543    .text               mf_w.l(fpstat.o)
    0x08000716   0x08000716   0x00000002   PAD
    0x08000718   0x08000718   0x00000024   Code   RO         5545    .text               mc_w.l(init.o)
    0x0800073c   0x0800073c   0x00000000   Code   RO         5547    .text               mc_w.l(semi.o)
    0x0800073c   0x0800073c   0x00000000   Code   RO         5550    .text               mc_w.l(iusesemip.o)
    0x0800073c   0x0800073c   0x00000056   Code   RO         5559    .text               mc_w.l(__dczerorl2.o)
    0x08000792   0x08000792   0x0000000a   Code   RO         4114    i.$Sub$$main        components.o
    0x0800079c   0x0800079c   0x00000002   Code   RO          326    i.BusFault_Handler  stm32f1xx_it.o
    0x0800079e   0x0800079e   0x00000002   Code   RO          327    i.DebugMon_Handler  stm32f1xx_it.o
    0x080007a0   0x080007a0   0x00000006   Code   RO          328    i.EXTI2_IRQHandler  stm32f1xx_it.o
    0x080007a6   0x080007a6   0x00000004   Code   RO           13    i.Error_Handler     main.o
    0x080007aa   0x080007aa   0x00000046   Code   RO         1216    i.HAL_DMA_Abort     stm32f1xx_hal_dma.o
    0x080007f0   0x080007f0   0x00000130   Code   RO         1217    i.HAL_DMA_Abort_IT  stm32f1xx_hal_dma.o
    0x08000920   0x08000920   0x00000002   Code   RO         1150    i.HAL_GPIO_EXTI_Callback  stm32f1xx_hal_gpio.o
    0x08000922   0x08000922   0x00000002   PAD
    0x08000924   0x08000924   0x00000018   Code   RO         1151    i.HAL_GPIO_EXTI_IRQHandler  stm32f1xx_hal_gpio.o
    0x0800093c   0x0800093c   0x000001f8   Code   RO         1152    i.HAL_GPIO_Init     stm32f1xx_hal_gpio.o
    0x08000b34   0x08000b34   0x0000000a   Code   RO         1154    i.HAL_GPIO_ReadPin  stm32f1xx_hal_gpio.o
    0x08000b3e   0x08000b3e   0x00000010   Code   RO         1155    i.HAL_GPIO_TogglePin  stm32f1xx_hal_gpio.o
    0x08000b4e   0x08000b4e   0x0000000a   Code   RO         1156    i.HAL_GPIO_WritePin  stm32f1xx_hal_gpio.o
    0x08000b58   0x08000b58   0x0000000c   Code   RO          846    i.HAL_GetTick       stm32f1xx_hal.o
    0x08000b64   0x08000b64   0x00000010   Code   RO          852    i.HAL_IncTick       stm32f1xx_hal.o
    0x08000b74   0x08000b74   0x00000024   Code   RO          853    i.HAL_Init          stm32f1xx_hal.o
    0x08000b98   0x08000b98   0x00000074   Code   RO          438    i.HAL_InitTick      stm32f1xx_hal_timebase_tim.o
    0x08000c0c   0x08000c0c   0x0000003c   Code   RO          414    i.HAL_MspInit       stm32f1xx_hal_msp.o
    0x08000c48   0x08000c48   0x0000001a   Code   RO         1312    i.HAL_NVIC_EnableIRQ  stm32f1xx_hal_cortex.o
    0x08000c62   0x08000c62   0x00000002   PAD
    0x08000c64   0x08000c64   0x00000040   Code   RO         1318    i.HAL_NVIC_SetPriority  stm32f1xx_hal_cortex.o
    0x08000ca4   0x08000ca4   0x00000024   Code   RO         1319    i.HAL_NVIC_SetPriorityGrouping  stm32f1xx_hal_cortex.o
    0x08000cc8   0x08000cc8   0x0000012c   Code   RO         1010    i.HAL_RCC_ClockConfig  stm32f1xx_hal_rcc.o
    0x08000df4   0x08000df4   0x00000040   Code   RO         1014    i.HAL_RCC_GetClockConfig  stm32f1xx_hal_rcc.o
    0x08000e34   0x08000e34   0x00000020   Code   RO         1017    i.HAL_RCC_GetPCLK1Freq  stm32f1xx_hal_rcc.o
    0x08000e54   0x08000e54   0x00000020   Code   RO         1018    i.HAL_RCC_GetPCLK2Freq  stm32f1xx_hal_rcc.o
    0x08000e74   0x08000e74   0x0000004c   Code   RO         1019    i.HAL_RCC_GetSysClockFreq  stm32f1xx_hal_rcc.o
    0x08000ec0   0x08000ec0   0x00000320   Code   RO         1022    i.HAL_RCC_OscConfig  stm32f1xx_hal_rcc.o
    0x080011e0   0x080011e0   0x00000002   Code   RO          520    i.HAL_SPI_ErrorCallback  stm32f1xx_hal_spi.o
    0x080011e2   0x080011e2   0x00000006   Code   RO          522    i.HAL_SPI_GetState  stm32f1xx_hal_spi.o
    0x080011e8   0x080011e8   0x000000e0   Code   RO          523    i.HAL_SPI_IRQHandler  stm32f1xx_hal_spi.o
    0x080012c8   0x080012c8   0x000000b2   Code   RO          524    i.HAL_SPI_Init      stm32f1xx_hal_spi.o
    0x0800137a   0x0800137a   0x00000002   PAD
    0x0800137c   0x0800137c   0x00000080   Code   RO          243    i.HAL_SPI_MspInit   spi.o
    0x080013fc   0x080013fc   0x00000166   Code   RO          532    i.HAL_SPI_Transmit  stm32f1xx_hal_spi.o
    0x08001562   0x08001562   0x000001f0   Code   RO          533    i.HAL_SPI_TransmitReceive  stm32f1xx_hal_spi.o
    0x08001752   0x08001752   0x00000002   Code   RO         2518    i.HAL_TIMEx_BreakCallback  stm32f1xx_hal_tim_ex.o
    0x08001754   0x08001754   0x00000002   Code   RO         2519    i.HAL_TIMEx_CommutCallback  stm32f1xx_hal_tim_ex.o
    0x08001756   0x08001756   0x0000005a   Code   RO         1814    i.HAL_TIM_Base_Init  stm32f1xx_hal_tim.o
    0x080017b0   0x080017b0   0x00000002   Code   RO         1816    i.HAL_TIM_Base_MspInit  stm32f1xx_hal_tim.o
    0x080017b2   0x080017b2   0x00000002   PAD
    0x080017b4   0x080017b4   0x0000006c   Code   RO         1819    i.HAL_TIM_Base_Start_IT  stm32f1xx_hal_tim.o
    0x08001820   0x08001820   0x00000002   Code   RO         1848    i.HAL_TIM_IC_CaptureCallback  stm32f1xx_hal_tim.o
    0x08001822   0x08001822   0x00000130   Code   RO         1862    i.HAL_TIM_IRQHandler  stm32f1xx_hal_tim.o
    0x08001952   0x08001952   0x00000002   Code   RO         1865    i.HAL_TIM_OC_DelayElapsedCallback  stm32f1xx_hal_tim.o
    0x08001954   0x08001954   0x00000002   Code   RO         1892    i.HAL_TIM_PWM_PulseFinishedCallback  stm32f1xx_hal_tim.o
    0x08001956   0x08001956   0x00000002   PAD
    0x08001958   0x08001958   0x00000014   Code   RO           14    i.HAL_TIM_PeriodElapsedCallback  main.o
    0x0800196c   0x0800196c   0x00000002   Code   RO         1905    i.HAL_TIM_TriggerCallback  stm32f1xx_hal_tim.o
    0x0800196e   0x0800196e   0x00000002   Code   RO         2797    i.HAL_UARTEx_RxEventCallback  stm32f1xx_hal_uart.o
    0x08001970   0x08001970   0x00000002   Code   RO         2811    i.HAL_UART_ErrorCallback  stm32f1xx_hal_uart.o
    0x08001972   0x08001972   0x00000002   PAD
    0x08001974   0x08001974   0x0000026c   Code   RO         2814    i.HAL_UART_IRQHandler  stm32f1xx_hal_uart.o
    0x08001be0   0x08001be0   0x00000064   Code   RO         2815    i.HAL_UART_Init     stm32f1xx_hal_uart.o
    0x08001c44   0x08001c44   0x00000080   Code   RO          285    i.HAL_UART_MspInit  usart.o
    0x08001cc4   0x08001cc4   0x00000002   Code   RO         2821    i.HAL_UART_RxCpltCallback  stm32f1xx_hal_uart.o
    0x08001cc6   0x08001cc6   0x000000a0   Code   RO         2823    i.HAL_UART_Transmit  stm32f1xx_hal_uart.o
    0x08001d66   0x08001d66   0x00000002   Code   RO         2826    i.HAL_UART_TxCpltCallback  stm32f1xx_hal_uart.o
    0x08001d68   0x08001d68   0x00000124   Code   RO         3186    i.LoRa_Init         bsp_lora.o
    0x08001e8c   0x08001e8c   0x000000a0   Code   RO         3187    i.LoRa_Send_Data    bsp_lora.o
    0x08001f2c   0x08001f2c   0x000000f4   Code   RO          214    i.MX_GPIO_Init      gpio.o
    0x08002020   0x08002020   0x00000048   Code   RO          244    i.MX_SPI1_Init      spi.o
    0x08002068   0x08002068   0x00000038   Code   RO          286    i.MX_USART1_UART_Init  usart.o
    0x080020a0   0x080020a0   0x00000002   Code   RO          329    i.MemManage_Handler  stm32f1xx_it.o
    0x080020a2   0x080020a2   0x00000002   Code   RO          330    i.NMI_Handler       stm32f1xx_it.o
    0x080020a4   0x080020a4   0x0000000c   Code   RO          331    i.SPI1_IRQHandler   stm32f1xx_it.o
    0x080020b0   0x080020b0   0x00000010   Code   RO          551    i.SPI_DMAAbortOnError  stm32f1xx_hal_spi.o
    0x080020c0   0x080020c0   0x00000034   Code   RO          562    i.SPI_EndRxTxTransaction  stm32f1xx_hal_spi.o
    0x080020f4   0x080020f4   0x000000b8   Code   RO          567    i.SPI_WaitFlagStateUntilTimeout  stm32f1xx_hal_spi.o
    0x080021ac   0x080021ac   0x00000002   Code   RO          332    i.SVC_Handler       stm32f1xx_it.o
    0x080021ae   0x080021ae   0x0000006e   Code   RO         3272    i.SX1278_LoRaEntryRx  sx1278.o
    0x0800221c   0x0800221c   0x00000080   Code   RO         3273    i.SX1278_LoRaEntryTx  sx1278.o
    0x0800229c   0x0800229c   0x0000005a   Code   RO         3274    i.SX1278_LoRaRxPacket  sx1278.o
    0x080022f6   0x080022f6   0x00000056   Code   RO         3275    i.SX1278_LoRaTxPacket  sx1278.o
    0x0800234c   0x0800234c   0x0000000e   Code   RO         3277    i.SX1278_RSSI_LoRa  sx1278.o
    0x0800235a   0x0800235a   0x00000042   Code   RO         3278    i.SX1278_SPIBurstRead  sx1278.o
    0x0800239c   0x0800239c   0x00000046   Code   RO         3279    i.SX1278_SPIBurstWrite  sx1278.o
    0x080023e2   0x080023e2   0x0000001e   Code   RO         3280    i.SX1278_SPIRead    sx1278.o
    0x08002400   0x08002400   0x0000002e   Code   RO         3281    i.SX1278_SPIWrite   sx1278.o
    0x0800242e   0x0800242e   0x00000004   Code   RO         3282    i.SX1278_available  sx1278.o
    0x08002432   0x08002432   0x00000008   Code   RO         3283    i.SX1278_clearLoRaIrq  sx1278.o
    0x0800243a   0x0800243a   0x00000002   PAD
    0x0800243c   0x0800243c   0x00000148   Code   RO         3284    i.SX1278_config     sx1278.o
    0x08002584   0x08002584   0x00000008   Code   RO         3285    i.SX1278_entryLoRa  sx1278.o
    0x0800258c   0x0800258c   0x00000004   Code   RO         3408    i.SX1278_hw_DelayMs  sx1278_hw.o
    0x08002590   0x08002590   0x00000014   Code   RO         3409    i.SX1278_hw_GetDIO0  sx1278_hw.o
    0x080025a4   0x080025a4   0x00000030   Code   RO         3410    i.SX1278_hw_Reset   sx1278_hw.o
    0x080025d4   0x080025d4   0x00000024   Code   RO         3411    i.SX1278_hw_SPICommand  sx1278_hw.o
    0x080025f8   0x080025f8   0x00000038   Code   RO         3412    i.SX1278_hw_SPIReadByte  sx1278_hw.o
    0x08002630   0x08002630   0x00000014   Code   RO         3413    i.SX1278_hw_SetNSS  sx1278_hw.o
    0x08002644   0x08002644   0x0000001a   Code   RO         3414    i.SX1278_hw_init    sx1278_hw.o
    0x0800265e   0x0800265e   0x0000003a   Code   RO         3286    i.SX1278_init       sx1278.o
    0x08002698   0x08002698   0x0000002a   Code   RO         3287    i.SX1278_read       sx1278.o
    0x080026c2   0x080026c2   0x00000012   Code   RO         3289    i.SX1278_sleep      sx1278.o
    0x080026d4   0x080026d4   0x00000012   Code   RO         3290    i.SX1278_standby    sx1278.o
    0x080026e6   0x080026e6   0x0000002c   Code   RO         3291    i.SX1278_transmit   sx1278.o
    0x08002712   0x08002712   0x00000012   Code   RO          333    i.SysTick_Handler   stm32f1xx_it.o
    0x08002724   0x08002724   0x0000005e   Code   RO           15    i.SystemClock_Config  main.o
    0x08002782   0x08002782   0x00000002   PAD
    0x08002784   0x08002784   0x00000068   Code   RO         3148    i.SystemCoreClockUpdate  system_stm32f1xx.o
    0x080027ec   0x080027ec   0x00000002   Code   RO         3149    i.SystemInit        system_stm32f1xx.o
    0x080027ee   0x080027ee   0x00000002   PAD
    0x080027f0   0x080027f0   0x0000000c   Code   RO          334    i.TIM6_IRQHandler   stm32f1xx_it.o
    0x080027fc   0x080027fc   0x0000009c   Code   RO         1907    i.TIM_Base_SetConfig  stm32f1xx_hal_tim.o
    0x08002898   0x08002898   0x00000010   Code   RO         2828    i.UART_DMAAbortOnError  stm32f1xx_hal_uart.o
    0x080028a8   0x080028a8   0x0000004e   Code   RO         2838    i.UART_EndRxTransfer  stm32f1xx_hal_uart.o
    0x080028f6   0x080028f6   0x000000c2   Code   RO         2840    i.UART_Receive_IT   stm32f1xx_hal_uart.o
    0x080029b8   0x080029b8   0x000000b8   Code   RO         2841    i.UART_SetConfig    stm32f1xx_hal_uart.o
    0x08002a70   0x08002a70   0x00000072   Code   RO         2844    i.UART_WaitOnFlagUntilTimeout  stm32f1xx_hal_uart.o
    0x08002ae2   0x08002ae2   0x00000002   PAD
    0x08002ae4   0x08002ae4   0x0000000c   Code   RO          335    i.USART1_IRQHandler  stm32f1xx_it.o
    0x08002af0   0x08002af0   0x00000002   Code   RO          336    i.UsageFault_Handler  stm32f1xx_it.o
    0x08002af2   0x08002af2   0x00000002   PAD
    0x08002af4   0x08002af4   0x00000088   Code   RO           16    i.User_App_Start    main.o
    0x08002b7c   0x08002b7c   0x00000010   Code   RO         5167    i.__0printf$bare    mc_w.l(printfb.o)
    0x08002b8c   0x08002b8c   0x00000026   Code   RO         5476    i.__ARM_fpclassifyf  m_ws.l(fpclassifyf.o)
    0x08002bb2   0x08002bb2   0x00000020   Code   RO         1325    i.__NVIC_SetPriority  stm32f1xx_hal_cortex.o
    0x08002bd2   0x08002bd2   0x0000000a   Code   RO         5478    i.__mathlib_flt_divzero  m_ws.l(funder.o)
    0x08002bdc   0x08002bdc   0x00000006   Code   RO         5479    i.__mathlib_flt_infnan  m_ws.l(funder.o)
    0x08002be2   0x08002be2   0x00000004   Code   RO         5480    i.__mathlib_flt_infnan2  m_ws.l(funder.o)
    0x08002be6   0x08002be6   0x00000008   Code   RO         5481    i.__mathlib_flt_invalid  m_ws.l(funder.o)
    0x08002bee   0x08002bee   0x0000000a   Code   RO         5482    i.__mathlib_flt_overflow  m_ws.l(funder.o)
    0x08002bf8   0x08002bf8   0x0000000a   Code   RO         5484    i.__mathlib_flt_underflow  m_ws.l(funder.o)
    0x08002c02   0x08002c02   0x00000002   PAD
    0x08002c04   0x08002c04   0x00000044   Code   RO         4413    i.__rt_ffs          kservice.o
    0x08002c48   0x08002c48   0x0000000e   Code   RO         5553    i.__scatterload_copy  mc_w.l(handlers.o)
    0x08002c56   0x08002c56   0x00000002   Code   RO         5554    i.__scatterload_null  mc_w.l(handlers.o)
    0x08002c58   0x08002c58   0x0000000e   Code   RO         5555    i.__scatterload_zeroinit  mc_w.l(handlers.o)
    0x08002c66   0x08002c66   0x00000002   PAD
    0x08002c68   0x08002c68   0x0000000c   Code   RO         5519    i.__set_errno       mc_w.l(errno.o)
    0x08002c74   0x08002c74   0x0000009c   Code   RO         3866    i._msh_exec_cmd     msh.o
    0x08002d10   0x08002d10   0x00000022   Code   RO         5174    i._printf_core      mc_w.l(printfb.o)
    0x08002d32   0x08002d32   0x00000002   PAD
    0x08002d34   0x08002d34   0x00000080   Code   RO         4805    i._rt_thread_init   thread.o
    0x08002db4   0x08002db4   0x0000001c   Code   RO         4935    i._rt_timer_init    timer.o
    0x08002dd0   0x08002dd0   0x00000006   Code   RO         4936    i._rt_timer_remove  timer.o
    0x08002dd6   0x08002dd6   0x0000001c   Code   RO         4806    i._thread_cleanup_execute  thread.o
    0x08002df2   0x08002df2   0x00000032   Code   RO         3524    i.and               fuzzypid.o
    0x08002e24   0x08002e24   0x000000e8   Code   RO         4014    i.bus_fault_track   cpuport.o
    0x08002f0c   0x08002f0c   0x0000000a   Code   RO         3867    i.cmd_free          msh.o
    0x08002f16   0x08002f16   0x0000000a   Code   RO         3868    i.cmd_ps            msh.o
    0x08002f20   0x08002f20   0x0000001a   Code   RO         3525    i.delete_fuzzy      fuzzypid.o
    0x08002f3a   0x08002f3a   0x00000016   Code   RO         3526    i.delete_pid        fuzzypid.o
    0x08002f50   0x08002f50   0x00000024   Code   RO         3527    i.delete_pid_vector  fuzzypid.o
    0x08002f74   0x08002f74   0x0000004c   Code   RO         3528    i.df                fuzzypid.o
    0x08002fc0   0x08002fc0   0x0000000c   Code   RO         3529    i.direct_control    fuzzypid.o
    0x08002fcc   0x08002fcc   0x00000054   Code   RO         3530    i.equilibrium       fuzzypid.o
    0x08003020   0x08003020   0x00000170   Code   RO         5118    i.expf              m_ws.l(expf.o)
    0x08003190   0x08003190   0x00000060   Code   RO         3934    i.finsh_get_prompt  shell.o
    0x080031f0   0x080031f0   0x00000014   Code   RO         3938    i.finsh_set_prompt_mode  shell.o
    0x08003204   0x08003204   0x0000000c   Code   RO         3939    i.finsh_system_function_init  shell.o
    0x08003210   0x08003210   0x00000094   Code   RO         3940    i.finsh_system_init  shell.o
    0x080032a4   0x080032a4   0x0000028c   Code   RO         3942    i.finsh_thread_entry  shell.o
    0x08003530   0x08003530   0x00000028   Code   RO         5137    i.fmaxf             m_ws.l(fmaxf.o)
    0x08003558   0x08003558   0x00000028   Code   RO         5139    i.fminf             m_ws.l(fminf.o)
    0x08003580   0x08003580   0x0000001a   Code   RO         3531    i.fo                fuzzypid.o
    0x0800359a   0x0800359a   0x00000012   Code   RO         5508    i.fputc             mc_w.l(fputc.o)
    0x080035ac   0x080035ac   0x00000050   Code   RO         5426    i.free              mc_w.l(malloc.o)
    0x080035fc   0x080035fc   0x000000f4   Code   RO         3532    i.fuzzy_control     fuzzypid.o
    0x080036f0   0x080036f0   0x00000028   Code   RO         3533    i.fuzzy_init        fuzzypid.o
    0x08003718   0x08003718   0x0000003a   Code   RO         3534    i.fuzzy_params_init  fuzzypid.o
    0x08003752   0x08003752   0x00000002   PAD
    0x08003754   0x08003754   0x00000100   Code   RO         3535    i.fuzzy_pid_control  fuzzypid.o
    0x08003854   0x08003854   0x00000078   Code   RO         3536    i.fuzzy_pid_init    fuzzypid.o
    0x080038cc   0x080038cc   0x00000026   Code   RO         3537    i.fuzzy_pid_motor_pwd_output  fuzzypid.o
    0x080038f2   0x080038f2   0x00000002   PAD
    0x080038f4   0x080038f4   0x0000004c   Code   RO         3538    i.fuzzy_pid_vector_init  fuzzypid.o
    0x08003940   0x08003940   0x00000078   Code   RO         4015    i.hard_fault_track  cpuport.o
    0x080039b8   0x080039b8   0x00000020   Code   RO         3732    i.hello             cmd_1.o
    0x080039d8   0x080039d8   0x00000184   Code   RO         3481    i.led_ctrl          cmd.o
    0x08003b5c   0x08003b5c   0x00000010   Code   RO         3541    i.limit             fuzzypid.o
    0x08003b6c   0x08003b6c   0x00000064   Code   RO         3733    i.list              cmd_1.o
    0x08003bd0   0x08003bd0   0x00000024   Code   RO         3734    i.list_find_init    cmd_1.o
    0x08003bf4   0x08003bf4   0x00000066   Code   RO         3735    i.list_get_next     cmd_1.o
    0x08003c5a   0x08003c5a   0x00000002   PAD
    0x08003c5c   0x08003c5c   0x00000144   Code   RO         3736    i.list_mailbox      cmd_1.o
    0x08003da0   0x08003da0   0x0000006c   Code   RO         4590    i.list_mem          mem.o
    0x08003e0c   0x08003e0c   0x000000f8   Code   RO         3737    i.list_mutex        cmd_1.o
    0x08003f04   0x08003f04   0x0000011c   Code   RO         3738    i.list_sem          cmd_1.o
    0x08004020   0x08004020   0x000001b8   Code   RO         3739    i.list_thread       cmd_1.o
    0x080041d8   0x080041d8   0x00000140   Code   RO         3740    i.list_timer        cmd_1.o
    0x08004318   0x08004318   0x00000064   Code   RO         3188    i.lora_rx_thread_entry  bsp_lora.o
    0x0800437c   0x0800437c   0x00000040   Code   RO         3482    i.lora_send         cmd.o
    0x080043bc   0x080043bc   0x00000034   Code   RO         3483    i.lora_test         cmd.o
    0x080043f0   0x080043f0   0x0000009c   Code   RO           17    i.main              main.o
    0x0800448c   0x0800448c   0x0000000e   Code   RO         4115    i.main_thread_entry  components.o
    0x0800449a   0x0800449a   0x00000002   PAD
    0x0800449c   0x0800449c   0x0000006c   Code   RO         5427    i.malloc            mc_w.l(malloc.o)
    0x08004508   0x08004508   0x000000d8   Code   RO         4016    i.mem_manage_fault_track  cpuport.o
    0x080045e0   0x080045e0   0x000000f6   Code   RO         3542    i.mf                fuzzypid.o
    0x080046d6   0x080046d6   0x00000002   PAD
    0x080046d8   0x080046d8   0x000000ec   Code   RO         3543    i.moc               fuzzypid.o
    0x080047c4   0x080047c4   0x000000ac   Code   RO         3869    i.msh_auto_complete  msh.o
    0x08004870   0x08004870   0x00000064   Code   RO         3870    i.msh_exec          msh.o
    0x080048d4   0x080048d4   0x00000078   Code   RO         3871    i.msh_help          msh.o
    0x0800494c   0x0800494c   0x00000004   Code   RO         3872    i.msh_is_used       msh.o
    0x08004950   0x08004950   0x000000d0   Code   RO         3873    i.msh_split         msh.o
    0x08004a20   0x08004a20   0x00000018   Code   RO         3741    i.object_split      cmd_1.o
    0x08004a38   0x08004a38   0x00000040   Code   RO         3544    i.or                fuzzypid.o
    0x08004a78   0x08004a78   0x0000019c   Code   RO         3227    i.pid_sim           app_pid_test.o
    0x08004c14   0x08004c14   0x00000188   Code   RO         3228    i.pid_test          app_pid_test.o
    0x08004d9c   0x08004d9c   0x00000054   Code   RO         4591    i.plug_holes        mem.o
    0x08004df0   0x08004df0   0x00000620   Code   RO         5128    i.powf              m_ws.l(powf.o)
    0x08005410   0x08005410   0x0000004c   Code   RO         3229    i.print_float       app_pid_test.o
    0x0800545c   0x0800545c   0x00000130   Code   RO         4415    i.print_number      kservice.o
    0x0800558c   0x0800558c   0x00000088   Code   RO         3549    i.raw_fuzzy_pid_init  fuzzypid.o
    0x08005614   0x08005614   0x0000002c   Code   RO         4116    i.rt_application_init  components.o
    0x08005640   0x08005640   0x0000001a   Code   RO         4592    i.rt_calloc         mem.o
    0x0800565a   0x0800565a   0x00000002   PAD
    0x0800565c   0x0800565c   0x0000001c   Code   RO         4117    i.rt_components_board_init  components.o
    0x08005678   0x08005678   0x0000001c   Code   RO         4118    i.rt_components_init  components.o
    0x08005694   0x08005694   0x0000001c   Code   RO         4744    i.rt_enter_critical  scheduler.o
    0x080056b0   0x080056b0   0x00000038   Code   RO         4745    i.rt_exit_critical  scheduler.o
    0x080056e8   0x080056e8   0x000000c4   Code   RO         4593    i.rt_free           mem.o
    0x080057ac   0x080057ac   0x00000008   Code   RO         5035    i.rt_heap_begin_get  board.o
    0x080057b4   0x080057b4   0x00000008   Code   RO         5036    i.rt_heap_end_get   board.o
    0x080057bc   0x080057bc   0x00000060   Code   RO         5037    i.rt_hw_board_init  board.o
    0x0800581c   0x0800581c   0x0000002c   Code   RO         5096    i.rt_hw_console_getchar  finsh_port.o
    0x08005848   0x08005848   0x00000048   Code   RO         5038    i.rt_hw_console_output  board.o
    0x08005890   0x08005890   0x000001fc   Code   RO         4020    i.rt_hw_hard_fault_exception  cpuport.o
    0x08005a8c   0x08005a8c   0x00000038   Code   RO         4021    i.rt_hw_stack_init  cpuport.o
    0x08005ac4   0x08005ac4   0x0000001c   Code   RO         4383    i.rt_interrupt_enter  irq.o
    0x08005ae0   0x08005ae0   0x0000001c   Code   RO         4385    i.rt_interrupt_leave  irq.o
    0x08005afc   0x08005afc   0x0000000e   Code   RO         4216    i.rt_ipc_list_resume  ipc.o
    0x08005b0a   0x08005b0a   0x00000002   PAD
    0x08005b0c   0x08005b0c   0x00000052   Code   RO         4218    i.rt_ipc_list_suspend  ipc.o
    0x08005b5e   0x08005b5e   0x00000002   PAD
    0x08005b60   0x08005b60   0x00000020   Code   RO         4418    i.rt_kprintf        kservice.o
    0x08005b80   0x08005b80   0x0000000e   Code   RO         4656    i.rt_list_insert_after  object.o
    0x08005b8e   0x08005b8e   0x0000000e   Code   RO         4807    i.rt_list_insert_after  thread.o
    0x08005b9c   0x08005b9c   0x0000000e   Code   RO         4937    i.rt_list_insert_after  timer.o
    0x08005baa   0x08005baa   0x0000000e   Code   RO         4219    i.rt_list_insert_before  ipc.o
    0x08005bb8   0x08005bb8   0x00000012   Code   RO         3742    i.rt_list_len       cmd_1.o
    0x08005bca   0x08005bca   0x00000012   Code   RO         4657    i.rt_list_remove    object.o
    0x08005bdc   0x08005bdc   0x00000012   Code   RO         4808    i.rt_list_remove    thread.o
    0x08005bee   0x08005bee   0x00000012   Code   RO         4938    i.rt_list_remove    timer.o
    0x08005c00   0x08005c00   0x000000f0   Code   RO         4594    i.rt_malloc         mem.o
    0x08005cf0   0x08005cf0   0x00000032   Code   RO         4423    i.rt_memmove        kservice.o
    0x08005d22   0x08005d22   0x00000002   PAD
    0x08005d24   0x08005d24   0x00000046   Code   RO         4424    i.rt_memset         kservice.o
    0x08005d6a   0x08005d6a   0x0000002a   Code   RO         4229    i.rt_mutex_create   ipc.o
    0x08005d94   0x08005d94   0x000000a4   Code   RO         4233    i.rt_mutex_release  ipc.o
    0x08005e38   0x08005e38   0x000000bc   Code   RO         4234    i.rt_mutex_take     ipc.o
    0x08005ef4   0x08005ef4   0x00000050   Code   RO         4658    i.rt_object_allocate  object.o
    0x08005f44   0x08005f44   0x00000026   Code   RO         4659    i.rt_object_delete  object.o
    0x08005f6a   0x08005f6a   0x00000020   Code   RO         4660    i.rt_object_detach  object.o
    0x08005f8a   0x08005f8a   0x00000002   PAD
    0x08005f8c   0x08005f8c   0x00000024   Code   RO         4662    i.rt_object_get_information  object.o
    0x08005fb0   0x08005fb0   0x00000050   Code   RO         4666    i.rt_object_init    object.o
    0x08006000   0x08006000   0x0000000e   Code   RO         4667    i.rt_object_is_systemobject  object.o
    0x0800600e   0x0800600e   0x00000002   PAD
    0x08006010   0x08006010   0x00000058   Code   RO         4746    i.rt_schedule       scheduler.o
    0x08006068   0x08006068   0x00000050   Code   RO         4747    i.rt_schedule_insert_thread  scheduler.o
    0x080060b8   0x080060b8   0x00000048   Code   RO         4748    i.rt_schedule_remove_thread  scheduler.o
    0x08006100   0x08006100   0x00000024   Code   RO         4239    i.rt_sem_init       ipc.o
    0x08006124   0x08006124   0x00000048   Code   RO         4240    i.rt_sem_release    ipc.o
    0x0800616c   0x0800616c   0x0000006e   Code   RO         4241    i.rt_sem_take       ipc.o
    0x080061da   0x080061da   0x00000002   PAD
    0x080061dc   0x080061dc   0x000000b0   Code   RO         4426    i.rt_show_version   kservice.o
    0x0800628c   0x0800628c   0x00000010   Code   RO         4432    i.rt_strlen         kservice.o
    0x0800629c   0x0800629c   0x00000026   Code   RO         4434    i.rt_strncpy        kservice.o
    0x080062c2   0x080062c2   0x00000002   PAD
    0x080062c4   0x080062c4   0x000000ac   Code   RO         4597    i.rt_system_heap_init  mem.o
    0x08006370   0x08006370   0x00000034   Code   RO         4749    i.rt_system_scheduler_init  scheduler.o
    0x080063a4   0x080063a4   0x00000028   Code   RO         4750    i.rt_system_scheduler_start  scheduler.o
    0x080063cc   0x080063cc   0x0000000c   Code   RO         4939    i.rt_system_timer_init  timer.o
    0x080063d8   0x080063d8   0x00000002   Code   RO         4940    i.rt_system_timer_thread_init  timer.o
    0x080063da   0x080063da   0x00000076   Code   RO         4809    i.rt_thread_control  thread.o
    0x08006450   0x08006450   0x00000048   Code   RO         4810    i.rt_thread_create  thread.o
    0x08006498   0x08006498   0x0000004c   Code   RO         4813    i.rt_thread_delete  thread.o
    0x080064e4   0x080064e4   0x00000060   Code   RO         4814    i.rt_thread_detach  thread.o
    0x08006544   0x08006544   0x0000005c   Code   RO         4815    i.rt_thread_exit    thread.o
    0x080065a0   0x080065a0   0x00000006   Code   RO         4181    i.rt_thread_idle_entry  idle.o
    0x080065a6   0x080065a6   0x00000002   PAD
    0x080065a8   0x080065a8   0x0000004c   Code   RO         4182    i.rt_thread_idle_excute  idle.o
    0x080065f4   0x080065f4   0x00000038   Code   RO         4184    i.rt_thread_idle_init  idle.o
    0x0800662c   0x0800662c   0x00000030   Code   RO         4817    i.rt_thread_init    thread.o
    0x0800665c   0x0800665c   0x0000000e   Code   RO         4818    i.rt_thread_mdelay  thread.o
    0x0800666a   0x0800666a   0x0000003c   Code   RO         4819    i.rt_thread_resume  thread.o
    0x080066a6   0x080066a6   0x00000002   PAD
    0x080066a8   0x080066a8   0x0000000c   Code   RO         4820    i.rt_thread_self    thread.o
    0x080066b4   0x080066b4   0x00000040   Code   RO         4821    i.rt_thread_sleep   thread.o
    0x080066f4   0x080066f4   0x0000002c   Code   RO         4822    i.rt_thread_startup  thread.o
    0x08006720   0x08006720   0x00000042   Code   RO         4823    i.rt_thread_suspend  thread.o
    0x08006762   0x08006762   0x00000020   Code   RO         4824    i.rt_thread_timeout  thread.o
    0x08006782   0x08006782   0x00000002   PAD
    0x08006784   0x08006784   0x00000060   Code   RO         4825    i.rt_thread_yield   thread.o
    0x080067e4   0x080067e4   0x00000032   Code   RO         4077    i.rt_tick_from_millisecond  clock.o
    0x08006816   0x08006816   0x00000002   PAD
    0x08006818   0x08006818   0x0000000c   Code   RO         4078    i.rt_tick_get       clock.o
    0x08006824   0x08006824   0x0000002c   Code   RO         4079    i.rt_tick_increase  clock.o
    0x08006850   0x08006850   0x0000008c   Code   RO         4941    i.rt_timer_check    timer.o
    0x080068dc   0x080068dc   0x00000048   Code   RO         4942    i.rt_timer_control  timer.o
    0x08006924   0x08006924   0x00000028   Code   RO         4945    i.rt_timer_detach   timer.o
    0x0800694c   0x0800694c   0x00000028   Code   RO         4946    i.rt_timer_init     timer.o
    0x08006974   0x08006974   0x00000084   Code   RO         4948    i.rt_timer_start    timer.o
    0x080069f8   0x080069f8   0x0000002e   Code   RO         4949    i.rt_timer_stop     timer.o
    0x08006a26   0x08006a26   0x00000002   PAD
    0x08006a28   0x08006a28   0x00000284   Code   RO         4437    i.rt_vsnprintf      kservice.o
    0x08006cac   0x08006cac   0x00000004   Code   RO         4119    i.rti_board_end     components.o
    0x08006cb0   0x08006cb0   0x00000004   Code   RO         4120    i.rti_board_start   components.o
    0x08006cb4   0x08006cb4   0x00000004   Code   RO         4121    i.rti_end           components.o
    0x08006cb8   0x08006cb8   0x00000004   Code   RO         4122    i.rti_start         components.o
    0x08006cbc   0x08006cbc   0x0000002a   Code   RO         4123    i.rtthread_startup  components.o
    0x08006ce6   0x08006ce6   0x00000002   PAD
    0x08006ce8   0x08006ce8   0x00000030   Code   RO         3743    i.show_wait_queue   cmd_1.o
    0x08006d18   0x08006d18   0x00000028   Code   RO         4439    i.skip_atoi         kservice.o
    0x08006d40   0x08006d40   0x00000082   Code   RO         3553    i.trapmf            fuzzypid.o
    0x08006dc2   0x08006dc2   0x00000004   Code   RO         5040    i.uart_init         board.o
    0x08006dc6   0x08006dc6   0x00000002   PAD
    0x08006dc8   0x08006dc8   0x000000d0   Code   RO         4022    i.usage_fault_track  cpuport.o
    0x08006e98   0x08006e98   0x0000000a   Code   RO         3744    i.version           cmd_1.o
    0x08006ea2   0x08006ea2   0x000000bc   Code   RO         3555    i.zmf               fuzzypid.o
    0x08006f5e   0x08006f5e   0x00000012   Data   RO         1023    .constdata          stm32f1xx_hal_rcc.o
    0x08006f70   0x08006f70   0x00000010   Data   RO         3150    .constdata          system_stm32f1xx.o
    0x08006f80   0x08006f80   0x00000008   Data   RO         3151    .constdata          system_stm32f1xx.o
    0x08006f88   0x08006f88   0x0000001b   Data   RO         3292    .constdata          sx1278.o
    0x08006fa3   0x08006fa3   0x00000122   Data   RO         4441    .constdata          kservice.o
    0x080070c5   0x080070c5   0x00000003   PAD
    0x080070c8   0x080070c8   0x00000030   Data   RO         5119    .constdata          m_ws.l(expf.o)
    0x080070f8   0x080070f8   0x00000140   Data   RO         5129    .constdata          m_ws.l(powf.o)
    0x08007238   0x08007238   0x00000044   Data   RO         3745    .conststring        cmd_1.o
    0x0800727c   0x0800727c   0x0000000e   Data   RO         3231    .rodata.name        app_pid_test.o
    0x0800728a   0x0800728a   0x00000019   Data   RO         3232    .rodata.name        app_pid_test.o
    0x080072a3   0x080072a3   0x0000000f   Data   RO         3233    .rodata.name        app_pid_test.o
    0x080072b2   0x080072b2   0x00000014   Data   RO         3234    .rodata.name        app_pid_test.o
    0x080072c6   0x080072c6   0x0000000a   Data   RO         3484    .rodata.name        cmd.o
    0x080072d0   0x080072d0   0x00000027   Data   RO         3485    .rodata.name        cmd.o
    0x080072f7   0x080072f7   0x00000010   Data   RO         3486    .rodata.name        cmd.o
    0x08007307   0x08007307   0x00000016   Data   RO         3487    .rodata.name        cmd.o
    0x0800731d   0x0800731d   0x00000010   Data   RO         3488    .rodata.name        cmd.o
    0x0800732d   0x0800732d   0x00000012   Data   RO         3489    .rodata.name        cmd.o
    0x0800733f   0x0800733f   0x00000006   Data   RO         3746    .rodata.name        cmd_1.o
    0x08007345   0x08007345   0x00000010   Data   RO         3747    .rodata.name        cmd_1.o
    0x08007355   0x08007355   0x00000008   Data   RO         3748    .rodata.name        cmd_1.o
    0x0800735d   0x0800735d   0x00000023   Data   RO         3749    .rodata.name        cmd_1.o
    0x08007380   0x08007380   0x0000000e   Data   RO         3750    .rodata.name        cmd_1.o
    0x0800738e   0x0800738e   0x00000023   Data   RO         3751    .rodata.name        cmd_1.o
    0x080073b1   0x080073b1   0x0000000c   Data   RO         3752    .rodata.name        cmd_1.o
    0x080073bd   0x080073bd   0x0000000c   Data   RO         3753    .rodata.name        cmd_1.o
    0x080073c9   0x080073c9   0x00000012   Data   RO         3754    .rodata.name        cmd_1.o
    0x080073db   0x080073db   0x0000000c   Data   RO         3755    .rodata.name        cmd_1.o
    0x080073e7   0x080073e7   0x00000009   Data   RO         3756    .rodata.name        cmd_1.o
    0x080073f0   0x080073f0   0x00000019   Data   RO         3757    .rodata.name        cmd_1.o
    0x08007409   0x08007409   0x0000000f   Data   RO         3758    .rodata.name        cmd_1.o
    0x08007418   0x08007418   0x00000019   Data   RO         3759    .rodata.name        cmd_1.o
    0x08007431   0x08007431   0x0000000b   Data   RO         3760    .rodata.name        cmd_1.o
    0x0800743c   0x0800743c   0x00000015   Data   RO         3761    .rodata.name        cmd_1.o
    0x08007451   0x08007451   0x00000011   Data   RO         3762    .rodata.name        cmd_1.o
    0x08007462   0x08007462   0x00000015   Data   RO         3763    .rodata.name        cmd_1.o
    0x08007477   0x08007477   0x0000000d   Data   RO         3764    .rodata.name        cmd_1.o
    0x08007484   0x08007484   0x00000018   Data   RO         3765    .rodata.name        cmd_1.o
    0x0800749c   0x0800749c   0x00000013   Data   RO         3766    .rodata.name        cmd_1.o
    0x080074af   0x080074af   0x00000018   Data   RO         3767    .rodata.name        cmd_1.o
    0x080074c7   0x080074c7   0x0000000b   Data   RO         3768    .rodata.name        cmd_1.o
    0x080074d2   0x080074d2   0x00000015   Data   RO         3769    .rodata.name        cmd_1.o
    0x080074e7   0x080074e7   0x00000011   Data   RO         3770    .rodata.name        cmd_1.o
    0x080074f8   0x080074f8   0x00000015   Data   RO         3771    .rodata.name        cmd_1.o
    0x0800750d   0x0800750d   0x00000005   Data   RO         3772    .rodata.name        cmd_1.o
    0x08007512   0x08007512   0x0000001a   Data   RO         3773    .rodata.name        cmd_1.o
    0x0800752c   0x0800752c   0x0000000b   Data   RO         3874    .rodata.name        msh.o
    0x08007537   0x08007537   0x00000016   Data   RO         3875    .rodata.name        msh.o
    0x0800754d   0x0800754d   0x00000009   Data   RO         3876    .rodata.name        msh.o
    0x08007556   0x08007556   0x0000001c   Data   RO         3877    .rodata.name        msh.o
    0x08007572   0x08007572   0x0000000b   Data   RO         3878    .rodata.name        msh.o
    0x0800757d   0x0800757d   0x00000025   Data   RO         3879    .rodata.name        msh.o
    0x080075a2   0x080075a2   0x00000009   Data   RO         4600    .rodata.name        mem.o
    0x080075ab   0x080075ab   0x0000001e   Data   RO         4601    .rodata.name        mem.o
    0x080075c9   0x080075c9   0x00000003   PAD
    0x080075cc   0x080075cc   0x00000004   Data   RO         4124    .rti_fn.0           components.o
    0x080075d0   0x080075d0   0x00000004   Data   RO         4125    .rti_fn.0.end       components.o
    0x080075d4   0x080075d4   0x00000004   Data   RO         5042    .rti_fn.1           board.o
    0x080075d8   0x080075d8   0x00000004   Data   RO         4126    .rti_fn.1.end       components.o
    0x080075dc   0x080075dc   0x00000004   Data   RO         3945    .rti_fn.6           shell.o
    0x080075e0   0x080075e0   0x00000004   Data   RO         4127    .rti_fn.6.end       components.o
    0x080075e4   0x080075e4   0x00000018   Data   RO         3235    FSymTab             app_pid_test.o
    0x080075fc   0x080075fc   0x00000024   Data   RO         3490    FSymTab             cmd.o
    0x08007620   0x08007620   0x000000a8   Data   RO         3774    FSymTab             cmd_1.o
    0x080076c8   0x080076c8   0x00000024   Data   RO         3880    FSymTab             msh.o
    0x080076ec   0x080076ec   0x0000000c   Data   RO         4602    FSymTab             mem.o
    0x080076f8   0x080076f8   0x00000020   Data   RO         5551    Region$$Table       anon$$obj.o


    Execution Region RW_IRAM1 (Exec base: 0x20000000, Load base: 0x08007718, Size: 0x00006b08, Max: 0x00010000, ABSOLUTE, COMPRESSED[0x000000f8])

    Exec Addr    Load Addr    Size         Type   Attr      Idx    E Section Name        Object

    0x20000000   COMPRESSED   0x0000000c   Data   RW          860    .data               stm32f1xx_hal.o
    0x2000000c   COMPRESSED   0x00000004   Data   RW         3152    .data               system_stm32f1xx.o
    0x20000010   COMPRESSED   0x00000004   Data   RW         3190    .data               bsp_lora.o
    0x20000014   COMPRESSED   0x00000368   Data   RW         3230    .data               app_pid_test.o
    0x2000037c   COMPRESSED   0x00000018   Data   RW         3944    .data               shell.o
    0x20000394   COMPRESSED   0x00000004   Data   RW         4023    .data               cpuport.o
    0x20000398   COMPRESSED   0x00000004   Data   RW         4024    .data               cpuport.o
    0x2000039c   COMPRESSED   0x00000004   Data   RW         4025    .data               cpuport.o
    0x200003a0   COMPRESSED   0x00000004   Data   RW         4026    .data               cpuport.o
    0x200003a4   COMPRESSED   0x00000004   Data   RW         4081    .data               clock.o
    0x200003a8   COMPRESSED   0x00000001   Data   RW         4386    .data               irq.o
    0x200003a9   COMPRESSED   0x00000003   PAD
    0x200003ac   COMPRESSED   0x00000018   Data   RW         4599    .data               mem.o
    0x200003c4   COMPRESSED   0x00000050   Data   RW         4669    .data               object.o
    0x20000414   COMPRESSED   0x00000014   Data   RW         4752    .data               scheduler.o
    0x20000428   COMPRESSED   0x0000000c   Data   RW         4950    .data               timer.o
    0x20000434   COMPRESSED   0x00000004   Data   RW         5510    .data               mc_w.l(stdout.o)
    0x20000438   COMPRESSED   0x00000004   Data   RW         5515    .data               mc_w.l(mvars.o)
    0x2000043c   COMPRESSED   0x00000004   Data   RW         5516    .data               mc_w.l(mvars.o)
    0x20000440   COMPRESSED   0x00000004   Data   RW         5520    .data               mc_w.l(errno.o)
    0x20000444        -       0x00000058   Zero   RW          245    .bss                spi.o
    0x2000049c        -       0x00000048   Zero   RW          287    .bss                usart.o
    0x200004e4        -       0x00000048   Zero   RW          441    .bss                stm32f1xx_hal_timebase_tim.o
    0x2000052c   COMPRESSED   0x00000004   PAD
    0x20000530        -       0x00000138   Zero   RW         3189    .bss                bsp_lora.o
    0x20000668        -       0x00000101   Zero   RW         3943    .bss                shell.o
    0x20000769   COMPRESSED   0x00000003   PAD
    0x2000076c        -       0x00000178   Zero   RW         4185    .bss                idle.o
    0x200008e4        -       0x00000100   Zero   RW         4440    .bss                kservice.o
    0x200009e4        -       0x00000020   Zero   RW         4598    .bss                mem.o
    0x20000a04        -       0x00000100   Zero   RW         4751    .bss                scheduler.o
    0x20000b04        -       0x00003c00   Zero   RW         5041    .bss                board.o
    0x20004704   COMPRESSED   0x00000004   PAD
    0x20004708        -       0x00002000   Zero   RW            2    HEAP                startup_stm32f103xe.o
    0x20006708        -       0x00000400   Zero   RW            1    STACK               startup_stm32f103xe.o


==============================================================================

Image component sizes


      Code (inc. data)   RO Data    RW Data    ZI Data      Debug   Object Name

       880        340         98        872          0       5406   app_pid_test.o
       188         22          4          0      15360      28433   board.o
       552        252          0          4        312       2675   bsp_lora.o
       106         12          0          4          0       1732   clock.o
       504        304        157          0          0       3167   cmd.o
      1986        758        729          0          0      16140   cmd_1.o
       182         28         16          0          0       5630   components.o
       244         28          0          0          0        832   context_rvds.o
      1340        718          0         16          0       5502   cpuport.o
        44          6          0          0          0        968   finsh_port.o
      2180         64          0          0          0      19770   fuzzypid.o
       244         20          0          0          0        955   gpio.o
       138         22          0          0        376       4922   idle.o
       722          0          0          0          0       9450   ipc.o
        56         12          0          1          0       1538   irq.o
      1438        160        290          0        256      10797   kservice.o
       410        196          0          0          0     506691   main.o
       826        248         51         24         32       5167   mem.o
       780        162        154          0          0       8320   msh.o
       312          6          0         80          0       8208   object.o
       416         56          0         20        256       8010   scheduler.o
       928        134          4         24        257       9376   shell.o
       200         24          0          0         88       1625   spi.o
        36          8        304          0       9216        792   startup_stm32f103xe.o
        64         14          0         12          0       5190   stm32f1xx_hal.o
       158         14          0          0          0      28138   stm32f1xx_hal_cortex.o
       374          8          0          0          0       1807   stm32f1xx_hal_dma.o
       566         48          0          0          0       5188   stm32f1xx_hal_gpio.o
        60          8          0          0          0        850   stm32f1xx_hal_msp.o
      1304         94         18          0          0       5681   stm32f1xx_hal_rcc.o
      1516          8          0          0          0       8600   stm32f1xx_hal_spi.o
       668         42          0          0          0       7116   stm32f1xx_hal_tim.o
         4          0          0          0          0       1557   stm32f1xx_hal_tim_ex.o
       116         16          0          0         72       1395   stm32f1xx_hal_timebase_tim.o
      1474         10          0          0          0       9964   stm32f1xx_hal_uart.o
        72         18          0          0          0       4684   stm32f1xx_it.o
      1168          8         27          0          0      16411   sx1278.o
       210          0          0          0          0       4157   sx1278_hw.o
       106         22         24          4          0       1711   system_stm32f1xx.o
      1078         54          0          0          0      14441   thread.o
       550         20          0         12          0      10696   timer.o
       184         20          0          0         72       1654   usart.o

    ----------------------------------------------------------------------
     24446       3984       1914       1076      26308     795346   Object Totals
         0          0         32          0          0          0   (incl. Generated)
        62          0          6          3         11          0   (incl. Padding)

    ----------------------------------------------------------------------

      Code (inc. data)   RO Data    RW Data    ZI Data      Debug   Library Member Name

       368         46         48          0          0        156   expf.o
        40          0          0          0          0         80   fmaxf.o
        40          0          0          0          0         80   fminf.o
        38          0          0          0          0         68   fpclassifyf.o
        48          0          0          0          0        408   funder.o
      1568         80        320          0          0        224   powf.o
        86          0          0          0          0          0   __dczerorl2.o
         0          0          0          0          0          0   entry.o
         0          0          0          0          0          0   entry10a.o
         0          0          0          0          0          0   entry11a.o
         4          0          0          0          0          0   entry12b.o
         8          4          0          0          0          0   entry2.o
         4          0          0          0          0          0   entry5.o
         0          0          0          0          0          0   entry7b.o
         0          0          0          0          0          0   entry8b.o
         8          4          0          0          0          0   entry9a.o
        12          6          0          4          0         68   errno.o
        18          0          0          0          0         80   fputc.o
        30          0          0          0          0          0   handlers.o
        36          8          0          0          0         68   init.o
         0          0          0          0          0          0   iusefp.o
         0          0          0          0          0          0   iusesemip.o
        30          0          0          0          0         68   llshl.o
        32          0          0          0          0         68   llushr.o
       188         20          0          0          0        160   malloc.o
        36          0          0          0          0         68   memcpya.o
        36          0          0          0          0        108   memseta.o
         0          0          0          8          0          0   mvars.o
        50          8          0          0          0        152   printfb.o
         0          0          0          0          0          0   semi.o
         0          0          0          4          0          0   stdout.o
        24          0          0          0          0         68   strcat.o
        28          0          0          0          0         76   strcmp.o
        18          0          0          0          0         68   strcpy.o
        14          0          0          0          0         68   strlen.o
        30          0          0          0          0         80   strncmp.o
        24          0          0          0          0         76   strncpy.o
        98          0          0          0          0         92   uldiv.o
        20          0          0          0          0         68   cfcmple.o
        20          0          0          0          0         68   cfrcmple.o
       176          0          0          0          0        140   fadd.o
        54          0          0          0          0         68   fcmp4.o
       124          0          0          0          0         88   fdiv.o
       110          0          0          0          0        168   fepilogue.o
        50          0          0          0          0         68   ffixi.o
        76          0          0          0          0         76   ffixir.o
        18          0          0          0          0         68   fflti.o
       100          0          0          0          0         76   fmul.o
         4          0          0          0          0         68   fpstat.o
        60          0          0          0          0         76   frnd.o
        24          0          0          0          0         68   fscalb.o

    ----------------------------------------------------------------------
      3760        176        368         16          0       3484   Library Totals
         8          0          0          0          0          0   (incl. Padding)

    ----------------------------------------------------------------------

      Code (inc. data)   RO Data    RW Data    ZI Data      Debug   Library Name

      2102        126        368          0          0       1016   m_ws.l
       814         50          0         16          0       1368   mc_w.l
       836          0          0          0          0       1100   mf_w.l

    ----------------------------------------------------------------------
      3760        176        368         16          0       3484   Library Totals

    ----------------------------------------------------------------------

==============================================================================


      Code (inc. data)   RO Data    RW Data    ZI Data      Debug   

     28206       4160       2282       1092      26308     783670   Grand Totals
     28206       4160       2282        248      26308     783670   ELF Image Totals (compressed)
     28206       4160       2282        248          0          0   ROM Totals

==============================================================================

    Total RO  Size (Code + RO Data)                30488 (  29.77kB)
    Total RW  Size (RW Data + ZI Data)             27400 (  26.76kB)
    Total ROM Size (Code + RO Data + RW Data)      30736 (  30.02kB)

==============================================================================

